../Core/Src/main.c:98:5:main	8	static
../Core/Src/main.c:186:6:SystemClock_Config	88	static
../Core/Src/main.c:233:13:MX_ADC1_Init	24	static
../Core/Src/main.c:280:13:MX_TIM1_Init	96	static
../Core/Src/main.c:355:13:MX_TIM2_Init	64	static
../Core/Src/main.c:414:13:MX_TIM3_Init	64	static
../Core/Src/main.c:471:13:MX_DMA_Init	16	static
../Core/Src/main.c:489:13:MX_GPIO_Init	40	static
../Core/Src/main.c:551:6:mainMachine	32	static
../Core/Src/main.c:604:6:HAL_ADC_ConvCpltCallback	24	static
../Core/Src/main.c:625:6:Error_Handler	4	static,ignoring_inline_asm
