Archive member included to satisfy reference by file (symbol)

c:/st/stm32cubeide_1.10.1/stm32cubeide/plugins/com.st.stm32cube.ide.mcu.externaltools.gnu-tools-for-stm32.10.3-2021.10.win32_1.0.0.202111181127/tools/bin/../lib/gcc/arm-none-eabi/10.3.1/../../../../arm-none-eabi/lib/thumb/v7-m/nofp\libm.a(lib_a-w_pow.o)
                              ./Core/Src/sharp.o (pow)
c:/st/stm32cubeide_1.10.1/stm32cubeide/plugins/com.st.stm32cube.ide.mcu.externaltools.gnu-tools-for-stm32.10.3-2021.10.win32_1.0.0.202111181127/tools/bin/../lib/gcc/arm-none-eabi/10.3.1/../../../../arm-none-eabi/lib/thumb/v7-m/nofp\libm.a(lib_a-e_pow.o)
                              c:/st/stm32cubeide_1.10.1/stm32cubeide/plugins/com.st.stm32cube.ide.mcu.externaltools.gnu-tools-for-stm32.10.3-2021.10.win32_1.0.0.202111181127/tools/bin/../lib/gcc/arm-none-eabi/10.3.1/../../../../arm-none-eabi/lib/thumb/v7-m/nofp\libm.a(lib_a-w_pow.o) (__ieee754_pow)
c:/st/stm32cubeide_1.10.1/stm32cubeide/plugins/com.st.stm32cube.ide.mcu.externaltools.gnu-tools-for-stm32.10.3-2021.10.win32_1.0.0.202111181127/tools/bin/../lib/gcc/arm-none-eabi/10.3.1/../../../../arm-none-eabi/lib/thumb/v7-m/nofp\libm.a(lib_a-e_sqrt.o)
                              c:/st/stm32cubeide_1.10.1/stm32cubeide/plugins/com.st.stm32cube.ide.mcu.externaltools.gnu-tools-for-stm32.10.3-2021.10.win32_1.0.0.202111181127/tools/bin/../lib/gcc/arm-none-eabi/10.3.1/../../../../arm-none-eabi/lib/thumb/v7-m/nofp\libm.a(lib_a-e_pow.o) (__ieee754_sqrt)
c:/st/stm32cubeide_1.10.1/stm32cubeide/plugins/com.st.stm32cube.ide.mcu.externaltools.gnu-tools-for-stm32.10.3-2021.10.win32_1.0.0.202111181127/tools/bin/../lib/gcc/arm-none-eabi/10.3.1/../../../../arm-none-eabi/lib/thumb/v7-m/nofp\libm.a(lib_a-math_err.o)
                              c:/st/stm32cubeide_1.10.1/stm32cubeide/plugins/com.st.stm32cube.ide.mcu.externaltools.gnu-tools-for-stm32.10.3-2021.10.win32_1.0.0.202111181127/tools/bin/../lib/gcc/arm-none-eabi/10.3.1/../../../../arm-none-eabi/lib/thumb/v7-m/nofp\libm.a(lib_a-e_pow.o) (__math_uflow)
c:/st/stm32cubeide_1.10.1/stm32cubeide/plugins/com.st.stm32cube.ide.mcu.externaltools.gnu-tools-for-stm32.10.3-2021.10.win32_1.0.0.202111181127/tools/bin/../lib/gcc/arm-none-eabi/10.3.1/../../../../arm-none-eabi/lib/thumb/v7-m/nofp\libm.a(lib_a-s_fabs.o)
                              c:/st/stm32cubeide_1.10.1/stm32cubeide/plugins/com.st.stm32cube.ide.mcu.externaltools.gnu-tools-for-stm32.10.3-2021.10.win32_1.0.0.202111181127/tools/bin/../lib/gcc/arm-none-eabi/10.3.1/../../../../arm-none-eabi/lib/thumb/v7-m/nofp\libm.a(lib_a-e_pow.o) (fabs)
c:/st/stm32cubeide_1.10.1/stm32cubeide/plugins/com.st.stm32cube.ide.mcu.externaltools.gnu-tools-for-stm32.10.3-2021.10.win32_1.0.0.202111181127/tools/bin/../lib/gcc/arm-none-eabi/10.3.1/../../../../arm-none-eabi/lib/thumb/v7-m/nofp\libm.a(lib_a-s_finite.o)
                              c:/st/stm32cubeide_1.10.1/stm32cubeide/plugins/com.st.stm32cube.ide.mcu.externaltools.gnu-tools-for-stm32.10.3-2021.10.win32_1.0.0.202111181127/tools/bin/../lib/gcc/arm-none-eabi/10.3.1/../../../../arm-none-eabi/lib/thumb/v7-m/nofp\libm.a(lib_a-w_pow.o) (finite)
c:/st/stm32cubeide_1.10.1/stm32cubeide/plugins/com.st.stm32cube.ide.mcu.externaltools.gnu-tools-for-stm32.10.3-2021.10.win32_1.0.0.202111181127/tools/bin/../lib/gcc/arm-none-eabi/10.3.1/../../../../arm-none-eabi/lib/thumb/v7-m/nofp\libm.a(lib_a-s_scalbn.o)
                              c:/st/stm32cubeide_1.10.1/stm32cubeide/plugins/com.st.stm32cube.ide.mcu.externaltools.gnu-tools-for-stm32.10.3-2021.10.win32_1.0.0.202111181127/tools/bin/../lib/gcc/arm-none-eabi/10.3.1/../../../../arm-none-eabi/lib/thumb/v7-m/nofp\libm.a(lib_a-e_pow.o) (scalbn)
c:/st/stm32cubeide_1.10.1/stm32cubeide/plugins/com.st.stm32cube.ide.mcu.externaltools.gnu-tools-for-stm32.10.3-2021.10.win32_1.0.0.202111181127/tools/bin/../lib/gcc/arm-none-eabi/10.3.1/../../../../arm-none-eabi/lib/thumb/v7-m/nofp\libc_nano.a(lib_a-errno.o)
                              ./Core/Src/syscalls.o (__errno)
c:/st/stm32cubeide_1.10.1/stm32cubeide/plugins/com.st.stm32cube.ide.mcu.externaltools.gnu-tools-for-stm32.10.3-2021.10.win32_1.0.0.202111181127/tools/bin/../lib/gcc/arm-none-eabi/10.3.1/../../../../arm-none-eabi/lib/thumb/v7-m/nofp\libc_nano.a(lib_a-exit.o)
                              c:/st/stm32cubeide_1.10.1/stm32cubeide/plugins/com.st.stm32cube.ide.mcu.externaltools.gnu-tools-for-stm32.10.3-2021.10.win32_1.0.0.202111181127/tools/bin/../lib/gcc/arm-none-eabi/10.3.1/../../../../arm-none-eabi/lib/thumb/v7-m/nofp/crt0.o (exit)
c:/st/stm32cubeide_1.10.1/stm32cubeide/plugins/com.st.stm32cube.ide.mcu.externaltools.gnu-tools-for-stm32.10.3-2021.10.win32_1.0.0.202111181127/tools/bin/../lib/gcc/arm-none-eabi/10.3.1/../../../../arm-none-eabi/lib/thumb/v7-m/nofp\libc_nano.a(lib_a-impure.o)
[...]
Memory Configuration

Name             Origin             Length             Attributes
RAM              0x0000000020000000 0x0000000000005000 xrw
FLASH            0x0000000008000000 0x0000000000010000 xr
*default*        0x0000000000000000 0xffffffffffffffff

Linker script and memory map

LOAD c:/st/stm32cubeide_1.10.1/stm32cubeide/plugins/com.st.stm32cube.ide.mcu.externaltools.gnu-tools-for-stm32.10.3-2021.10.win32_1.0.0.202111181127/tools/bin/../lib/gcc/arm-none-eabi/10.3.1/thumb/v7-m/nofp/crti.o
LOAD c:/st/stm32cubeide_1.10.1/stm32cubeide/plugins/com.st.stm32cube.ide.mcu.externaltools.gnu-tools-for-stm32.10.3-2021.10.win32_1.0.0.202111181127/tools/bin/../lib/gcc/arm-none-eabi/10.3.1/thumb/v7-m/nofp/crtbegin.o
LOAD c:/st/stm32cubeide_1.10.1/stm32cubeide/plugins/com.st.stm32cube.ide.mcu.externaltools.gnu-tools-for-stm32.10.3-2021.10.win32_1.0.0.202111181127/tools/bin/../lib/gcc/arm-none-eabi/10.3.1/../../../../arm-none-eabi/lib/thumb/v7-m/nofp/crt0.o
LOAD ./Core/Src/FLASH_PAGE_F1.o
LOAD ./Core/Src/adc.o
LOAD ./Core/Src/dma.o
LOAD ./Core/Src/gpio.o
LOAD ./Core/Src/main.o
LOAD ./Core/Src/mazeAlgorithim.o
LOAD ./Core/Src/motors.o
LOAD ./Core/Src/sharp.o
LOAD ./Core/Src/stm32f1xx_hal_msp.o
LOAD ./Core/Src/stm32f1xx_it.o
LOAD ./Core/Src/syscalls.o
LOAD ./Core/Src/sysmem.o
LOAD ./Core/Src/system_stm32f1xx.o
LOAD ./Core/Src/tim.o
LOAD ./Core/Src/usart.o
LOAD ./Core/Startup/startup_stm32f103c8tx.o
LOAD ./Drivers/STM32F1xx_HAL_Driver/Src/stm32f1xx_hal.o
LOAD ./Drivers/STM32F1xx_HAL_Driver/Src/stm32f1xx_hal_adc.o
LOAD ./Drivers/STM32F1xx_HAL_Driver/Src/stm32f1xx_hal_adc_ex.o
LOAD ./Drivers/STM32F1xx_HAL_Driver/Src/stm32f1xx_hal_cortex.o
LOAD ./Drivers/STM32F1xx_HAL_Driver/Src/stm32f1xx_hal_dma.o
LOAD ./Drivers/STM32F1xx_HAL_Driver/Src/stm32f1xx_hal_exti.o
LOAD ./Drivers/STM32F1xx_HAL_Driver/Src/stm32f1xx_hal_flash.o
LOAD ./Drivers/STM32F1xx_HAL_Driver/Src/stm32f1xx_hal_flash_ex.o
LOAD ./Drivers/STM32F1xx_HAL_Driver/Src/stm32f1xx_hal_gpio.o
LOAD ./Drivers/STM32F1xx_HAL_Driver/Src/stm32f1xx_hal_gpio_ex.o
LOAD ./Drivers/STM32F1xx_HAL_Driver/Src/stm32f1xx_hal_pwr.o
LOAD ./Drivers/STM32F1xx_HAL_Driver/Src/stm32f1xx_hal_rcc.o
LOAD ./Drivers/STM32F1xx_HAL_Driver/Src/stm32f1xx_hal_rcc_ex.o
LOAD ./Drivers/STM32F1xx_HAL_Driver/Src/stm32f1xx_hal_tim.o
LOAD ./Drivers/STM32F1xx_HAL_Driver/Src/stm32f1xx_hal_tim_ex.o
LOAD ./Drivers/STM32F1xx_HAL_Driver/Src/stm32f1xx_hal_uart.o
START GROUP
LOAD c:/st/stm32cubeide_1.10.1/stm32cubeide/plugins/com.st.stm32cube.ide.mcu.externaltools.gnu-tools-for-stm32.10.3-2021.10.win32_1.0.0.202111181127/tools/bin/../lib/gcc/arm-none-eabi/10.3.1/../../../../arm-none-eabi/lib/thumb/v7-m/nofp\libstdc++_nano.a
LOAD c:/st/stm32cubeide_1.10.1/stm32cubeide/plugins/com.st.stm32cube.ide.mcu.externaltools.gnu-tools-for-stm32.10.3-2021.10.win32_1.0.0.202111181127/tools/bin/../lib/gcc/arm-none-eabi/10.3.1/../../../../arm-none-eabi/lib/thumb/v7-m/nofp\libsupc++_nano.a
END GROUP
LOAD c:/st/stm32cubeide_1.10.1/stm32cubeide/plugins/com.st.stm32cube.ide.mcu.externaltools.gnu-tools-for-stm32.10.3-2021.10.win32_1.0.0.202111181127/tools/bin/../lib/gcc/arm-none-eabi/10.3.1/../../../../arm-none-eabi/lib/thumb/v7-m/nofp\libstdc++_nano.a
LOAD c:/st/stm32cubeide_1.10.1/stm32cubeide/plugins/com.st.stm32cube.ide.mcu.externaltools.gnu-tools-for-stm32.10.3-2021.10.win32_1.0.0.202111181127/tools/bin/../lib/gcc/arm-none-eabi/10.3.1/../../../../arm-none-eabi/lib/thumb/v7-m/nofp\libm.a
LOAD c:/st/stm32cubeide_1.10.1/stm32cubeide/plugins/com.st.stm32cube.ide.mcu.externaltools.gnu-tools-for-stm32.10.3-2021.10.win32_1.0.0.202111181127/tools/bin/../lib/gcc/arm-none-eabi/10.3.1/../../../../arm-none-eabi/lib/thumb/v7-m/nofp\libc_nano.a
START GROUP
LOAD c:/st/stm32cubeide_1.10.1/stm32cubeide/plugins/com.st.stm32cube.ide.mcu.externaltools.gnu-tools-for-stm32.10.3-2021.10.win32_1.0.0.202111181127/tools/bin/../lib/gcc/arm-none-eabi/10.3.1/thumb/v7-m/nofp\libgcc.a
LOAD c:/st/stm32cubeide_1.10.1/stm32cubeide/plugins/com.st.stm32cube.ide.mcu.externaltools.gnu-tools-for-stm32.10.3-2021.10.win32_1.0.0.202111181127/tools/bin/../lib/gcc/arm-none-eabi/10.3.1/../../../../arm-none-eabi/lib/thumb/v7-m/nofp\libc_nano.a
END GROUP
START GROUP
LOAD c:/st/stm32cubeide_1.10.1/stm32cubeide/plugins/com.st.stm32cube.ide.mcu.externaltools.gnu-tools-for-stm32.10.3-2021.10.win32_1.0.0.202111181127/tools/bin/../lib/gcc/arm-none-eabi/10.3.1/thumb/v7-m/nofp\libgcc.a
LOAD c:/st/stm32cubeide_1.10.1/stm32cubeide/plugins/com.st.stm32cube.ide.mcu.externaltools.gnu-tools-for-stm32.10.3-2021.10.win32_1.0.0.202111181127/tools/bin/../lib/gcc/arm-none-eabi/10.3.1/../../../../arm-none-eabi/lib/thumb/v7-m/nofp\libc_nano.a
LOAD c:/st/stm32cubeide_1.10.1/stm32cubeide/plugins/com.st.stm32cube.ide.mcu.externaltools.gnu-tools-for-stm32.10.3-2021.10.win32_1.0.0.202111181127/tools/bin/../lib/gcc/arm-none-eabi/10.3.1/../../../../arm-none-eabi/lib/thumb/v7-m/nofp\libnosys.a
END GROUP
START GROUP
LOAD c:/st/stm32cubeide_1.10.1/stm32cubeide/plugins/com.st.stm32cube.ide.mcu.externaltools.gnu-tools-for-stm32.10.3-2021.10.win32_1.0.0.202111181127/tools/bin/../lib/gcc/arm-none-eabi/10.3.1/thumb/v7-m/nofp\libgcc.a
LOAD c:/st/stm32cubeide_1.10.1/stm32cubeide/plugins/com.st.stm32cube.ide.mcu.externaltools.gnu-tools-for-stm32.10.3-2021.10.win32_1.0.0.202111181127/tools/bin/../lib/gcc/arm-none-eabi/10.3.1/../../../../arm-none-eabi/lib/thumb/v7-m/nofp\libc_nano.a
LOAD c:/st/stm32cubeide_1.10.1/stm32cubeide/plugins/com.st.stm32cube.ide.mcu.externaltools.gnu-tools-for-stm32.10.3-2021.10.win32_1.0.0.202111181127/tools/bin/../lib/gcc/arm-none-eabi/10.3.1/../../../../arm-none-eabi/lib/thumb/v7-m/nofp\libnosys.a
END GROUP
LOAD c:/st/stm32cubeide_1.10.1/stm32cubeide/plugins/com.st.stm32cube.ide.mcu.externaltools.gnu-tools-for-stm32.10.3-2021.10.win32_1.0.0.202111181127/tools/bin/../lib/gcc/arm-none-eabi/10.3.1/thumb/v7-m/nofp/crtend.o
LOAD c:/st/stm32cubeide_1.10.1/stm32cubeide/plugins/com.st.stm32cube.ide.mcu.externaltools.gnu-tools-for-stm32.10.3-2021.10.win32_1.0.0.202111181127/tools/bin/../lib/gcc/arm-none-eabi/10.3.1/thumb/v7-m/nofp/crtn.o
                0x0000000020005000                _estack = (ORIGIN (RAM) + LENGTH (RAM))
                0x0000000000000200                _Min_Heap_Size = 0x200
                0x0000000000000400                _Min_Stack_Size = 0x400

.isr_vector     0x0000000008000000      0x10c
                0x0000000008000000                . = ALIGN (0x4)
 *(.isr_vector)
 .isr_vector    0x0000000008000000      0x10c ./Core/Startup/startup_stm32f103c8tx.o
                0x0000000008000000                g_pfnVectors
                0x000000000800010c                . = ALIGN (0x4)

.text           0x0000000008000110     0x78f0
                0x0000000008000110                . = ALIGN (0x4)
 *(.text)
 .text          0x0000000008000110       0x40 c:/st/stm32cubeide_1.10.1/stm32cubeide/plugins/com.st.stm32cube.ide.mcu.externaltools.gnu-tools-for-stm32.10.3-2021.10.win32_1.0.0.202111181127/tools/bin/../lib/gcc/arm-none-eabi/10.3.1/thumb/v7-m/nofp/crtbegin.o
 .text          0x0000000008000150       0x10 c:/st/stm32cubeide_1.10.1/stm32cubeide/plugins/com.st.stm32cube.ide.mcu.externaltools.gnu-tools-for-stm32.10.3-2021.10.win32_1.0.0.202111181127/tools/bin/../lib/gcc/arm-none-eabi/10.3.1/../../../../arm-none-eabi/lib/thumb/v7-m/nofp\libc_nano.a(lib_a-strlen.o)
                0x0000000008000150                strlen
 .text          0x0000000008000160      0x378 c:/st/stm32cubeide_1.10.1/stm32cubeide/plugins/com.st.stm32cube.ide.mcu.externaltools.gnu-tools-for-stm32.10.3-2021.10.win32_1.0.0.202111181127/tools/bin/../lib/gcc/arm-none-eabi/10.3.1/thumb/v7-m/nofp\libgcc.a(_arm_addsubdf3.o)
                0x0000000008000160                __aeabi_drsub
                0x0000000008000168                __aeabi_dsub
                0x0000000008000168                __subdf3
                0x000000000800016c                __aeabi_dadd
                0x000000000800016c                __adddf3
                0x00000000080003e4                __floatunsidf
                0x00000000080003e4                __aeabi_ui2d
                0x0000000008000404                __floatsidf
                0x0000000008000404                __aeabi_i2d
                0x0000000008000428                __aeabi_f2d
                0x0000000008000428                __extendsfdf2
                0x000000000800046c                __floatundidf
                0x000000000800046c                __aeabi_ul2d
                0x000000000800047c                __floatdidf
                0x000000000800047c                __aeabi_l2d
 .text          0x00000000080004d8      0x424 c:/st/stm32cubeide_1.10.1/stm32cubeide/plugins/com.st.stm32cube.ide.mcu.externaltools.gnu-tools-for-stm32.10.3-2021.10.win32_1.0.0.202111181127/tools/bin/../lib/gcc/arm-none-eabi/10.3.1/thumb/v7-m/nofp\libgcc.a(_arm_muldivdf3.o)
                0x00000000080004d8                __aeabi_dmul
                0x00000000080004d8                __muldf3
                0x000000000800072c                __divdf3
                0x000000000800072c                __aeabi_ddiv
 .text          0x00000000080008fc      0x110 c:/st/stm32cubeide_1.10.1/stm32cubeide/plugins/com.st.stm32cube.ide.mcu.externaltools.gnu-tools-for-stm32.10.3-2021.10.win32_1.0.0.202111181127/tools/bin/../lib/gcc/arm-none-eabi/10.3.1/thumb/v7-m/nofp\libgcc.a(_arm_cmpdf2.o)
                0x00000000080008fc                __gtdf2
                0x00000000080008fc                __gedf2
                0x0000000008000904                __ltdf2
                0x0000000008000904                __ledf2
                0x000000000800090c                __nedf2
                0x000000000800090c                __eqdf2
                0x000000000800090c                __cmpdf2
                0x0000000008000988                __aeabi_cdrcmple
                0x0000000008000998                __aeabi_cdcmpeq
                0x0000000008000998                __aeabi_cdcmple
                0x00000000080009a8                __aeabi_dcmpeq
                0x00000000080009bc                __aeabi_dcmplt
                0x00000000080009d0                __aeabi_dcmple
                0x00000000080009e4                __aeabi_dcmpge
                0x00000000080009f8                __aeabi_dcmpgt
 .text          0x0000000008000a0c       0x2c c:/st/stm32cubeide_1.10.1/stm32cubeide/plugins/com.st.stm32cube.ide.mcu.externaltools.gnu-tools-for-stm32.10.3-2021.10.win32_1.0.0.202111181127/tools/bin/../lib/gcc/arm-none-eabi/10.3.1/thumb/v7-m/nofp\libgcc.a(_arm_unorddf2.o)
                0x0000000008000a0c                __unorddf2
                0x0000000008000a0c                __aeabi_dcmpun
 .text          0x0000000008000a38       0xa0 c:/st/stm32cubeide_1.10.1/stm32cubeide/plugins/com.st.stm32cube.ide.mcu.externaltools.gnu-tools-for-stm32.10.3-2021.10.win32_1.0.0.202111181127/tools/bin/../lib/gcc/arm-none-eabi/10.3.1/thumb/v7-m/nofp\libgcc.a(_arm_truncdfsf2.o)
                0x0000000008000a38                __truncdfsf2
                0x0000000008000a38                __aeabi_d2f
 .text          0x0000000008000ad8      0x21c c:/st/stm32cubeide_1.10.1/stm32cubeide/plugins/com.st.stm32cube.ide.mcu.externaltools.gnu-tools-for-stm32.10.3-2021.10.win32_1.0.0.202111181127/tools/bin/../lib/gcc/arm-none-eabi/10.3.1/thumb/v7-m/nofp\libgcc.a(_arm_addsubsf3.o)
                0x0000000008000ad8                __aeabi_frsub
                0x0000000008000ae0                __subsf3
                0x0000000008000ae0                __aeabi_fsub
                0x0000000008000ae4                __aeabi_fadd
                0x0000000008000ae4                __addsf3
                0x0000000008000c44                __aeabi_ui2f
                0x0000000008000c44                __floatunsisf
                0x0000000008000c4c                __aeabi_i2f
                0x0000000008000c4c                __floatsisf
                0x0000000008000c68                __aeabi_ul2f
                0x0000000008000c68                __floatundisf
                0x0000000008000c78                __aeabi_l2f
                0x0000000008000c78                __floatdisf
 .text          0x0000000008000cf4      0x2a0 c:/st/stm32cubeide_1.10.1/stm32cubeide/plugins/com.st.stm32cube.ide.mcu.externaltools.gnu-tools-for-stm32.10.3-2021.10.win32_1.0.0.202111181127/tools/bin/../lib/gcc/arm-none-eabi/10.3.1/thumb/v7-m/nofp\libgcc.a(_arm_muldivsf3.o)
                0x0000000008000cf4                __mulsf3
                0x0000000008000cf4                __aeabi_fmul
                0x0000000008000e5c                __aeabi_fdiv
                0x0000000008000e5c                __divsf3
 .text          0x0000000008000f94       0xec c:/st/stm32cubeide_1.10.1/stm32cubeide/plugins/com.st.stm32cube.ide.mcu.externaltools.gnu-tools-for-stm32.10.3-2021.10.win32_1.0.0.202111181127/tools/bin/../lib/gcc/arm-none-eabi/10.3.1/thumb/v7-m/nofp\libgcc.a(_arm_cmpsf2.o)
                0x0000000008000f94                __gesf2
                0x0000000008000f94                __gtsf2
                0x0000000008000f9c                __lesf2
                0x0000000008000f9c                __ltsf2
                0x0000000008000fa4                __nesf2
                0x0000000008000fa4                __eqsf2
                0x0000000008000fa4                __cmpsf2
                0x0000000008001004                __aeabi_cfrcmple
                0x000000000800100c                __aeabi_cfcmpeq
                0x000000000800100c                __aeabi_cfcmple
                0x000000000800101c                __aeabi_fcmpeq
                0x0000000008001030                __aeabi_fcmplt
                0x0000000008001044                __aeabi_fcmple
                0x0000000008001058                __aeabi_fcmpge
                0x000000000800106c                __aeabi_fcmpgt
 .text          0x0000000008001080       0x4c c:/st/stm32cubeide_1.10.1/stm32cubeide/plugins/com.st.stm32cube.ide.mcu.externaltools.gnu-tools-for-stm32.10.3-2021.10.win32_1.0.0.202111181127/tools/bin/../lib/gcc/arm-none-eabi/10.3.1/thumb/v7-m/nofp\libgcc.a(_arm_fixsfsi.o)
                0x0000000008001080                __aeabi_f2iz
                0x0000000008001080                __fixsfsi
 *(.text*)
 .text.GetPage  0x00000000080010cc       0x4e ./Core/Src/FLASH_PAGE_F1.o
 *fill*         0x000000000800111a        0x2 
 .text.Flash_Write_Data
                0x000000000800111c       0xb8 ./Core/Src/FLASH_PAGE_F1.o
                0x000000000800111c                Flash_Write_Data
 .text.Flash_Read_Data
                0x00000000080011d4       0x3a ./Core/Src/FLASH_PAGE_F1.o
                0x00000000080011d4                Flash_Read_Data
 .text.Convert_To_Str
                0x000000000800120e       0x80 ./Core/Src/FLASH_PAGE_F1.o
                0x000000000800120e                Convert_To_Str
 *fill*         0x000000000800128e        0x2 
 .text.MX_ADC1_Init
                0x0000000008001290       0xd4 ./Core/Src/adc.o
                0x0000000008001290                MX_ADC1_Init
 .text.HAL_ADC_MspInit
                0x0000000008001364       0xd0 ./Core/Src/adc.o
                0x0000000008001364                HAL_ADC_MspInit
 .text.MX_DMA_Init
                0x0000000008001434       0x3c ./Core/Src/dma.o
                0x0000000008001434                MX_DMA_Init
 .text.MX_GPIO_Init
                0x0000000008001470      0x124 ./Core/Src/gpio.o
                0x0000000008001470                MX_GPIO_Init
 .text.main     0x0000000008001594      0x120 ./Core/Src/main.o
                0x0000000008001594                main
 .text.SystemClock_Config
                0x00000000080016b4       0xb6 ./Core/Src/main.o
                0x00000000080016b4                SystemClock_Config
 *fill*         0x000000000800176a        0x2 
 .text.intUartSend
                0x000000000800176c       0xe0 ./Core/Src/main.o
                0x000000000800176c                intUartSend
 .text.mainMachine
                0x000000000800184c      0x340 ./Core/Src/main.o
                0x000000000800184c                mainMachine
 .text.calibrateMachine
                0x0000000008001b8c      0x228 ./Core/Src/main.o
                0x0000000008001b8c                calibrateMachine
 .text.robotMachine
                0x0000000008001db4      0x31c ./Core/Src/main.o
                0x0000000008001db4                robotMachine
 .text.runDirections
                0x00000000080020d0       0xbc ./Core/Src/main.o
                0x00000000080020d0                runDirections
 .text.addDirection
                0x000000000800218c      0x11c ./Core/Src/main.o
                0x000000000800218c                addDirection
 .text.ChooseNextNode
                0x00000000080022a8      0x3b0 ./Core/Src/main.o
                0x00000000080022a8                ChooseNextNode
 .text.EliminateNode
                0x0000000008002658       0x6c ./Core/Src/main.o
                0x0000000008002658                EliminateNode
 .text.SearchAvailableNode
                0x00000000080026c4      0x1f0 ./Core/Src/main.o
                0x00000000080026c4                SearchAvailableNode
 .text.moveNode
                0x00000000080028b4       0x64 ./Core/Src/main.o
                0x00000000080028b4                moveNode
 .text.movementMachine
                0x0000000008002918      0x380 ./Core/Src/main.o
                0x0000000008002918                movementMachine
 .text.CreateNode
                0x0000000008002c98       0xf0 ./Core/Src/main.o
                0x0000000008002c98                CreateNode
 .text.rotateAxis
                0x0000000008002d88       0x9c ./Core/Src/main.o
                0x0000000008002d88                rotateAxis
 .text.resetAxis
                0x0000000008002e24       0x34 ./Core/Src/main.o
                0x0000000008002e24                resetAxis
 .text.PrintMap
                0x0000000008002e58       0x90 ./Core/Src/main.o
                0x0000000008002e58                PrintMap
 .text.HAL_ADC_ConvCpltCallback
                0x0000000008002ee8       0xc8 ./Core/Src/main.o
                0x0000000008002ee8                HAL_ADC_ConvCpltCallback
 .text.MAP      0x0000000008002fb0       0x36 ./Core/Src/main.o
                0x0000000008002fb0                MAP
 .text.constrain
                0x0000000008002fe6       0x30 ./Core/Src/main.o
                0x0000000008002fe6                constrain
 *fill*         0x0000000008003016        0x2 
 .text.wallDetector
                0x0000000008003018       0x74 ./Core/Src/main.o
                0x0000000008003018                wallDetector
 .text.moveStraight
                0x000000000800308c      0x330 ./Core/Src/main.o
                0x000000000800308c                moveStraight
 .text.btnMachine
                0x00000000080033bc      0x158 ./Core/Src/main.o
                0x00000000080033bc                btnMachine
 .text.Error_Handler
                0x0000000008003514        0xa ./Core/Src/main.o
                0x0000000008003514                Error_Handler
 *fill*         0x000000000800351e        0x2 
 .text.calcularDistancia
                0x0000000008003520       0x4c ./Core/Src/motors.o
                0x0000000008003520                calcularDistancia
 .text.runMotor
                0x000000000800356c       0xd8 ./Core/Src/motors.o
                0x000000000800356c                runMotor
 .text.lecturaSensor
                0x0000000008003644       0xa4 ./Core/Src/sharp.o
                0x0000000008003644                lecturaSensor
 .text.lecSensor
                0x00000000080036e8      0x100 ./Core/Src/sharp.o
                0x00000000080036e8                lecSensor
 .text.lecturaCNY70
                0x00000000080037e8       0x54 ./Core/Src/sharp.o
                0x00000000080037e8                lecturaCNY70
 .text.HAL_MspInit
                0x000000000800383c       0x64 ./Core/Src/stm32f1xx_hal_msp.o
                0x000000000800383c                HAL_MspInit
 .text.NMI_Handler
                0x00000000080038a0        0x6 ./Core/Src/stm32f1xx_it.o
                0x00000000080038a0                NMI_Handler
 .text.HardFault_Handler
                0x00000000080038a6        0x6 ./Core/Src/stm32f1xx_it.o
                0x00000000080038a6                HardFault_Handler
 .text.MemManage_Handler
                0x00000000080038ac        0x6 ./Core/Src/stm32f1xx_it.o
                0x00000000080038ac                MemManage_Handler
 .text.BusFault_Handler
                0x00000000080038b2        0x6 ./Core/Src/stm32f1xx_it.o
                0x00000000080038b2                BusFault_Handler
 .text.UsageFault_Handler
                0x00000000080038b8        0x6 ./Core/Src/stm32f1xx_it.o
                0x00000000080038b8                UsageFault_Handler
 .text.SVC_Handler
                0x00000000080038be        0xc ./Core/Src/stm32f1xx_it.o
                0x00000000080038be                SVC_Handler
 .text.DebugMon_Handler
                0x00000000080038ca        0xc ./Core/Src/stm32f1xx_it.o
                0x00000000080038ca                DebugMon_Handler
 .text.PendSV_Handler
                0x00000000080038d6        0xc ./Core/Src/stm32f1xx_it.o
                0x00000000080038d6                PendSV_Handler
 .text.SysTick_Handler
                0x00000000080038e2        0xc ./Core/Src/stm32f1xx_it.o
                0x00000000080038e2                SysTick_Handler
 *fill*         0x00000000080038ee        0x2 
 .text.DMA1_Channel1_IRQHandler
                0x00000000080038f0       0x14 ./Core/Src/stm32f1xx_it.o
                0x00000000080038f0                DMA1_Channel1_IRQHandler
 .text.SystemInit
                0x0000000008003904        0xc ./Core/Src/system_stm32f1xx.o
                0x0000000008003904                SystemInit
 .text.MX_TIM2_Init
                0x0000000008003910       0xc8 ./Core/Src/tim.o
                0x0000000008003910                MX_TIM2_Init
 .text.MX_TIM3_Init
                0x00000000080039d8       0xa8 ./Core/Src/tim.o
                0x00000000080039d8                MX_TIM3_Init
 .text.MX_TIM4_Init
                0x0000000008003a80       0xa8 ./Core/Src/tim.o
                0x0000000008003a80                MX_TIM4_Init
 .text.HAL_TIM_PWM_MspInit
                0x0000000008003b28       0x38 ./Core/Src/tim.o
                0x0000000008003b28                HAL_TIM_PWM_MspInit
 .text.HAL_TIM_Encoder_MspInit
                0x0000000008003b60       0xf0 ./Core/Src/tim.o
                0x0000000008003b60                HAL_TIM_Encoder_MspInit
 .text.HAL_TIM_MspPostInit
                0x0000000008003c50       0x8c ./Core/Src/tim.o
                0x0000000008003c50                HAL_TIM_MspPostInit
 .text.MX_USART1_UART_Init
                0x0000000008003cdc       0x54 ./Core/Src/usart.o
                0x0000000008003cdc                MX_USART1_UART_Init
 .text.HAL_UART_MspInit
                0x0000000008003d30       0x98 ./Core/Src/usart.o
                0x0000000008003d30                HAL_UART_MspInit
 .text.Reset_Handler
                0x0000000008003dc8       0x48 ./Core/Startup/startup_stm32f103c8tx.o
                0x0000000008003dc8                Reset_Handler
 .text.Default_Handler
                0x0000000008003e10        0x2 ./Core/Startup/startup_stm32f103c8tx.o
                0x0000000008003e10                RTC_Alarm_IRQHandler
                0x0000000008003e10                EXTI2_IRQHandler
                0x0000000008003e10                TIM1_CC_IRQHandler
                0x0000000008003e10                PVD_IRQHandler
                0x0000000008003e10                EXTI3_IRQHandler
                0x0000000008003e10                EXTI0_IRQHandler
                0x0000000008003e10                I2C2_EV_IRQHandler
                0x0000000008003e10                ADC1_2_IRQHandler
                0x0000000008003e10                SPI1_IRQHandler
                0x0000000008003e10                TAMPER_IRQHandler
                0x0000000008003e10                DMA1_Channel4_IRQHandler
                0x0000000008003e10                USART3_IRQHandler
                0x0000000008003e10                RTC_IRQHandler
                0x0000000008003e10                DMA1_Channel7_IRQHandler
                0x0000000008003e10                CAN1_RX1_IRQHandler
                0x0000000008003e10                TIM4_IRQHandler
                0x0000000008003e10                I2C1_EV_IRQHandler
                0x0000000008003e10                DMA1_Channel6_IRQHandler
                0x0000000008003e10                TIM3_IRQHandler
                0x0000000008003e10                RCC_IRQHandler
                0x0000000008003e10                TIM1_TRG_COM_IRQHandler
                0x0000000008003e10                Default_Handler
                0x0000000008003e10                EXTI15_10_IRQHandler
                0x0000000008003e10                EXTI9_5_IRQHandler
                0x0000000008003e10                SPI2_IRQHandler
                0x0000000008003e10                DMA1_Channel5_IRQHandler
                0x0000000008003e10                EXTI4_IRQHandler
                0x0000000008003e10                USB_LP_CAN1_RX0_IRQHandler
                0x0000000008003e10                USB_HP_CAN1_TX_IRQHandler
                0x0000000008003e10                DMA1_Channel3_IRQHandler
                0x0000000008003e10                TIM1_UP_IRQHandler
                0x0000000008003e10                WWDG_IRQHandler
                0x0000000008003e10                TIM2_IRQHandler
                0x0000000008003e10                TIM1_BRK_IRQHandler
                0x0000000008003e10                EXTI1_IRQHandler
                0x0000000008003e10                USART2_IRQHandler
                0x0000000008003e10                I2C2_ER_IRQHandler
                0x0000000008003e10                DMA1_Channel2_IRQHandler
                0x0000000008003e10                CAN1_SCE_IRQHandler
                0x0000000008003e10                FLASH_IRQHandler
                0x0000000008003e10                USART1_IRQHandler
                0x0000000008003e10                I2C1_ER_IRQHandler
                0x0000000008003e10                USBWakeUp_IRQHandler
 *fill*         0x0000000008003e12        0x2 
 .text.HAL_Init
                0x0000000008003e14       0x2c ./Drivers/STM32F1xx_HAL_Driver/Src/stm32f1xx_hal.o
                0x0000000008003e14                HAL_Init
 .text.HAL_InitTick
                0x0000000008003e40       0x60 ./Drivers/STM32F1xx_HAL_Driver/Src/stm32f1xx_hal.o
                0x0000000008003e40                HAL_InitTick
 .text.HAL_IncTick
                0x0000000008003ea0       0x24 ./Drivers/STM32F1xx_HAL_Driver/Src/stm32f1xx_hal.o
                0x0000000008003ea0                HAL_IncTick
 .text.HAL_GetTick
                0x0000000008003ec4       0x14 ./Drivers/STM32F1xx_HAL_Driver/Src/stm32f1xx_hal.o
                0x0000000008003ec4                HAL_GetTick
 .text.HAL_Delay
                0x0000000008003ed8       0x48 ./Drivers/STM32F1xx_HAL_Driver/Src/stm32f1xx_hal.o
                0x0000000008003ed8                HAL_Delay
 .text.HAL_ADC_Init
                0x0000000008003f20      0x1b0 ./Drivers/STM32F1xx_HAL_Driver/Src/stm32f1xx_hal_adc.o
                0x0000000008003f20                HAL_ADC_Init
 .text.HAL_ADC_Start_DMA
                0x00000000080040d0      0x1bc ./Drivers/STM32F1xx_HAL_Driver/Src/stm32f1xx_hal_adc.o
                0x00000000080040d0                HAL_ADC_Start_DMA
 .text.HAL_ADC_ConvHalfCpltCallback
                0x000000000800428c       0x12 ./Drivers/STM32F1xx_HAL_Driver/Src/stm32f1xx_hal_adc.o
                0x000000000800428c                HAL_ADC_ConvHalfCpltCallback
 .text.HAL_ADC_ErrorCallback
                0x000000000800429e       0x12 ./Drivers/STM32F1xx_HAL_Driver/Src/stm32f1xx_hal_adc.o
                0x000000000800429e                HAL_ADC_ErrorCallback
 .text.HAL_ADC_ConfigChannel
                0x00000000080042b0      0x1f0 ./Drivers/STM32F1xx_HAL_Driver/Src/stm32f1xx_hal_adc.o
                0x00000000080042b0                HAL_ADC_ConfigChannel
 .text.ADC_Enable
                0x00000000080044a0       0xb4 ./Drivers/STM32F1xx_HAL_Driver/Src/stm32f1xx_hal_adc.o
                0x00000000080044a0                ADC_Enable
 .text.ADC_ConversionStop_Disable
                0x0000000008004554       0x82 ./Drivers/STM32F1xx_HAL_Driver/Src/stm32f1xx_hal_adc.o
                0x0000000008004554                ADC_ConversionStop_Disable
 .text.ADC_DMAConvCplt
                0x00000000080045d6       0x7c ./Drivers/STM32F1xx_HAL_Driver/Src/stm32f1xx_hal_adc.o
                0x00000000080045d6                ADC_DMAConvCplt
 .text.ADC_DMAHalfConvCplt
                0x0000000008004652       0x1c ./Drivers/STM32F1xx_HAL_Driver/Src/stm32f1xx_hal_adc.o
                0x0000000008004652                ADC_DMAHalfConvCplt
 .text.ADC_DMAError
                0x000000000800466e       0x34 ./Drivers/STM32F1xx_HAL_Driver/Src/stm32f1xx_hal_adc.o
                0x000000000800466e                ADC_DMAError
 *fill*         0x00000000080046a2        0x2 
 .text.__NVIC_SetPriorityGrouping
                0x00000000080046a4       0x48 ./Drivers/STM32F1xx_HAL_Driver/Src/stm32f1xx_hal_cortex.o
 .text.__NVIC_GetPriorityGrouping
                0x00000000080046ec       0x1c ./Drivers/STM32F1xx_HAL_Driver/Src/stm32f1xx_hal_cortex.o
 .text.__NVIC_EnableIRQ
                0x0000000008004708       0x38 ./Drivers/STM32F1xx_HAL_Driver/Src/stm32f1xx_hal_cortex.o
 .text.__NVIC_SetPriority
                0x0000000008004740       0x54 ./Drivers/STM32F1xx_HAL_Driver/Src/stm32f1xx_hal_cortex.o
 .text.NVIC_EncodePriority
                0x0000000008004794       0x64 ./Drivers/STM32F1xx_HAL_Driver/Src/stm32f1xx_hal_cortex.o
 .text.SysTick_Config
                0x00000000080047f8       0x44 ./Drivers/STM32F1xx_HAL_Driver/Src/stm32f1xx_hal_cortex.o
 .text.HAL_NVIC_SetPriorityGrouping
                0x000000000800483c       0x16 ./Drivers/STM32F1xx_HAL_Driver/Src/stm32f1xx_hal_cortex.o
                0x000000000800483c                HAL_NVIC_SetPriorityGrouping
 .text.HAL_NVIC_SetPriority
                0x0000000008004852       0x38 ./Drivers/STM32F1xx_HAL_Driver/Src/stm32f1xx_hal_cortex.o
                0x0000000008004852                HAL_NVIC_SetPriority
 .text.HAL_NVIC_EnableIRQ
                0x000000000800488a       0x1c ./Drivers/STM32F1xx_HAL_Driver/Src/stm32f1xx_hal_cortex.o
                0x000000000800488a                HAL_NVIC_EnableIRQ
 .text.HAL_SYSTICK_Config
                0x00000000080048a6       0x18 ./Drivers/STM32F1xx_HAL_Driver/Src/stm32f1xx_hal_cortex.o
                0x00000000080048a6                HAL_SYSTICK_Config
 *fill*         0x00000000080048be        0x2 
 .text.HAL_DMA_Init
                0x00000000080048c0       0xb4 ./Drivers/STM32F1xx_HAL_Driver/Src/stm32f1xx_hal_dma.o
                0x00000000080048c0                HAL_DMA_Init
 .text.HAL_DMA_Start_IT
                0x0000000008004974       0xbe ./Drivers/STM32F1xx_HAL_Driver/Src/stm32f1xx_hal_dma.o
                0x0000000008004974                HAL_DMA_Start_IT
 *fill*         0x0000000008004a32        0x2 
 .text.HAL_DMA_IRQHandler
                0x0000000008004a34      0x20c ./Drivers/STM32F1xx_HAL_Driver/Src/stm32f1xx_hal_dma.o
                0x0000000008004a34                HAL_DMA_IRQHandler
 .text.DMA_SetConfig
                0x0000000008004c40       0x5a ./Drivers/STM32F1xx_HAL_Driver/Src/stm32f1xx_hal_dma.o
 *fill*         0x0000000008004c9a        0x2 
 .text.HAL_FLASH_Program
                0x0000000008004c9c       0xe0 ./Drivers/STM32F1xx_HAL_Driver/Src/stm32f1xx_hal_flash.o
                0x0000000008004c9c                HAL_FLASH_Program
 .text.HAL_FLASH_Unlock
                0x0000000008004d7c       0x4c ./Drivers/STM32F1xx_HAL_Driver/Src/stm32f1xx_hal_flash.o
                0x0000000008004d7c                HAL_FLASH_Unlock
 .text.HAL_FLASH_Lock
                0x0000000008004dc8       0x20 ./Drivers/STM32F1xx_HAL_Driver/Src/stm32f1xx_hal_flash.o
                0x0000000008004dc8                HAL_FLASH_Lock
 .text.HAL_FLASH_GetError
                0x0000000008004de8       0x14 ./Drivers/STM32F1xx_HAL_Driver/Src/stm32f1xx_hal_flash.o
                0x0000000008004de8                HAL_FLASH_GetError
 .text.FLASH_Program_HalfWord
                0x0000000008004dfc       0x38 ./Drivers/STM32F1xx_HAL_Driver/Src/stm32f1xx_hal_flash.o
 .text.FLASH_WaitForLastOperation
                0x0000000008004e34       0x8c ./Drivers/STM32F1xx_HAL_Driver/Src/stm32f1xx_hal_flash.o
                0x0000000008004e34                FLASH_WaitForLastOperation
 .text.FLASH_SetErrorCode
                0x0000000008004ec0       0xa0 ./Drivers/STM32F1xx_HAL_Driver/Src/stm32f1xx_hal_flash.o
 .text.HAL_FLASHEx_Erase
                0x0000000008004f60       0xd8 ./Drivers/STM32F1xx_HAL_Driver/Src/stm32f1xx_hal_flash_ex.o
                0x0000000008004f60                HAL_FLASHEx_Erase
 .text.FLASH_MassErase
                0x0000000008005038       0x38 ./Drivers/STM32F1xx_HAL_Driver/Src/stm32f1xx_hal_flash_ex.o
 .text.FLASH_PageErase
                0x0000000008005070       0x40 ./Drivers/STM32F1xx_HAL_Driver/Src/stm32f1xx_hal_flash_ex.o
                0x0000000008005070                FLASH_PageErase
 .text.HAL_GPIO_Init
                0x00000000080050b0      0x308 ./Drivers/STM32F1xx_HAL_Driver/Src/stm32f1xx_hal_gpio.o
                0x00000000080050b0                HAL_GPIO_Init
 .text.HAL_GPIO_ReadPin
                0x00000000080053b8       0x2e ./Drivers/STM32F1xx_HAL_Driver/Src/stm32f1xx_hal_gpio.o
                0x00000000080053b8                HAL_GPIO_ReadPin
 .text.HAL_GPIO_WritePin
                0x00000000080053e6       0x30 ./Drivers/STM32F1xx_HAL_Driver/Src/stm32f1xx_hal_gpio.o
                0x00000000080053e6                HAL_GPIO_WritePin
 *fill*         0x0000000008005416        0x2 
 .text.HAL_RCC_OscConfig
                0x0000000008005418      0x504 ./Drivers/STM32F1xx_HAL_Driver/Src/stm32f1xx_hal_rcc.o
                0x0000000008005418                HAL_RCC_OscConfig
 .text.HAL_RCC_ClockConfig
                0x000000000800591c      0x1d4 ./Drivers/STM32F1xx_HAL_Driver/Src/stm32f1xx_hal_rcc.o
                0x000000000800591c                HAL_RCC_ClockConfig
 .text.HAL_RCC_GetSysClockFreq
                0x0000000008005af0       0xbc ./Drivers/STM32F1xx_HAL_Driver/Src/stm32f1xx_hal_rcc.o
                0x0000000008005af0                HAL_RCC_GetSysClockFreq
 .text.HAL_RCC_GetHCLKFreq
                0x0000000008005bac       0x14 ./Drivers/STM32F1xx_HAL_Driver/Src/stm32f1xx_hal_rcc.o
                0x0000000008005bac                HAL_RCC_GetHCLKFreq
 .text.HAL_RCC_GetPCLK1Freq
                0x0000000008005bc0       0x28 ./Drivers/STM32F1xx_HAL_Driver/Src/stm32f1xx_hal_rcc.o
                0x0000000008005bc0                HAL_RCC_GetPCLK1Freq
 .text.HAL_RCC_GetPCLK2Freq
                0x0000000008005be8       0x28 ./Drivers/STM32F1xx_HAL_Driver/Src/stm32f1xx_hal_rcc.o
                0x0000000008005be8                HAL_RCC_GetPCLK2Freq
 .text.RCC_Delay
                0x0000000008005c10       0x3c ./Drivers/STM32F1xx_HAL_Driver/Src/stm32f1xx_hal_rcc.o
 .text.HAL_RCCEx_PeriphCLKConfig
                0x0000000008005c4c      0x16c ./Drivers/STM32F1xx_HAL_Driver/Src/stm32f1xx_hal_rcc_ex.o
                0x0000000008005c4c                HAL_RCCEx_PeriphCLKConfig
 .text.HAL_TIM_PWM_Init
                0x0000000008005db8       0x9e ./Drivers/STM32F1xx_HAL_Driver/Src/stm32f1xx_hal_tim.o
                0x0000000008005db8                HAL_TIM_PWM_Init
 *fill*         0x0000000008005e56        0x2 
 .text.HAL_TIM_PWM_Start
                0x0000000008005e58      0x144 ./Drivers/STM32F1xx_HAL_Driver/Src/stm32f1xx_hal_tim.o
                0x0000000008005e58                HAL_TIM_PWM_Start
 .text.HAL_TIM_Encoder_Init
                0x0000000008005f9c      0x144 ./Drivers/STM32F1xx_HAL_Driver/Src/stm32f1xx_hal_tim.o
                0x0000000008005f9c                HAL_TIM_Encoder_Init
 .text.HAL_TIM_Encoder_Start
                0x00000000080060e0      0x11c ./Drivers/STM32F1xx_HAL_Driver/Src/stm32f1xx_hal_tim.o
                0x00000000080060e0                HAL_TIM_Encoder_Start
 .text.HAL_TIM_PWM_ConfigChannel
                0x00000000080061fc      0x17c ./Drivers/STM32F1xx_HAL_Driver/Src/stm32f1xx_hal_tim.o
                0x00000000080061fc                HAL_TIM_PWM_ConfigChannel
 .text.TIM_Base_SetConfig
                0x0000000008006378       0xc4 ./Drivers/STM32F1xx_HAL_Driver/Src/stm32f1xx_hal_tim.o
                0x0000000008006378                TIM_Base_SetConfig
 .text.TIM_OC1_SetConfig
                0x000000000800643c       0xcc ./Drivers/STM32F1xx_HAL_Driver/Src/stm32f1xx_hal_tim.o
 .text.TIM_OC2_SetConfig
                0x0000000008006508       0xd4 ./Drivers/STM32F1xx_HAL_Driver/Src/stm32f1xx_hal_tim.o
                0x0000000008006508                TIM_OC2_SetConfig
 .text.TIM_OC3_SetConfig
                0x00000000080065dc       0xd4 ./Drivers/STM32F1xx_HAL_Driver/Src/stm32f1xx_hal_tim.o
 .text.TIM_OC4_SetConfig
                0x00000000080066b0       0x9c ./Drivers/STM32F1xx_HAL_Driver/Src/stm32f1xx_hal_tim.o
 .text.TIM_CCxChannelCmd
                0x000000000800674c       0x48 ./Drivers/STM32F1xx_HAL_Driver/Src/stm32f1xx_hal_tim.o
                0x000000000800674c                TIM_CCxChannelCmd
 .text.HAL_TIMEx_MasterConfigSynchronization
                0x0000000008006794       0xbc ./Drivers/STM32F1xx_HAL_Driver/Src/stm32f1xx_hal_tim_ex.o
                0x0000000008006794                HAL_TIMEx_MasterConfigSynchronization
 .text.HAL_UART_Init
                0x0000000008006850       0x9a ./Drivers/STM32F1xx_HAL_Driver/Src/stm32f1xx_hal_uart.o
                0x0000000008006850                HAL_UART_Init
 .text.HAL_UART_Transmit
                0x00000000080068ea      0x124 ./Drivers/STM32F1xx_HAL_Driver/Src/stm32f1xx_hal_uart.o
                0x00000000080068ea                HAL_UART_Transmit
 .text.UART_WaitOnFlagUntilTimeout
                0x0000000008006a0e       0x94 ./Drivers/STM32F1xx_HAL_Driver/Src/stm32f1xx_hal_uart.o
 *fill*         0x0000000008006aa2        0x2 
 .text.UART_SetConfig
                0x0000000008006aa4      0x11c ./Drivers/STM32F1xx_HAL_Driver/Src/stm32f1xx_hal_uart.o
 .text.pow      0x0000000008006bc0       0xd0 c:/st/stm32cubeide_1.10.1/stm32cubeide/plugins/com.st.stm32cube.ide.mcu.externaltools.gnu-tools-for-stm32.10.3-2021.10.win32_1.0.0.202111181127/tools/bin/../lib/gcc/arm-none-eabi/10.3.1/../../../../arm-none-eabi/lib/thumb/v7-m/nofp\libm.a(lib_a-w_pow.o)
                0x0000000008006bc0                pow
 .text.__ieee754_pow
                0x0000000008006c90      0xa2c c:/st/stm32cubeide_1.10.1/stm32cubeide/plugins/com.st.stm32cube.ide.mcu.externaltools.gnu-tools-for-stm32.10.3-2021.10.win32_1.0.0.202111181127/tools/bin/../lib/gcc/arm-none-eabi/10.3.1/../../../../arm-none-eabi/lib/thumb/v7-m/nofp\libm.a(lib_a-e_pow.o)
                0x0000000008006c90                __ieee754_pow
 .text.__ieee754_sqrt
                0x00000000080076bc      0x160 c:/st/stm32cubeide_1.10.1/stm32cubeide/plugins/com.st.stm32cube.ide.mcu.externaltools.gnu-tools-for-stm32.10.3-2021.10.win32_1.0.0.202111181127/tools/bin/../lib/gcc/arm-none-eabi/10.3.1/../../../../arm-none-eabi/lib/thumb/v7-m/nofp\libm.a(lib_a-e_sqrt.o)
                0x00000000080076bc                __ieee754_sqrt
 .text.with_errno
                0x000000000800781c       0x14 c:/st/stm32cubeide_1.10.1/stm32cubeide/plugins/com.st.stm32cube.ide.mcu.externaltools.gnu-tools-for-stm32.10.3-2021.10.win32_1.0.0.202111181127/tools/bin/../lib/gcc/arm-none-eabi/10.3.1/../../../../arm-none-eabi/lib/thumb/v7-m/nofp\libm.a(lib_a-math_err.o)
 .text.xflow    0x0000000008007830       0x30 c:/st/stm32cubeide_1.10.1/stm32cubeide/plugins/com.st.stm32cube.ide.mcu.externaltools.gnu-tools-for-stm32.10.3-2021.10.win32_1.0.0.202111181127/tools/bin/../lib/gcc/arm-none-eabi/10.3.1/../../../../arm-none-eabi/lib/thumb/v7-m/nofp\libm.a(lib_a-math_err.o)
 .text.__math_uflow
                0x0000000008007860        0xa c:/st/stm32cubeide_1.10.1/stm32cubeide/plugins/com.st.stm32cube.ide.mcu.externaltools.gnu-tools-for-stm32.10.3-2021.10.win32_1.0.0.202111181127/tools/bin/../lib/gcc/arm-none-eabi/10.3.1/../../../../arm-none-eabi/lib/thumb/v7-m/nofp\libm.a(lib_a-math_err.o)
                0x0000000008007860                __math_uflow
 .text.__math_oflow
                0x000000000800786a        0xa c:/st/stm32cubeide_1.10.1/stm32cubeide/plugins/com.st.stm32cube.ide.mcu.externaltools.gnu-tools-for-stm32.10.3-2021.10.win32_1.0.0.202111181127/tools/bin/../lib/gcc/arm-none-eabi/10.3.1/../../../../arm-none-eabi/lib/thumb/v7-m/nofp\libm.a(lib_a-math_err.o)
                0x000000000800786a                __math_oflow
 .text.fabs     0x0000000008007874        0x6 c:/st/stm32cubeide_1.10.1/stm32cubeide/plugins/com.st.stm32cube.ide.mcu.externaltools.gnu-tools-for-stm32.10.3-2021.10.win32_1.0.0.202111181127/tools/bin/../lib/gcc/arm-none-eabi/10.3.1/../../../../arm-none-eabi/lib/thumb/v7-m/nofp\libm.a(lib_a-s_fabs.o)
                0x0000000008007874                fabs
 .text.finite   0x000000000800787a        0xc c:/st/stm32cubeide_1.10.1/stm32cubeide/plugins/com.st.stm32cube.ide.mcu.externaltools.gnu-tools-for-stm32.10.3-2021.10.win32_1.0.0.202111181127/tools/bin/../lib/gcc/arm-none-eabi/10.3.1/../../../../arm-none-eabi/lib/thumb/v7-m/nofp\libm.a(lib_a-s_finite.o)
                0x000000000800787a                finite
 *fill*         0x0000000008007886        0x2 
 .text.scalbn   0x0000000008007888       0xfc c:/st/stm32cubeide_1.10.1/stm32cubeide/plugins/com.st.stm32cube.ide.mcu.externaltools.gnu-tools-for-stm32.10.3-2021.10.win32_1.0.0.202111181127/tools/bin/../lib/gcc/arm-none-eabi/10.3.1/../../../../arm-none-eabi/lib/thumb/v7-m/nofp\libm.a(lib_a-s_scalbn.o)
                0x0000000008007888                scalbn
 .text.__errno  0x0000000008007984        0xc c:/st/stm32cubeide_1.10.1/stm32cubeide/plugins/com.st.stm32cube.ide.mcu.externaltools.gnu-tools-for-stm32.10.3-2021.10.win32_1.0.0.202111181127/tools/bin/../lib/gcc/arm-none-eabi/10.3.1/../../../../arm-none-eabi/lib/thumb/v7-m/nofp\libc_nano.a(lib_a-errno.o)
                0x0000000008007984                __errno
 .text.__libc_init_array
                0x0000000008007990       0x48 c:/st/stm32cubeide_1.10.1/stm32cubeide/plugins/com.st.stm32cube.ide.mcu.externaltools.gnu-tools-for-stm32.10.3-2021.10.win32_1.0.0.202111181127/tools/bin/../lib/gcc/arm-none-eabi/10.3.1/../../../../arm-none-eabi/lib/thumb/v7-m/nofp\libc_nano.a(lib_a-init.o)
                0x0000000008007990                __libc_init_array
 .text.memset   0x00000000080079d8       0x10 c:/st/stm32cubeide_1.10.1/stm32cubeide/plugins/com.st.stm32cube.ide.mcu.externaltools.gnu-tools-for-stm32.10.3-2021.10.win32_1.0.0.202111181127/tools/bin/../lib/gcc/arm-none-eabi/10.3.1/../../../../arm-none-eabi/lib/thumb/v7-m/nofp\libc_nano.a(lib_a-memset.o)
                0x00000000080079d8                memset
 *(.glue_7)
 .glue_7        0x00000000080079e8        0x0 linker stubs
 *(.glue_7t)
 .glue_7t       0x00000000080079e8        0x0 linker stubs
 *(.eh_frame)
 .eh_frame      0x00000000080079e8        0x0 c:/st/stm32cubeide_1.10.1/stm32cubeide/plugins/com.st.stm32cube.ide.mcu.externaltools.gnu-tools-for-stm32.10.3-2021.10.win32_1.0.0.202111181127/tools/bin/../lib/gcc/arm-none-eabi/10.3.1/thumb/v7-m/nofp/crtbegin.o
 *(.init)
 .init          0x00000000080079e8        0x4 c:/st/stm32cubeide_1.10.1/stm32cubeide/plugins/com.st.stm32cube.ide.mcu.externaltools.gnu-tools-for-stm32.10.3-2021.10.win32_1.0.0.202111181127/tools/bin/../lib/gcc/arm-none-eabi/10.3.1/thumb/v7-m/nofp/crti.o
                0x00000000080079e8                _init
 .init          0x00000000080079ec        0x8 c:/st/stm32cubeide_1.10.1/stm32cubeide/plugins/com.st.stm32cube.ide.mcu.externaltools.gnu-tools-for-stm32.10.3-2021.10.win32_1.0.0.202111181127/tools/bin/../lib/gcc/arm-none-eabi/10.3.1/thumb/v7-m/nofp/crtn.o
 *(.fini)
 .fini          0x00000000080079f4        0x4 c:/st/stm32cubeide_1.10.1/stm32cubeide/plugins/com.st.stm32cube.ide.mcu.externaltools.gnu-tools-for-stm32.10.3-2021.10.win32_1.0.0.202111181127/tools/bin/../lib/gcc/arm-none-eabi/10.3.1/thumb/v7-m/nofp/crti.o
                0x00000000080079f4                _fini
 .fini          0x00000000080079f8        0x8 c:/st/stm32cubeide_1.10.1/stm32cubeide/plugins/com.st.stm32cube.ide.mcu.externaltools.gnu-tools-for-stm32.10.3-2021.10.win32_1.0.0.202111181127/tools/bin/../lib/gcc/arm-none-eabi/10.3.1/thumb/v7-m/nofp/crtn.o
                0x0000000008007a00                . = ALIGN (0x4)
                0x0000000008007a00                _etext = .

.vfp11_veneer   0x0000000008007a00        0x0
 .vfp11_veneer  0x0000000008007a00        0x0 linker stubs

.v4_bx          0x0000000008007a00        0x0
 .v4_bx         0x0000000008007a00        0x0 linker stubs

.iplt           0x0000000008007a00        0x0
 .iplt          0x0000000008007a00        0x0 c:/st/stm32cubeide_1.10.1/stm32cubeide/plugins/com.st.stm32cube.ide.mcu.externaltools.gnu-tools-for-stm32.10.3-2021.10.win32_1.0.0.202111181127/tools/bin/../lib/gcc/arm-none-eabi/10.3.1/thumb/v7-m/nofp/crtbegin.o

.rodata         0x0000000008007a00       0x58
                0x0000000008007a00                . = ALIGN (0x4)
 *(.rodata)
 .rodata        0x0000000008007a00       0x10 ./Drivers/STM32F1xx_HAL_Driver/Src/stm32f1xx_hal_rcc.o
 *(.rodata*)
 .rodata.AHBPrescTable
                0x0000000008007a10       0x10 ./Core/Src/system_stm32f1xx.o
                0x0000000008007a10                AHBPrescTable
 .rodata.APBPrescTable
                0x0000000008007a20        0x8 ./Core/Src/system_stm32f1xx.o
                0x0000000008007a20                APBPrescTable
 .rodata.bp     0x0000000008007a28       0x10 c:/st/stm32cubeide_1.10.1/stm32cubeide/plugins/com.st.stm32cube.ide.mcu.externaltools.gnu-tools-for-stm32.10.3-2021.10.win32_1.0.0.202111181127/tools/bin/../lib/gcc/arm-none-eabi/10.3.1/../../../../arm-none-eabi/lib/thumb/v7-m/nofp\libm.a(lib_a-e_pow.o)
 .rodata.dp_h   0x0000000008007a38       0x10 c:/st/stm32cubeide_1.10.1/stm32cubeide/plugins/com.st.stm32cube.ide.mcu.externaltools.gnu-tools-for-stm32.10.3-2021.10.win32_1.0.0.202111181127/tools/bin/../lib/gcc/arm-none-eabi/10.3.1/../../../../arm-none-eabi/lib/thumb/v7-m/nofp\libm.a(lib_a-e_pow.o)
 .rodata.dp_l   0x0000000008007a48       0x10 c:/st/stm32cubeide_1.10.1/stm32cubeide/plugins/com.st.stm32cube.ide.mcu.externaltools.gnu-tools-for-stm32.10.3-2021.10.win32_1.0.0.202111181127/tools/bin/../lib/gcc/arm-none-eabi/10.3.1/../../../../arm-none-eabi/lib/thumb/v7-m/nofp\libm.a(lib_a-e_pow.o)
                0x0000000008007a58                . = ALIGN (0x4)

.rel.dyn        0x0000000008007a58        0x0
 .rel.iplt      0x0000000008007a58        0x0 c:/st/stm32cubeide_1.10.1/stm32cubeide/plugins/com.st.stm32cube.ide.mcu.externaltools.gnu-tools-for-stm32.10.3-2021.10.win32_1.0.0.202111181127/tools/bin/../lib/gcc/arm-none-eabi/10.3.1/thumb/v7-m/nofp/crtbegin.o

.ARM.extab      0x0000000008007a58        0x0
                0x0000000008007a58                . = ALIGN (0x4)
 *(.ARM.extab* .gnu.linkonce.armextab.*)
                0x0000000008007a58                . = ALIGN (0x4)

.ARM            0x0000000008007a58        0x0
                0x0000000008007a58                . = ALIGN (0x4)
                0x0000000008007a58                __exidx_start = .
 *(.ARM.exidx*)
                0x0000000008007a58                __exidx_end = .
                0x0000000008007a58                . = ALIGN (0x4)

.preinit_array  0x0000000008007a58        0x0
                0x0000000008007a58                . = ALIGN (0x4)
                0x0000000008007a58                PROVIDE (__preinit_array_start = .)
 *(.preinit_array*)
                0x0000000008007a58                PROVIDE (__preinit_array_end = .)
                0x0000000008007a58                . = ALIGN (0x4)

.init_array     0x0000000008007a58        0x4
                0x0000000008007a58                . = ALIGN (0x4)
                0x0000000008007a58                PROVIDE (__init_array_start = .)
 *(SORT_BY_NAME(.init_array.*))
 *(.init_array*)
 .init_array    0x0000000008007a58        0x4 c:/st/stm32cubeide_1.10.1/stm32cubeide/plugins/com.st.stm32cube.ide.mcu.externaltools.gnu-tools-for-stm32.10.3-2021.10.win32_1.0.0.202111181127/tools/bin/../lib/gcc/arm-none-eabi/10.3.1/thumb/v7-m/nofp/crtbegin.o
                0x0000000008007a5c                PROVIDE (__init_array_end = .)
                0x0000000008007a5c                . = ALIGN (0x4)

.fini_array     0x0000000008007a5c        0x4
                0x0000000008007a5c                . = ALIGN (0x4)
                [!provide]                        PROVIDE (__fini_array_start = .)
 *(SORT_BY_NAME(.fini_array.*))
 *(.fini_array*)
 .fini_array    0x0000000008007a5c        0x4 c:/st/stm32cubeide_1.10.1/stm32cubeide/plugins/com.st.stm32cube.ide.mcu.externaltools.gnu-tools-for-stm32.10.3-2021.10.win32_1.0.0.202111181127/tools/bin/../lib/gcc/arm-none-eabi/10.3.1/thumb/v7-m/nofp/crtbegin.o
                [!provide]                        PROVIDE (__fini_array_end = .)
                0x0000000008007a60                . = ALIGN (0x4)
                0x0000000008007a60                _sidata = LOADADDR (.data)

.data           0x0000000020000000       0xac load address 0x0000000008007a60
                0x0000000020000000                . = ALIGN (0x4)
                0x0000000020000000                _sdata = .
 *(.data)
 *(.data*)
 .data.KPchoice
                0x0000000020000000        0x8 ./Core/Src/main.o
                0x0000000020000000                KPchoice
 .data.KDchoice
                0x0000000020000008        0x8 ./Core/Src/main.o
                0x0000000020000008                KDchoice
 .data.velocityChoice
                0x0000000020000010        0x8 ./Core/Src/main.o
                0x0000000020000010                velocityChoice
 .data.baseChoice
                0x0000000020000018        0x8 ./Core/Src/main.o
                0x0000000020000018                baseChoice
 .data.forwardChoice
                0x0000000020000020        0x8 ./Core/Src/main.o
                0x0000000020000020                forwardChoice
 .data.RightChoice
                0x0000000020000028        0x8 ./Core/Src/main.o
                0x0000000020000028                RightChoice
 .data.LeftChoice
                0x0000000020000030        0x8 ./Core/Src/main.o
                0x0000000020000030                LeftChoice
 .data.movementState
                0x0000000020000038        0x4 ./Core/Src/main.o
                0x0000000020000038                movementState
 .data.SystemCoreClock
                0x000000002000003c        0x4 ./Core/Src/system_stm32f1xx.o
                0x000000002000003c                SystemCoreClock
 .data.uwTickPrio
                0x0000000020000040        0x4 ./Drivers/STM32F1xx_HAL_Driver/Src/stm32f1xx_hal.o
                0x0000000020000040                uwTickPrio
 .data.uwTickFreq
                0x0000000020000044        0x1 ./Drivers/STM32F1xx_HAL_Driver/Src/stm32f1xx_hal.o
                0x0000000020000044                uwTickFreq
 *fill*         0x0000000020000045        0x3 
 .data._impure_ptr
                0x0000000020000048        0x4 c:/st/stm32cubeide_1.10.1/stm32cubeide/plugins/com.st.stm32cube.ide.mcu.externaltools.gnu-tools-for-stm32.10.3-2021.10.win32_1.0.0.202111181127/tools/bin/../lib/gcc/arm-none-eabi/10.3.1/../../../../arm-none-eabi/lib/thumb/v7-m/nofp\libc_nano.a(lib_a-impure.o)
                0x0000000020000048                _impure_ptr
 .data.impure_data
                0x000000002000004c       0x60 c:/st/stm32cubeide_1.10.1/stm32cubeide/plugins/com.st.stm32cube.ide.mcu.externaltools.gnu-tools-for-stm32.10.3-2021.10.win32_1.0.0.202111181127/tools/bin/../lib/gcc/arm-none-eabi/10.3.1/../../../../arm-none-eabi/lib/thumb/v7-m/nofp\libc_nano.a(lib_a-impure.o)
 *(.RamFunc)
 *(.RamFunc*)
                0x00000000200000ac                . = ALIGN (0x4)
                0x00000000200000ac                _edata = .

.igot.plt       0x00000000200000ac        0x0 load address 0x0000000008007b0c
 .igot.plt      0x00000000200000ac        0x0 c:/st/stm32cubeide_1.10.1/stm32cubeide/plugins/com.st.stm32cube.ide.mcu.externaltools.gnu-tools-for-stm32.10.3-2021.10.win32_1.0.0.202111181127/tools/bin/../lib/gcc/arm-none-eabi/10.3.1/thumb/v7-m/nofp/crtbegin.o
                0x00000000200000ac                . = ALIGN (0x4)

.bss            0x00000000200000b0     0x2c60 load address 0x0000000008007b0c
                0x00000000200000b0                _sbss = .
                0x00000000200000b0                __bss_start__ = _sbss
 *(.bss)
 .bss           0x00000000200000b0       0x1c c:/st/stm32cubeide_1.10.1/stm32cubeide/plugins/com.st.stm32cube.ide.mcu.externaltools.gnu-tools-for-stm32.10.3-2021.10.win32_1.0.0.202111181127/tools/bin/../lib/gcc/arm-none-eabi/10.3.1/thumb/v7-m/nofp/crtbegin.o
 *(.bss*)
 .bss.EraseInitStruct.0
                0x00000000200000cc       0x10 ./Core/Src/FLASH_PAGE_F1.o
 .bss.hadc1     0x00000000200000dc       0x30 ./Core/Src/adc.o
                0x00000000200000dc                hadc1
 .bss.hdma_adc1
                0x000000002000010c       0x44 ./Core/Src/adc.o
                0x000000002000010c                hdma_adc1
 .bss.adc_buf   0x0000000020000150     0x1000 ./Core/Src/main.o
                0x0000000020000150                adc_buf
 .bss.CNY70     0x0000000020001150       0x28 ./Core/Src/main.o
                0x0000000020001150                CNY70
 .bss.SHARP_1   0x0000000020001178       0x28 ./Core/Src/main.o
                0x0000000020001178                SHARP_1
 .bss.SHARP_2   0x00000000200011a0       0x28 ./Core/Src/main.o
                0x00000000200011a0                SHARP_2
 .bss.SHARP_3   0x00000000200011c8       0x28 ./Core/Src/main.o
                0x00000000200011c8                SHARP_3
 .bss.Sensors   0x00000000200011f0       0x10 ./Core/Src/main.o
 .bss.direcciones
                0x0000000020001200       0x10 ./Core/Src/main.o
                0x0000000020001200                direcciones
 .bss.calState  0x0000000020001210        0x4 ./Core/Src/main.o
                0x0000000020001210                calState
 .bss.CenterDistanceRight
                0x0000000020001214        0x4 ./Core/Src/main.o
                0x0000000020001214                CenterDistanceRight
 .bss.CenterDistanceLeft
                0x0000000020001218        0x4 ./Core/Src/main.o
                0x0000000020001218                CenterDistanceLeft
 .bss.MaxRightDistance
                0x000000002000121c        0x4 ./Core/Src/main.o
                0x000000002000121c                MaxRightDistance
 .bss.MaxLeftDistance
                0x0000000020001220        0x4 ./Core/Src/main.o
                0x0000000020001220                MaxLeftDistance
 .bss.MaxCenterDistance
                0x0000000020001224        0x4 ./Core/Src/main.o
                0x0000000020001224                MaxCenterDistance
 .bss.ticks     0x0000000020001228        0x4 ./Core/Src/main.o
                0x0000000020001228                ticks
 .bss.lecturaBtn
                0x000000002000122c        0x4 ./Core/Src/main.o
                0x000000002000122c                lecturaBtn
 .bss.TX_BUFFER
                0x0000000020001230        0xc ./Core/Src/main.o
                0x0000000020001230                TX_BUFFER
 .bss.KP        0x000000002000123c        0x4 ./Core/Src/main.o
                0x000000002000123c                KP
 .bss.KD        0x0000000020001240        0x4 ./Core/Src/main.o
                0x0000000020001240                KD
 .bss.velocity  0x0000000020001244        0x4 ./Core/Src/main.o
                0x0000000020001244                velocity
 .bss.ticksNow  0x0000000020001248        0x4 ./Core/Src/main.o
                0x0000000020001248                ticksNow
 .bss.choice    0x000000002000124c        0x4 ./Core/Src/main.o
                0x000000002000124c                choice
 .bss.m         0x0000000020001250        0x4 ./Core/Src/main.o
                0x0000000020001250                m
 .bss.directionsSize
                0x0000000020001254        0x4 ./Core/Src/main.o
                0x0000000020001254                directionsSize
 .bss.movimiento
                0x0000000020001258        0x4 ./Core/Src/main.o
                0x0000000020001258                movimiento
 .bss.finishFlag
                0x000000002000125c        0x4 ./Core/Src/main.o
                0x000000002000125c                finishFlag
 .bss.movimientoFlag
                0x0000000020001260        0x4 ./Core/Src/main.o
                0x0000000020001260                movimientoFlag
 .bss.valueCNY  0x0000000020001264        0x4 ./Core/Src/main.o
                0x0000000020001264                valueCNY
 .bss.offset    0x0000000020001268        0x4 ./Core/Src/main.o
                0x0000000020001268                offset
 .bss.btns      0x000000002000126c       0x30 ./Core/Src/main.o
                0x000000002000126c                btns
 .bss.mainState
                0x000000002000129c        0x4 ./Core/Src/main.o
                0x000000002000129c                mainState
 .bss.robotState
                0x00000000200012a0        0x4 ./Core/Src/main.o
                0x00000000200012a0                robotState
 .bss.directions
                0x00000000200012a4       0x19 ./Core/Src/main.o
                0x00000000200012a4                directions
 *fill*         0x00000000200012bd        0x3 
 .bss.Rx_Data   0x00000000200012c0       0x68 ./Core/Src/main.o
                0x00000000200012c0                Rx_Data
 .bss.string    0x0000000020001328       0x64 ./Core/Src/main.o
                0x0000000020001328                string
 .bss.actual    0x000000002000138c        0x8 ./Core/Src/main.o
                0x000000002000138c                actual
 .bss.last      0x0000000020001394        0x8 ./Core/Src/main.o
                0x0000000020001394                last
 .bss.Map       0x000000002000139c     0x1800 ./Core/Src/main.o
                0x000000002000139c                Map
 .bss.error     0x0000000020002b9c        0x4 ./Core/Src/main.o
                0x0000000020002b9c                error
 .bss.pid       0x0000000020002ba0        0x4 ./Core/Src/main.o
                0x0000000020002ba0                pid
 .bss.previousError
                0x0000000020002ba4        0x4 ./Core/Src/main.o
                0x0000000020002ba4                previousError
 .bss.elapsedTime
                0x0000000020002ba8        0x4 ./Core/Src/main.o
                0x0000000020002ba8                elapsedTime
 .bss.timeNow   0x0000000020002bac        0x4 ./Core/Src/main.o
                0x0000000020002bac                timeNow
 .bss.timePrev  0x0000000020002bb0        0x4 ./Core/Src/main.o
                0x0000000020002bb0                timePrev
 .bss.pidP      0x0000000020002bb4        0x4 ./Core/Src/main.o
                0x0000000020002bb4                pidP
 .bss.pidD      0x0000000020002bb8        0x4 ./Core/Src/main.o
                0x0000000020002bb8                pidD
 .bss.motLeft   0x0000000020002bbc        0x4 ./Core/Src/main.o
                0x0000000020002bbc                motLeft
 .bss.motRight  0x0000000020002bc0        0x4 ./Core/Src/main.o
                0x0000000020002bc0                motRight
 .bss.q         0x0000000020002bc4        0x4 ./Core/Src/main.o
                0x0000000020002bc4                q
 .bss.F         0x0000000020002bc8        0x4 ./Core/Src/main.o
                0x0000000020002bc8                F
 .bss.htim2     0x0000000020002bcc       0x48 ./Core/Src/tim.o
                0x0000000020002bcc                htim2
 .bss.htim3     0x0000000020002c14       0x48 ./Core/Src/tim.o
                0x0000000020002c14                htim3
 .bss.htim4     0x0000000020002c5c       0x48 ./Core/Src/tim.o
                0x0000000020002c5c                htim4
 .bss.huart1    0x0000000020002ca4       0x44 ./Core/Src/usart.o
                0x0000000020002ca4                huart1
 .bss.uwTick    0x0000000020002ce8        0x4 ./Drivers/STM32F1xx_HAL_Driver/Src/stm32f1xx_hal.o
                0x0000000020002ce8                uwTick
 *fill*         0x0000000020002cec        0x4 
 .bss.pFlash    0x0000000020002cf0       0x20 ./Drivers/STM32F1xx_HAL_Driver/Src/stm32f1xx_hal_flash.o
                0x0000000020002cf0                pFlash
 *(COMMON)
                0x0000000020002d10                . = ALIGN (0x4)
                0x0000000020002d10                _ebss = .
                0x0000000020002d10                __bss_end__ = _ebss

._user_heap_stack
                0x0000000020002d10      0x600 load address 0x0000000008007b0c
                0x0000000020002d10                . = ALIGN (0x8)
                [!provide]                        PROVIDE (end = .)
                0x0000000020002d10                PROVIDE (_end = .)
                0x0000000020002f10                . = (. + _Min_Heap_Size)
 *fill*         0x0000000020002d10      0x200 
                0x0000000020003310                . = (. + _Min_Stack_Size)
 *fill*         0x0000000020002f10      0x400 
                0x0000000020003310                . = ALIGN (0x8)

/DISCARD/
 libc.a(*)
 libm.a(*)
 libgcc.a(*)

.ARM.attributes
                0x0000000000000000       0x29
 *(.ARM.attributes)
 .ARM.attributes
                0x0000000000000000       0x1d c:/st/stm32cubeide_1.10.1/stm32cubeide/plugins/com.st.stm32cube.ide.mcu.externaltools.gnu-tools-for-stm32.10.3-2021.10.win32_1.0.0.202111181127/tools/bin/../lib/gcc/arm-none-eabi/10.3.1/thumb/v7-m/nofp/crti.o
 .ARM.attributes
                0x000000000000001d       0x2d c:/st/stm32cubeide_1.10.1/stm32cubeide/plugins/com.st.stm32cube.ide.mcu.externaltools.gnu-tools-for-stm32.10.3-2021.10.win32_1.0.0.202111181127/tools/bin/../lib/gcc/arm-none-eabi/10.3.1/thumb/v7-m/nofp/crtbegin.o
 .ARM.attributes
                0x000000000000004a       0x2d ./Core/Src/FLASH_PAGE_F1.o
 .ARM.attributes
                0x0000000000000077       0x2d ./Core/Src/adc.o
 .ARM.attributes
                0x00000000000000a4       0x2d ./Core/Src/dma.o
 .ARM.attributes
                0x00000000000000d1       0x2d ./Core/Src/gpio.o
 .ARM.attributes
                0x00000000000000fe       0x2d ./Core/Src/main.o
 .ARM.attributes
                0x000000000000012b       0x2d ./Core/Src/motors.o
 .ARM.attributes
                0x0000000000000158       0x2d ./Core/Src/sharp.o
 .ARM.attributes
                0x0000000000000185       0x2d ./Core/Src/stm32f1xx_hal_msp.o
 .ARM.attributes
                0x00000000000001b2       0x2d ./Core/Src/stm32f1xx_it.o
 .ARM.attributes
                0x00000000000001df       0x2d ./Core/Src/system_stm32f1xx.o
 .ARM.attributes
                0x000000000000020c       0x2d ./Core/Src/tim.o
 .ARM.attributes
                0x0000000000000239       0x2d ./Core/Src/usart.o
 .ARM.attributes
                0x0000000000000266       0x21 ./Core/Startup/startup_stm32f103c8tx.o
 .ARM.attributes
                0x0000000000000287       0x2d ./Drivers/STM32F1xx_HAL_Driver/Src/stm32f1xx_hal.o
 .ARM.attributes
                0x00000000000002b4       0x2d ./Drivers/STM32F1xx_HAL_Driver/Src/stm32f1xx_hal_adc.o
 .ARM.attributes
                0x00000000000002e1       0x2d ./Drivers/STM32F1xx_HAL_Driver/Src/stm32f1xx_hal_cortex.o
 .ARM.attributes
                0x000000000000030e       0x2d ./Drivers/STM32F1xx_HAL_Driver/Src/stm32f1xx_hal_dma.o
 .ARM.attributes
                0x000000000000033b       0x2d ./Drivers/STM32F1xx_HAL_Driver/Src/stm32f1xx_hal_flash.o
 .ARM.attributes
                0x0000000000000368       0x2d ./Drivers/STM32F1xx_HAL_Driver/Src/stm32f1xx_hal_flash_ex.o
 .ARM.attributes
                0x0000000000000395       0x2d ./Drivers/STM32F1xx_HAL_Driver/Src/stm32f1xx_hal_gpio.o
 .ARM.attributes
                0x00000000000003c2       0x2d ./Drivers/STM32F1xx_HAL_Driver/Src/stm32f1xx_hal_rcc.o
 .ARM.attributes
                0x00000000000003ef       0x2d ./Drivers/STM32F1xx_HAL_Driver/Src/stm32f1xx_hal_rcc_ex.o
 .ARM.attributes
                0x000000000000041c       0x2d ./Drivers/STM32F1xx_HAL_Driver/Src/stm32f1xx_hal_tim.o
 .ARM.attributes
                0x0000000000000449       0x2d ./Drivers/STM32F1xx_HAL_Driver/Src/stm32f1xx_hal_tim_ex.o
 .ARM.attributes
                0x0000000000000476       0x2d ./Drivers/STM32F1xx_HAL_Driver/Src/stm32f1xx_hal_uart.o
 .ARM.attributes
                0x00000000000004a3       0x2d c:/st/stm32cubeide_1.10.1/stm32cubeide/plugins/com.st.stm32cube.ide.mcu.externaltools.gnu-tools-for-stm32.10.3-2021.10.win32_1.0.0.202111181127/tools/bin/../lib/gcc/arm-none-eabi/10.3.1/../../../../arm-none-eabi/lib/thumb/v7-m/nofp\libm.a(lib_a-w_pow.o)
 .ARM.attributes
                0x00000000000004d0       0x2d c:/st/stm32cubeide_1.10.1/stm32cubeide/plugins/com.st.stm32cube.ide.mcu.externaltools.gnu-tools-for-stm32.10.3-2021.10.win32_1.0.0.202111181127/tools/bin/../lib/gcc/arm-none-eabi/10.3.1/../../../../arm-none-eabi/lib/thumb/v7-m/nofp\libm.a(lib_a-e_pow.o)
 .ARM.attributes
                0x00000000000004fd       0x2d c:/st/stm32cubeide_1.10.1/stm32cubeide/plugins/com.st.stm32cube.ide.mcu.externaltools.gnu-tools-for-stm32.10.3-2021.10.win32_1.0.0.202111181127/tools/bin/../lib/gcc/arm-none-eabi/10.3.1/../../../../arm-none-eabi/lib/thumb/v7-m/nofp\libm.a(lib_a-e_sqrt.o)
 .ARM.attributes
                0x000000000000052a       0x2d c:/st/stm32cubeide_1.10.1/stm32cubeide/plugins/com.st.stm32cube.ide.mcu.externaltools.gnu-tools-for-stm32.10.3-2021.10.win32_1.0.0.202111181127/tools/bin/../lib/gcc/arm-none-eabi/10.3.1/../../../../arm-none-eabi/lib/thumb/v7-m/nofp\libm.a(lib_a-math_err.o)
 .ARM.attributes
                0x0000000000000557       0x2d c:/st/stm32cubeide_1.10.1/stm32cubeide/plugins/com.st.stm32cube.ide.mcu.externaltools.gnu-tools-for-stm32.10.3-2021.10.win32_1.0.0.202111181127/tools/bin/../lib/gcc/arm-none-eabi/10.3.1/../../../../arm-none-eabi/lib/thumb/v7-m/nofp\libm.a(lib_a-s_fabs.o)
 .ARM.attributes
                0x0000000000000584       0x2d c:/st/stm32cubeide_1.10.1/stm32cubeide/plugins/com.st.stm32cube.ide.mcu.externaltools.gnu-tools-for-stm32.10.3-2021.10.win32_1.0.0.202111181127/tools/bin/../lib/gcc/arm-none-eabi/10.3.1/../../../../arm-none-eabi/lib/thumb/v7-m/nofp\libm.a(lib_a-s_finite.o)
 .ARM.attributes
                0x00000000000005b1       0x2d c:/st/stm32cubeide_1.10.1/stm32cubeide/plugins/com.st.stm32cube.ide.mcu.externaltools.gnu-tools-for-stm32.10.3-2021.10.win32_1.0.0.202111181127/tools/bin/../lib/gcc/arm-none-eabi/10.3.1/../../../../arm-none-eabi/lib/thumb/v7-m/nofp\libm.a(lib_a-s_scalbn.o)
 .ARM.attributes
                0x00000000000005de       0x2d c:/st/stm32cubeide_1.10.1/stm32cubeide/plugins/com.st.stm32cube.ide.mcu.externaltools.gnu-tools-for-stm32.10.3-2021.10.win32_1.0.0.202111181127/tools/bin/../lib/gcc/arm-none-eabi/10.3.1/../../../../arm-none-eabi/lib/thumb/v7-m/nofp\libc_nano.a(lib_a-errno.o)
 .ARM.attributes
                0x000000000000060b       0x2d c:/st/stm32cubeide_1.10.1/stm32cubeide/plugins/com.st.stm32cube.ide.mcu.externaltools.gnu-tools-for-stm32.10.3-2021.10.win32_1.0.0.202111181127/tools/bin/../lib/gcc/arm-none-eabi/10.3.1/../../../../arm-none-eabi/lib/thumb/v7-m/nofp\libc_nano.a(lib_a-impure.o)
 .ARM.attributes
                0x0000000000000638       0x2d c:/st/stm32cubeide_1.10.1/stm32cubeide/plugins/com.st.stm32cube.ide.mcu.externaltools.gnu-tools-for-stm32.10.3-2021.10.win32_1.0.0.202111181127/tools/bin/../lib/gcc/arm-none-eabi/10.3.1/../../../../arm-none-eabi/lib/thumb/v7-m/nofp\libc_nano.a(lib_a-init.o)
 .ARM.attributes
                0x0000000000000665       0x2d c:/st/stm32cubeide_1.10.1/stm32cubeide/plugins/com.st.stm32cube.ide.mcu.externaltools.gnu-tools-for-stm32.10.3-2021.10.win32_1.0.0.202111181127/tools/bin/../lib/gcc/arm-none-eabi/10.3.1/../../../../arm-none-eabi/lib/thumb/v7-m/nofp\libc_nano.a(lib_a-memset.o)
 .ARM.attributes
                0x0000000000000692       0x17 c:/st/stm32cubeide_1.10.1/stm32cubeide/plugins/com.st.stm32cube.ide.mcu.externaltools.gnu-tools-for-stm32.10.3-2021.10.win32_1.0.0.202111181127/tools/bin/../lib/gcc/arm-none-eabi/10.3.1/../../../../arm-none-eabi/lib/thumb/v7-m/nofp\libc_nano.a(lib_a-strlen.o)
 .ARM.attributes
                0x00000000000006a9       0x1d c:/st/stm32cubeide_1.10.1/stm32cubeide/plugins/com.st.stm32cube.ide.mcu.externaltools.gnu-tools-for-stm32.10.3-2021.10.win32_1.0.0.202111181127/tools/bin/../lib/gcc/arm-none-eabi/10.3.1/thumb/v7-m/nofp\libgcc.a(_arm_addsubdf3.o)
 .ARM.attributes
                0x00000000000006c6       0x1d c:/st/stm32cubeide_1.10.1/stm32cubeide/plugins/com.st.stm32cube.ide.mcu.externaltools.gnu-tools-for-stm32.10.3-2021.10.win32_1.0.0.202111181127/tools/bin/../lib/gcc/arm-none-eabi/10.3.1/thumb/v7-m/nofp\libgcc.a(_arm_muldivdf3.o)
 .ARM.attributes
                0x00000000000006e3       0x1d c:/st/stm32cubeide_1.10.1/stm32cubeide/plugins/com.st.stm32cube.ide.mcu.externaltools.gnu-tools-for-stm32.10.3-2021.10.win32_1.0.0.202111181127/tools/bin/../lib/gcc/arm-none-eabi/10.3.1/thumb/v7-m/nofp\libgcc.a(_arm_cmpdf2.o)
 .ARM.attributes
                0x0000000000000700       0x1d c:/st/stm32cubeide_1.10.1/stm32cubeide/plugins/com.st.stm32cube.ide.mcu.externaltools.gnu-tools-for-stm32.10.3-2021.10.win32_1.0.0.202111181127/tools/bin/../lib/gcc/arm-none-eabi/10.3.1/thumb/v7-m/nofp\libgcc.a(_arm_unorddf2.o)
 .ARM.attributes
                0x000000000000071d       0x1d c:/st/stm32cubeide_1.10.1/stm32cubeide/plugins/com.st.stm32cube.ide.mcu.externaltools.gnu-tools-for-stm32.10.3-2021.10.win32_1.0.0.202111181127/tools/bin/../lib/gcc/arm-none-eabi/10.3.1/thumb/v7-m/nofp\libgcc.a(_arm_truncdfsf2.o)
 .ARM.attributes
                0x000000000000073a       0x1d c:/st/stm32cubeide_1.10.1/stm32cubeide/plugins/com.st.stm32cube.ide.mcu.externaltools.gnu-tools-for-stm32.10.3-2021.10.win32_1.0.0.202111181127/tools/bin/../lib/gcc/arm-none-eabi/10.3.1/thumb/v7-m/nofp\libgcc.a(_arm_addsubsf3.o)
 .ARM.attributes
                0x0000000000000757       0x1d c:/st/stm32cubeide_1.10.1/stm32cubeide/plugins/com.st.stm32cube.ide.mcu.externaltools.gnu-tools-for-stm32.10.3-2021.10.win32_1.0.0.202111181127/tools/bin/../lib/gcc/arm-none-eabi/10.3.1/thumb/v7-m/nofp\libgcc.a(_arm_muldivsf3.o)
 .ARM.attributes
                0x0000000000000774       0x1d c:/st/stm32cubeide_1.10.1/stm32cubeide/plugins/com.st.stm32cube.ide.mcu.externaltools.gnu-tools-for-stm32.10.3-2021.10.win32_1.0.0.202111181127/tools/bin/../lib/gcc/arm-none-eabi/10.3.1/thumb/v7-m/nofp\libgcc.a(_arm_cmpsf2.o)
 .ARM.attributes
                0x0000000000000791       0x1d c:/st/stm32cubeide_1.10.1/stm32cubeide/plugins/com.st.stm32cube.ide.mcu.externaltools.gnu-tools-for-stm32.10.3-2021.10.win32_1.0.0.202111181127/tools/bin/../lib/gcc/arm-none-eabi/10.3.1/thumb/v7-m/nofp\libgcc.a(_arm_fixsfsi.o)
 .ARM.attributes
                0x00000000000007ae       0x1d c:/st/stm32cubeide_1.10.1/stm32cubeide/plugins/com.st.stm32cube.ide.mcu.externaltools.gnu-tools-for-stm32.10.3-2021.10.win32_1.0.0.202111181127/tools/bin/../lib/gcc/arm-none-eabi/10.3.1/thumb/v7-m/nofp/crtn.o
OUTPUT(RobotAlgoritmoSasi.elf elf32-littlearm)
LOAD linker stubs
LOAD c:/st/stm32cubeide_1.10.1/stm32cubeide/plugins/com.st.stm32cube.ide.mcu.externaltools.gnu-tools-for-stm32.10.3-2021.10.win32_1.0.0.202111181127/tools/bin/../lib/gcc/arm-none-eabi/10.3.1/../../../../arm-none-eabi/lib/thumb/v7-m/nofp\libc.a
LOAD c:/st/stm32cubeide_1.10.1/stm32cubeide/plugins/com.st.stm32cube.ide.mcu.externaltools.gnu-tools-for-stm32.10.3-2021.10.win32_1.0.0.202111181127/tools/bin/../lib/gcc/arm-none-eabi/10.3.1/../../../../arm-none-eabi/lib/thumb/v7-m/nofp\libm.a
LOAD c:/st/stm32cubeide_1.10.1/stm32cubeide/plugins/com.st.stm32cube.ide.mcu.externaltools.gnu-tools-for-stm32.10.3-2021.10.win32_1.0.0.202111181127/tools/bin/../lib/gcc/arm-none-eabi/10.3.1/thumb/v7-m/nofp\libgcc.a

.debug_info     0x0000000000000000     0xeb8f
 .debug_info    0x0000000000000000      0x527 ./Core/Src/FLASH_PAGE_F1.o
 .debug_info    0x0000000000000527      0x85f ./Core/Src/adc.o
 .debug_info    0x0000000000000d86      0x2e6 ./Core/Src/dma.o
 .debug_info    0x000000000000106c      0x30b ./Core/Src/gpio.o
 .debug_info    0x0000000000001377     0x1b0e ./Core/Src/main.o
 .debug_info    0x0000000000002e85      0x3b2 ./Core/Src/motors.o
 .debug_info    0x0000000000003237      0x206 ./Core/Src/sharp.o
 .debug_info    0x000000000000343d      0x210 ./Core/Src/stm32f1xx_hal_msp.o
 .debug_info    0x000000000000364d      0x3a0 ./Core/Src/stm32f1xx_it.o
 .debug_info    0x00000000000039ed      0x23d ./Core/Src/system_stm32f1xx.o
 .debug_info    0x0000000000003c2a      0xcab ./Core/Src/tim.o
 .debug_info    0x00000000000048d5      0x7e2 ./Core/Src/usart.o
 .debug_info    0x00000000000050b7       0x22 ./Core/Startup/startup_stm32f103c8tx.o
 .debug_info    0x00000000000050d9      0x734 ./Drivers/STM32F1xx_HAL_Driver/Src/stm32f1xx_hal.o
 .debug_info    0x000000000000580d      0xcd9 ./Drivers/STM32F1xx_HAL_Driver/Src/stm32f1xx_hal_adc.o
 .debug_info    0x00000000000064e6      0xb20 ./Drivers/STM32F1xx_HAL_Driver/Src/stm32f1xx_hal_cortex.o
 .debug_info    0x0000000000007006      0x73f ./Drivers/STM32F1xx_HAL_Driver/Src/stm32f1xx_hal_dma.o
 .debug_info    0x0000000000007745      0x547 ./Drivers/STM32F1xx_HAL_Driver/Src/stm32f1xx_hal_flash.o
 .debug_info    0x0000000000007c8c      0x7e5 ./Drivers/STM32F1xx_HAL_Driver/Src/stm32f1xx_hal_flash_ex.o
 .debug_info    0x0000000000008471      0x615 ./Drivers/STM32F1xx_HAL_Driver/Src/stm32f1xx_hal_gpio.o
 .debug_info    0x0000000000008a86      0x860 ./Drivers/STM32F1xx_HAL_Driver/Src/stm32f1xx_hal_rcc.o
 .debug_info    0x00000000000092e6      0x3e0 ./Drivers/STM32F1xx_HAL_Driver/Src/stm32f1xx_hal_rcc_ex.o
 .debug_info    0x00000000000096c6     0x29de ./Drivers/STM32F1xx_HAL_Driver/Src/stm32f1xx_hal_tim.o
 .debug_info    0x000000000000c0a4     0x1513 ./Drivers/STM32F1xx_HAL_Driver/Src/stm32f1xx_hal_tim_ex.o
 .debug_info    0x000000000000d5b7     0x15d8 ./Drivers/STM32F1xx_HAL_Driver/Src/stm32f1xx_hal_uart.o

.debug_abbrev   0x0000000000000000     0x2e4f
 .debug_abbrev  0x0000000000000000      0x1ff ./Core/Src/FLASH_PAGE_F1.o
 .debug_abbrev  0x00000000000001ff      0x1e1 ./Core/Src/adc.o
 .debug_abbrev  0x00000000000003e0       0xf8 ./Core/Src/dma.o
 .debug_abbrev  0x00000000000004d8      0x134 ./Core/Src/gpio.o
 .debug_abbrev  0x000000000000060c      0x378 ./Core/Src/main.o
 .debug_abbrev  0x0000000000000984      0x167 ./Core/Src/motors.o
 .debug_abbrev  0x0000000000000aeb      0x103 ./Core/Src/sharp.o
 .debug_abbrev  0x0000000000000bee       0xd4 ./Core/Src/stm32f1xx_hal_msp.o
 .debug_abbrev  0x0000000000000cc2      0x15f ./Core/Src/stm32f1xx_it.o
 .debug_abbrev  0x0000000000000e21      0x13b ./Core/Src/system_stm32f1xx.o
 .debug_abbrev  0x0000000000000f5c      0x280 ./Core/Src/tim.o
 .debug_abbrev  0x00000000000011dc      0x1ce ./Core/Src/usart.o
 .debug_abbrev  0x00000000000013aa       0x12 ./Core/Startup/startup_stm32f103c8tx.o
 .debug_abbrev  0x00000000000013bc      0x1fb ./Drivers/STM32F1xx_HAL_Driver/Src/stm32f1xx_hal.o
 .debug_abbrev  0x00000000000015b7      0x210 ./Drivers/STM32F1xx_HAL_Driver/Src/stm32f1xx_hal_adc.o
 .debug_abbrev  0x00000000000017c7      0x2ed ./Drivers/STM32F1xx_HAL_Driver/Src/stm32f1xx_hal_cortex.o
 .debug_abbrev  0x0000000000001ab4      0x1fe ./Drivers/STM32F1xx_HAL_Driver/Src/stm32f1xx_hal_dma.o
 .debug_abbrev  0x0000000000001cb2      0x243 ./Drivers/STM32F1xx_HAL_Driver/Src/stm32f1xx_hal_flash.o
 .debug_abbrev  0x0000000000001ef5      0x23b ./Drivers/STM32F1xx_HAL_Driver/Src/stm32f1xx_hal_flash_ex.o
 .debug_abbrev  0x0000000000002130      0x1bb ./Drivers/STM32F1xx_HAL_Driver/Src/stm32f1xx_hal_gpio.o
 .debug_abbrev  0x00000000000022eb      0x2a8 ./Drivers/STM32F1xx_HAL_Driver/Src/stm32f1xx_hal_rcc.o
 .debug_abbrev  0x0000000000002593      0x182 ./Drivers/STM32F1xx_HAL_Driver/Src/stm32f1xx_hal_rcc_ex.o
 .debug_abbrev  0x0000000000002715      0x25d ./Drivers/STM32F1xx_HAL_Driver/Src/stm32f1xx_hal_tim.o
 .debug_abbrev  0x0000000000002972      0x265 ./Drivers/STM32F1xx_HAL_Driver/Src/stm32f1xx_hal_tim_ex.o
 .debug_abbrev  0x0000000000002bd7      0x278 ./Drivers/STM32F1xx_HAL_Driver/Src/stm32f1xx_hal_uart.o

.debug_aranges  0x0000000000000000     0x1048
 .debug_aranges
                0x0000000000000000       0x58 ./Core/Src/FLASH_PAGE_F1.o
 .debug_aranges
                0x0000000000000058       0x30 ./Core/Src/adc.o
 .debug_aranges
                0x0000000000000088       0x20 ./Core/Src/dma.o
 .debug_aranges
                0x00000000000000a8       0x20 ./Core/Src/gpio.o
 .debug_aranges
                0x00000000000000c8       0xe0 ./Core/Src/main.o
 .debug_aranges
                0x00000000000001a8       0x50 ./Core/Src/motors.o
 .debug_aranges
                0x00000000000001f8       0x30 ./Core/Src/sharp.o
 .debug_aranges
                0x0000000000000228       0x20 ./Core/Src/stm32f1xx_hal_msp.o
 .debug_aranges
                0x0000000000000248       0x68 ./Core/Src/stm32f1xx_it.o
 .debug_aranges
                0x00000000000002b0       0x28 ./Core/Src/system_stm32f1xx.o
 .debug_aranges
                0x00000000000002d8       0x58 ./Core/Src/tim.o
 .debug_aranges
                0x0000000000000330       0x30 ./Core/Src/usart.o
 .debug_aranges
                0x0000000000000360       0x28 ./Core/Startup/startup_stm32f103c8tx.o
 .debug_aranges
                0x0000000000000388       0xe0 ./Drivers/STM32F1xx_HAL_Driver/Src/stm32f1xx_hal.o
 .debug_aranges
                0x0000000000000468       0xf0 ./Drivers/STM32F1xx_HAL_Driver/Src/stm32f1xx_hal_adc.o
 .debug_aranges
                0x0000000000000558      0x100 ./Drivers/STM32F1xx_HAL_Driver/Src/stm32f1xx_hal_cortex.o
 .debug_aranges
                0x0000000000000658       0x80 ./Drivers/STM32F1xx_HAL_Driver/Src/stm32f1xx_hal_dma.o
 .debug_aranges
                0x00000000000006d8       0x88 ./Drivers/STM32F1xx_HAL_Driver/Src/stm32f1xx_hal_flash.o
 .debug_aranges
                0x0000000000000760       0x98 ./Drivers/STM32F1xx_HAL_Driver/Src/stm32f1xx_hal_flash_ex.o
 .debug_aranges
                0x00000000000007f8       0x58 ./Drivers/STM32F1xx_HAL_Driver/Src/stm32f1xx_hal_gpio.o
 .debug_aranges
                0x0000000000000850       0x90 ./Drivers/STM32F1xx_HAL_Driver/Src/stm32f1xx_hal_rcc.o
 .debug_aranges
                0x00000000000008e0       0x30 ./Drivers/STM32F1xx_HAL_Driver/Src/stm32f1xx_hal_rcc_ex.o
 .debug_aranges
                0x0000000000000910      0x3d0 ./Drivers/STM32F1xx_HAL_Driver/Src/stm32f1xx_hal_tim.o
 .debug_aranges
                0x0000000000000ce0      0x168 ./Drivers/STM32F1xx_HAL_Driver/Src/stm32f1xx_hal_tim_ex.o
 .debug_aranges
                0x0000000000000e48      0x200 ./Drivers/STM32F1xx_HAL_Driver/Src/stm32f1xx_hal_uart.o

.debug_ranges   0x0000000000000000      0xef0
 .debug_ranges  0x0000000000000000       0x48 ./Core/Src/FLASH_PAGE_F1.o
 .debug_ranges  0x0000000000000048       0x20 ./Core/Src/adc.o
 .debug_ranges  0x0000000000000068       0x10 ./Core/Src/dma.o
 .debug_ranges  0x0000000000000078       0x10 ./Core/Src/gpio.o
 .debug_ranges  0x0000000000000088       0xd0 ./Core/Src/main.o
 .debug_ranges  0x0000000000000158       0x40 ./Core/Src/motors.o
 .debug_ranges  0x0000000000000198       0x20 ./Core/Src/sharp.o
 .debug_ranges  0x00000000000001b8       0x10 ./Core/Src/stm32f1xx_hal_msp.o
 .debug_ranges  0x00000000000001c8       0x58 ./Core/Src/stm32f1xx_it.o
 .debug_ranges  0x0000000000000220       0x18 ./Core/Src/system_stm32f1xx.o
 .debug_ranges  0x0000000000000238       0x48 ./Core/Src/tim.o
 .debug_ranges  0x0000000000000280       0x20 ./Core/Src/usart.o
 .debug_ranges  0x00000000000002a0       0x20 ./Core/Startup/startup_stm32f103c8tx.o
 .debug_ranges  0x00000000000002c0       0xd0 ./Drivers/STM32F1xx_HAL_Driver/Src/stm32f1xx_hal.o
 .debug_ranges  0x0000000000000390       0xe0 ./Drivers/STM32F1xx_HAL_Driver/Src/stm32f1xx_hal_adc.o
 .debug_ranges  0x0000000000000470       0xf0 ./Drivers/STM32F1xx_HAL_Driver/Src/stm32f1xx_hal_cortex.o
 .debug_ranges  0x0000000000000560       0x70 ./Drivers/STM32F1xx_HAL_Driver/Src/stm32f1xx_hal_dma.o
 .debug_ranges  0x00000000000005d0       0x78 ./Drivers/STM32F1xx_HAL_Driver/Src/stm32f1xx_hal_flash.o
 .debug_ranges  0x0000000000000648       0x88 ./Drivers/STM32F1xx_HAL_Driver/Src/stm32f1xx_hal_flash_ex.o
 .debug_ranges  0x00000000000006d0       0x48 ./Drivers/STM32F1xx_HAL_Driver/Src/stm32f1xx_hal_gpio.o
 .debug_ranges  0x0000000000000718       0x80 ./Drivers/STM32F1xx_HAL_Driver/Src/stm32f1xx_hal_rcc.o
 .debug_ranges  0x0000000000000798       0x20 ./Drivers/STM32F1xx_HAL_Driver/Src/stm32f1xx_hal_rcc_ex.o
 .debug_ranges  0x00000000000007b8      0x3c0 ./Drivers/STM32F1xx_HAL_Driver/Src/stm32f1xx_hal_tim.o
 .debug_ranges  0x0000000000000b78      0x158 ./Drivers/STM32F1xx_HAL_Driver/Src/stm32f1xx_hal_tim_ex.o
 .debug_ranges  0x0000000000000cd0      0x220 ./Drivers/STM32F1xx_HAL_Driver/Src/stm32f1xx_hal_uart.o

.debug_macro    0x0000000000000000    0x19ec2
 .debug_macro   0x0000000000000000      0x350 ./Core/Src/FLASH_PAGE_F1.o
 .debug_macro   0x0000000000000350      0xa6c ./Core/Src/FLASH_PAGE_F1.o
 .debug_macro   0x0000000000000dbc      0x227 ./Core/Src/FLASH_PAGE_F1.o
 .debug_macro   0x0000000000000fe3       0x2e ./Core/Src/FLASH_PAGE_F1.o
 .debug_macro   0x0000000000001011       0x22 ./Core/Src/FLASH_PAGE_F1.o
 .debug_macro   0x0000000000001033       0x22 ./Core/Src/FLASH_PAGE_F1.o
 .debug_macro   0x0000000000001055       0x8e ./Core/Src/FLASH_PAGE_F1.o
 .debug_macro   0x00000000000010e3       0x51 ./Core/Src/FLASH_PAGE_F1.o
 .debug_macro   0x0000000000001134      0x103 ./Core/Src/FLASH_PAGE_F1.o
 .debug_macro   0x0000000000001237       0x6a ./Core/Src/FLASH_PAGE_F1.o
 .debug_macro   0x00000000000012a1      0x1df ./Core/Src/FLASH_PAGE_F1.o
 .debug_macro   0x0000000000001480       0x1c ./Core/Src/FLASH_PAGE_F1.o
 .debug_macro   0x000000000000149c       0x22 ./Core/Src/FLASH_PAGE_F1.o
 .debug_macro   0x00000000000014be       0xbd ./Core/Src/FLASH_PAGE_F1.o
 .debug_macro   0x000000000000157b      0xd23 ./Core/Src/FLASH_PAGE_F1.o
 .debug_macro   0x000000000000229e     0xe09e ./Core/Src/FLASH_PAGE_F1.o
 .debug_macro   0x000000000001033c       0x6d ./Core/Src/FLASH_PAGE_F1.o
 .debug_macro   0x00000000000103a9     0x3468 ./Core/Src/FLASH_PAGE_F1.o
 .debug_macro   0x0000000000013811      0x174 ./Core/Src/FLASH_PAGE_F1.o
 .debug_macro   0x0000000000013985       0x5c ./Core/Src/FLASH_PAGE_F1.o
 .debug_macro   0x00000000000139e1      0x5be ./Core/Src/FLASH_PAGE_F1.o
 .debug_macro   0x0000000000013f9f      0x289 ./Core/Src/FLASH_PAGE_F1.o
 .debug_macro   0x0000000000014228      0x1cb ./Core/Src/FLASH_PAGE_F1.o
 .debug_macro   0x00000000000143f3      0x114 ./Core/Src/FLASH_PAGE_F1.o
 .debug_macro   0x0000000000014507      0x1b2 ./Core/Src/FLASH_PAGE_F1.o
 .debug_macro   0x00000000000146b9       0x27 ./Core/Src/FLASH_PAGE_F1.o
 .debug_macro   0x00000000000146e0      0x136 ./Core/Src/FLASH_PAGE_F1.o
 .debug_macro   0x0000000000014816      0x1bc ./Core/Src/FLASH_PAGE_F1.o
 .debug_macro   0x00000000000149d2       0x34 ./Core/Src/FLASH_PAGE_F1.o
 .debug_macro   0x0000000000014a06       0x3c ./Core/Src/FLASH_PAGE_F1.o
 .debug_macro   0x0000000000014a42       0x57 ./Core/Src/FLASH_PAGE_F1.o
 .debug_macro   0x0000000000014a99      0x46a ./Core/Src/FLASH_PAGE_F1.o
 .debug_macro   0x0000000000014f03      0x1b5 ./Core/Src/FLASH_PAGE_F1.o
 .debug_macro   0x00000000000150b8       0x88 ./Core/Src/FLASH_PAGE_F1.o
 .debug_macro   0x0000000000015140      0x241 ./Core/Src/FLASH_PAGE_F1.o
 .debug_macro   0x0000000000015381      0x141 ./Core/Src/FLASH_PAGE_F1.o
 .debug_macro   0x00000000000154c2      0x8d1 ./Core/Src/FLASH_PAGE_F1.o
 .debug_macro   0x0000000000015d93      0x279 ./Core/Src/FLASH_PAGE_F1.o
 .debug_macro   0x000000000001600c       0x83 ./Core/Src/FLASH_PAGE_F1.o
 .debug_macro   0x000000000001608f       0x52 ./Core/Src/FLASH_PAGE_F1.o
 .debug_macro   0x00000000000160e1       0x18 ./Core/Src/FLASH_PAGE_F1.o
 .debug_macro   0x00000000000160f9       0x3c ./Core/Src/FLASH_PAGE_F1.o
 .debug_macro   0x0000000000016135       0x34 ./Core/Src/FLASH_PAGE_F1.o
 .debug_macro   0x0000000000016169       0x16 ./Core/Src/FLASH_PAGE_F1.o
 .debug_macro   0x000000000001617f       0x43 ./Core/Src/FLASH_PAGE_F1.o
 .debug_macro   0x00000000000161c2       0x34 ./Core/Src/FLASH_PAGE_F1.o
 .debug_macro   0x00000000000161f6       0x10 ./Core/Src/FLASH_PAGE_F1.o
 .debug_macro   0x0000000000016206       0x58 ./Core/Src/FLASH_PAGE_F1.o
 .debug_macro   0x000000000001625e       0x71 ./Core/Src/FLASH_PAGE_F1.o
 .debug_macro   0x00000000000162cf       0x1c ./Core/Src/FLASH_PAGE_F1.o
 .debug_macro   0x00000000000162eb      0x12a ./Core/Src/FLASH_PAGE_F1.o
 .debug_macro   0x0000000000016415      0x341 ./Core/Src/FLASH_PAGE_F1.o
 .debug_macro   0x0000000000016756       0x10 ./Core/Src/FLASH_PAGE_F1.o
 .debug_macro   0x0000000000016766       0x35 ./Core/Src/FLASH_PAGE_F1.o
 .debug_macro   0x000000000001679b       0x20 ./Core/Src/FLASH_PAGE_F1.o
 .debug_macro   0x00000000000167bb       0x1c ./Core/Src/FLASH_PAGE_F1.o
 .debug_macro   0x00000000000167d7       0x10 ./Core/Src/FLASH_PAGE_F1.o
 .debug_macro   0x00000000000167e7       0x10 ./Core/Src/FLASH_PAGE_F1.o
 .debug_macro   0x00000000000167f7       0x1c ./Core/Src/FLASH_PAGE_F1.o
 .debug_macro   0x0000000000016813       0x52 ./Core/Src/FLASH_PAGE_F1.o
 .debug_macro   0x0000000000016865       0x22 ./Core/Src/FLASH_PAGE_F1.o
 .debug_macro   0x0000000000016887       0x10 ./Core/Src/FLASH_PAGE_F1.o
 .debug_macro   0x0000000000016897       0x52 ./Core/Src/FLASH_PAGE_F1.o
 .debug_macro   0x00000000000168e9       0xd5 ./Core/Src/FLASH_PAGE_F1.o
 .debug_macro   0x00000000000169be       0x1c ./Core/Src/FLASH_PAGE_F1.o
 .debug_macro   0x00000000000169da       0x3d ./Core/Src/FLASH_PAGE_F1.o
 .debug_macro   0x0000000000016a17       0x16 ./Core/Src/FLASH_PAGE_F1.o
 .debug_macro   0x0000000000016a2d      0x145 ./Core/Src/FLASH_PAGE_F1.o
 .debug_macro   0x0000000000016b72      0x1e8 ./Core/Src/adc.o
 .debug_macro   0x0000000000016d5a      0x25c ./Core/Src/adc.o
 .debug_macro   0x0000000000016fb6      0x1e8 ./Core/Src/dma.o
 .debug_macro   0x000000000001719e      0x1e8 ./Core/Src/gpio.o
 .debug_macro   0x0000000000017386      0x413 ./Core/Src/main.o
 .debug_macro   0x0000000000017799       0x16 ./Core/Src/main.o
 .debug_macro   0x00000000000177af       0x16 ./Core/Src/main.o
 .debug_macro   0x00000000000177c5       0x29 ./Core/Src/main.o
 .debug_macro   0x00000000000177ee       0x16 ./Core/Src/main.o
 .debug_macro   0x0000000000017804      0x19b ./Core/Src/main.o
 .debug_macro   0x000000000001799f      0x201 ./Core/Src/main.o
 .debug_macro   0x0000000000017ba0      0x1e2 ./Core/Src/motors.o
 .debug_macro   0x0000000000017d82      0x28d ./Core/Src/sharp.o
 .debug_macro   0x000000000001800f      0x1de ./Core/Src/stm32f1xx_hal_msp.o
 .debug_macro   0x00000000000181ed      0x1e8 ./Core/Src/stm32f1xx_it.o
 .debug_macro   0x00000000000183d5      0x1b7 ./Core/Src/system_stm32f1xx.o
 .debug_macro   0x000000000001858c      0x1e8 ./Core/Src/tim.o
 .debug_macro   0x0000000000018774      0x1e8 ./Core/Src/usart.o
 .debug_macro   0x000000000001895c      0x1db ./Drivers/STM32F1xx_HAL_Driver/Src/stm32f1xx_hal.o
 .debug_macro   0x0000000000018b37      0x1d4 ./Drivers/STM32F1xx_HAL_Driver/Src/stm32f1xx_hal_adc.o
 .debug_macro   0x0000000000018d0b      0x1b7 ./Drivers/STM32F1xx_HAL_Driver/Src/stm32f1xx_hal_cortex.o
 .debug_macro   0x0000000000018ec2      0x1b7 ./Drivers/STM32F1xx_HAL_Driver/Src/stm32f1xx_hal_dma.o
 .debug_macro   0x0000000000019079      0x1b7 ./Drivers/STM32F1xx_HAL_Driver/Src/stm32f1xx_hal_flash.o
 .debug_macro   0x0000000000019230      0x1c9 ./Drivers/STM32F1xx_HAL_Driver/Src/stm32f1xx_hal_flash_ex.o
 .debug_macro   0x00000000000193f9      0x222 ./Drivers/STM32F1xx_HAL_Driver/Src/stm32f1xx_hal_gpio.o
 .debug_macro   0x000000000001961b      0x1c9 ./Drivers/STM32F1xx_HAL_Driver/Src/stm32f1xx_hal_rcc.o
 .debug_macro   0x00000000000197e4      0x1b7 ./Drivers/STM32F1xx_HAL_Driver/Src/stm32f1xx_hal_rcc_ex.o
 .debug_macro   0x000000000001999b      0x1b8 ./Drivers/STM32F1xx_HAL_Driver/Src/stm32f1xx_hal_tim.o
 .debug_macro   0x0000000000019b53      0x1b7 ./Drivers/STM32F1xx_HAL_Driver/Src/stm32f1xx_hal_tim_ex.o
 .debug_macro   0x0000000000019d0a      0x1b8 ./Drivers/STM32F1xx_HAL_Driver/Src/stm32f1xx_hal_uart.o

.debug_line     0x0000000000000000    0x13898
 .debug_line    0x0000000000000000      0xab1 ./Core/Src/FLASH_PAGE_F1.o
 .debug_line    0x0000000000000ab1      0x779 ./Core/Src/adc.o
 .debug_line    0x000000000000122a      0x6b5 ./Core/Src/dma.o
 .debug_line    0x00000000000018df      0x6ef ./Core/Src/gpio.o
 .debug_line    0x0000000000001fce     0x163f ./Core/Src/main.o
 .debug_line    0x000000000000360d      0x787 ./Core/Src/motors.o
 .debug_line    0x0000000000003d94      0x8a2 ./Core/Src/sharp.o
 .debug_line    0x0000000000004636      0x6ba ./Core/Src/stm32f1xx_hal_msp.o
 .debug_line    0x0000000000004cf0      0x794 ./Core/Src/stm32f1xx_it.o
 .debug_line    0x0000000000005484      0x721 ./Core/Src/system_stm32f1xx.o
 .debug_line    0x0000000000005ba5      0x891 ./Core/Src/tim.o
 .debug_line    0x0000000000006436      0x729 ./Core/Src/usart.o
 .debug_line    0x0000000000006b5f       0x87 ./Core/Startup/startup_stm32f103c8tx.o
 .debug_line    0x0000000000006be6      0x94e ./Drivers/STM32F1xx_HAL_Driver/Src/stm32f1xx_hal.o
 .debug_line    0x0000000000007534      0xfc5 ./Drivers/STM32F1xx_HAL_Driver/Src/stm32f1xx_hal_adc.o
 .debug_line    0x00000000000084f9      0xb36 ./Drivers/STM32F1xx_HAL_Driver/Src/stm32f1xx_hal_cortex.o
 .debug_line    0x000000000000902f      0xda6 ./Drivers/STM32F1xx_HAL_Driver/Src/stm32f1xx_hal_dma.o
 .debug_line    0x0000000000009dd5      0xa2b ./Drivers/STM32F1xx_HAL_Driver/Src/stm32f1xx_hal_flash.o
 .debug_line    0x000000000000a800      0xb1a ./Drivers/STM32F1xx_HAL_Driver/Src/stm32f1xx_hal_flash_ex.o
 .debug_line    0x000000000000b31a      0x9e5 ./Drivers/STM32F1xx_HAL_Driver/Src/stm32f1xx_hal_gpio.o
 .debug_line    0x000000000000bcff      0xd5c ./Drivers/STM32F1xx_HAL_Driver/Src/stm32f1xx_hal_rcc.o
 .debug_line    0x000000000000ca5b      0x89a ./Drivers/STM32F1xx_HAL_Driver/Src/stm32f1xx_hal_rcc_ex.o
 .debug_line    0x000000000000d2f5     0x3304 ./Drivers/STM32F1xx_HAL_Driver/Src/stm32f1xx_hal_tim.o
 .debug_line    0x00000000000105f9     0x1876 ./Drivers/STM32F1xx_HAL_Driver/Src/stm32f1xx_hal_tim_ex.o
 .debug_line    0x0000000000011e6f     0x1a29 ./Drivers/STM32F1xx_HAL_Driver/Src/stm32f1xx_hal_uart.o

.debug_str      0x0000000000000000    0x9136b
 .debug_str     0x0000000000000000    0x8b8b6 ./Core/Src/FLASH_PAGE_F1.o
                                      0x8bc4e (size before relaxing)
 .debug_str     0x000000000008b8b6      0xa4c ./Core/Src/adc.o
                                      0x88717 (size before relaxing)
 .debug_str     0x000000000008c302      0x2bf ./Core/Src/dma.o
                                      0x885aa (size before relaxing)
 .debug_str     0x000000000008c5c1       0x68 ./Core/Src/gpio.o
                                      0x8834c (size before relaxing)
 .debug_str     0x000000000008c629     0x1a53 ./Core/Src/main.o
                                      0x8dfef (size before relaxing)
 .debug_str     0x000000000008e07c       0x66 ./Core/Src/motors.o
                                      0x8836f (size before relaxing)
 .debug_str     0x000000000008e0e2       0x26 ./Core/Src/sharp.o
                                      0x8b837 (size before relaxing)
 .debug_str     0x000000000008e108       0x5a ./Core/Src/stm32f1xx_hal_msp.o
                                      0x882d4 (size before relaxing)
 .debug_str     0x000000000008e162       0xf5 ./Core/Src/stm32f1xx_it.o
                                      0x8850a (size before relaxing)
 .debug_str     0x000000000008e257       0x7e ./Core/Src/system_stm32f1xx.o
                                      0x87cd1 (size before relaxing)
 .debug_str     0x000000000008e2d5      0x245 ./Core/Src/tim.o
                                      0x88aa8 (size before relaxing)
 .debug_str     0x000000000008e51a       0x51 ./Core/Src/usart.o
                                      0x8876c (size before relaxing)
 .debug_str     0x000000000008e56b       0x89 ./Core/Startup/startup_stm32f103c8tx.o
 .debug_str     0x000000000008e5f4      0x378 ./Drivers/STM32F1xx_HAL_Driver/Src/stm32f1xx_hal.o
                                      0x88404 (size before relaxing)
 .debug_str     0x000000000008e96c      0x366 ./Drivers/STM32F1xx_HAL_Driver/Src/stm32f1xx_hal_adc.o
                                      0x883ae (size before relaxing)
 .debug_str     0x000000000008ecd2      0x2a2 ./Drivers/STM32F1xx_HAL_Driver/Src/stm32f1xx_hal_cortex.o
                                      0x88350 (size before relaxing)
 .debug_str     0x000000000008ef74      0x1e2 ./Drivers/STM32F1xx_HAL_Driver/Src/stm32f1xx_hal_dma.o
                                      0x8807a (size before relaxing)
 .debug_str     0x000000000008f156      0x240 ./Drivers/STM32F1xx_HAL_Driver/Src/stm32f1xx_hal_flash.o
                                      0x87fac (size before relaxing)
 .debug_str     0x000000000008f396      0x30e ./Drivers/STM32F1xx_HAL_Driver/Src/stm32f1xx_hal_flash_ex.o
                                      0x8815a (size before relaxing)
 .debug_str     0x000000000008f6a4      0x2d0 ./Drivers/STM32F1xx_HAL_Driver/Src/stm32f1xx_hal_gpio.o
                                      0x88057 (size before relaxing)
 .debug_str     0x000000000008f974      0x229 ./Drivers/STM32F1xx_HAL_Driver/Src/stm32f1xx_hal_rcc.o
                                      0x88100 (size before relaxing)
 .debug_str     0x000000000008fb9d       0x84 ./Drivers/STM32F1xx_HAL_Driver/Src/stm32f1xx_hal_rcc_ex.o
                                      0x87e50 (size before relaxing)
 .debug_str     0x000000000008fc21      0xce9 ./Drivers/STM32F1xx_HAL_Driver/Src/stm32f1xx_hal_tim.o
                                      0x890eb (size before relaxing)
 .debug_str     0x000000000009090a      0x493 ./Drivers/STM32F1xx_HAL_Driver/Src/stm32f1xx_hal_tim_ex.o
                                      0x88907 (size before relaxing)