../Core/Src/HMC5883L.c:48:6:HMC5883L_initialize	8	static
../Core/Src/HMC5883L.c:67:6:HMC5883L_testConnection	16	static
../Core/Src/HMC5883L.c:83:9:HMC5883L_getSampleAveraging	16	static
../Core/Src/HMC5883L.c:93:6:HMC5883L_setSampleAveraging	24	static
../Core/Src/HMC5883L.c:119:9:HMC5883L_getDataRate	16	static
../Core/Src/HMC5883L.c:131:6:HMC5883L_setDataRate	24	static
../Core/Src/HMC5883L.c:141:9:HMC5883L_getMeasurementBias	16	static
../Core/Src/HMC5883L.c:152:6:HMC5883L_setMeasurementBias	24	static
../Core/Src/HMC5883L.c:181:9:HMC5883L_getGain	16	static
../Core/Src/HMC5883L.c:192:6:HMC5883L_setGain	16	static
../Core/Src/HMC5883L.c:223:9:HMC5883L_getMode	16	static
../Core/Src/HMC5883L.c:237:6:HMC5883L_setMode	16	static
../Core/Src/HMC5883L.c:258:6:HMC5883L_getHeading	32	static
../Core/Src/HMC5883L.c:269:9:HMC5883L_getHeadingX	16	static
../Core/Src/HMC5883L.c:280:9:HMC5883L_getHeadingY	16	static
../Core/Src/HMC5883L.c:291:9:HMC5883L_getHeadingZ	16	static
../Core/Src/HMC5883L.c:312:6:HMC5883L_getLockStatus	16	static
../Core/Src/HMC5883L.c:326:6:HMC5883L_getReadyStatus	16	static
../Core/Src/HMC5883L.c:336:9:HMC5883L_getIDA	8	static
../Core/Src/HMC5883L.c:343:9:HMC5883L_getIDB	8	static
../Core/Src/HMC5883L.c:350:9:HMC5883L_getIDC	8	static
