../Core/Src/main.c:161:5:main	8	static
../Core/Src/main.c:266:6:SystemClock_Config	88	static
../Core/Src/main.c:313:13:MX_ADC1_Init	24	static
../Core/Src/main.c:387:13:MX_I2C1_Init	8	static
../Core/Src/main.c:421:13:MX_TIM1_Init	56	static
../Core/Src/main.c:471:13:MX_TIM3_Init	56	static
../Core/Src/main.c:520:13:MX_TIM4_Init	64	static
../Core/Src/main.c:583:13:MX_USART3_UART_Init	8	static
../Core/Src/main.c:614:13:MX_DMA_Init	16	static
../Core/Src/main.c:632:13:MX_GPIO_Init	40	static
../Core/Src/main.c:682:6:intUartSend	56	static
../Core/Src/main.c:734:6:mainMachine	8	static
../Core/Src/main.c:862:6:calibrateMachine	8	static
../Core/Src/main.c:910:6:robotMachine	16	static
../Core/Src/main.c:992:6:runDirections	16	static
../Core/Src/main.c:1012:6:addDirection	24	static
../Core/Src/main.c:1038:5:ChooseNextNode	24	static
../Core/Src/main.c:1114:5:SearchAvailableNode	24	static
../Core/Src/main.c:1456:6:PrintMap	16	static
../Core/Src/main.c:1471:6:HAL_ADC_ConvCpltCallback	24	static
../Core/Src/main.c:1485:10:MAP	24	static
../Core/Src/main.c:1491:5:constrain	24	static
../Core/Src/main.c:1500:6:btnMachine	16	static
../Core/Src/main.c:1538:6:Error_Handler	4	static,ignoring_inline_asm
