../Core/Src/main.c:140:5:main	16	static
../Core/Src/main.c:229:6:SystemClock_Config	88	static
../Core/Src/main.c:278:6:intUartSend	32	static
../Core/Src/main.c:298:6:mainMachine	8	static
../Core/Src/main.c:414:6:calibrateMachine	8	static
../Core/Src/main.c:459:6:robotMachine	16	static
../Core/Src/main.c:534:6:runDirections	16	static
../Core/Src/main.c:554:6:addDirection	24	static
../Core/Src/main.c:580:5:ChooseNextNode	24	static
../Core/Src/main.c:652:6:EliminateNode	16	static
../Core/Src/main.c:658:5:SearchAvailableNode	24	static
../Core/Src/main.c:723:6:moveNode	16	static
../Core/Src/main.c:834:6:movementMachine	24	static
../Core/Src/main.c:920:6:CreateNode	24	static
../Core/Src/main.c:928:6:rotateAxis	24	static
../Core/Src/main.c:949:6:resetAxis	16	static
../Core/Src/main.c:955:6:PrintMap	16	static
../Core/Src/main.c:970:6:HAL_ADC_ConvCpltCallback	24	static
../Core/Src/main.c:984:10:MAP	24	static
../Core/Src/main.c:990:5:constrain	24	static
../Core/Src/main.c:999:5:wallDetector	16	static
../Core/Src/main.c:1029:6:moveStraight	24	static
../Core/Src/main.c:1079:6:runForward	8	static
../Core/Src/main.c:1084:6:btnMachine	16	static
../Core/Src/main.c:1122:6:Error_Handler	4	static,ignoring_inline_asm
