../Core/Src/main.c:139:5:main	8	static
../Core/Src/main.c:227:6:SystemClock_Config	88	static
../Core/Src/main.c:267:6:intUartSend	56	static
../Core/Src/main.c:318:6:mainMachine	8	static
../Core/Src/main.c:434:6:calibrateMachine	8	static
../Core/Src/main.c:479:6:robotMachine	16	static
../Core/Src/main.c:554:6:runDirections	16	static
../Core/Src/main.c:574:6:addDirection	24	static
../Core/Src/main.c:600:5:ChooseNextNode	24	static
../Core/Src/main.c:672:6:EliminateNode	16	static
../Core/Src/main.c:678:5:SearchAvailableNode	24	static
../Core/Src/main.c:743:6:moveNode	16	static
../Core/Src/main.c:854:6:movementMachine	24	static
../Core/Src/main.c:941:6:CreateNode	24	static
../Core/Src/main.c:949:6:rotateAxis	24	static
../Core/Src/main.c:970:6:resetAxis	16	static
../Core/Src/main.c:976:6:PrintMap	16	static
../Core/Src/main.c:991:6:HAL_ADC_ConvCpltCallback	24	static
../Core/Src/main.c:1005:10:MAP	24	static
../Core/Src/main.c:1011:5:constrain	24	static
../Core/Src/main.c:1020:5:wallDetector	16	static
../Core/Src/main.c:1050:6:moveStraight	24	static
../Core/Src/main.c:1100:6:runForward	8	static
../Core/Src/main.c:1105:6:btnMachine	16	static
../Core/Src/main.c:1143:6:Error_Handler	4	static,ignoring_inline_asm
