../Core/Src/main.c:159:5:main	8	static
../Core/Src/main.c:263:6:SystemClock_Config	88	static
../Core/Src/main.c:306:13:MX_ADC1_Init	24	static
../Core/Src/main.c:374:13:MX_I2C1_Init	8	static
../Core/Src/main.c:406:13:MX_TIM1_Init	56	static
../Core/Src/main.c:454:13:MX_TIM3_Init	56	static
../Core/Src/main.c:501:13:MX_TIM4_Init	48	static
../Core/Src/main.c:552:13:MX_USART3_UART_Init	8	static
../Core/Src/main.c:581:13:MX_DMA_Init	16	static
../Core/Src/main.c:598:13:MX_GPIO_Init	40	static
../Core/Src/main.c:648:6:intUartSend	56	static
../Core/Src/main.c:700:6:mainMachine	8	static
../Core/Src/main.c:828:6:calibrateMachine	8	static
../Core/Src/main.c:876:6:robotMachine	16	static
../Core/Src/main.c:958:6:runDirections	16	static
../Core/Src/main.c:978:6:addDirection	24	static
../Core/Src/main.c:1004:5:ChooseNextNode	24	static
../Core/Src/main.c:1080:5:SearchAvailableNode	24	static
../Core/Src/main.c:1422:6:PrintMap	16	static
../Core/Src/main.c:1437:6:HAL_ADC_ConvCpltCallback	24	static
../Core/Src/main.c:1451:10:MAP	24	static
../Core/Src/main.c:1457:5:constrain	24	static
../Core/Src/main.c:1466:6:btnMachine	16	static
../Core/Src/main.c:1504:6:Error_Handler	4	static,ignoring_inline_asm
