../Core/Src/main.c:159:5:main	8	static
../Core/Src/main.c:258:6:SystemClock_Config	88	static
../Core/Src/main.c:305:13:MX_ADC1_Init	24	static
../Core/Src/main.c:379:13:MX_I2C1_Init	8	static
../Core/Src/main.c:413:13:MX_TIM1_Init	56	static
../Core/Src/main.c:463:13:MX_TIM3_Init	56	static
../Core/Src/main.c:512:13:MX_TIM4_Init	48	static
../Core/Src/main.c:565:13:MX_USART3_UART_Init	8	static
../Core/Src/main.c:596:13:MX_DMA_Init	16	static
../Core/Src/main.c:614:13:MX_GPIO_Init	40	static
../Core/Src/main.c:664:6:intUartSend	56	static
../Core/Src/main.c:716:6:mainMachine	8	static
../Core/Src/main.c:844:6:calibrateMachine	8	static
../Core/Src/main.c:892:6:robotMachine	16	static
../Core/Src/main.c:974:6:runDirections	16	static
../Core/Src/main.c:994:6:addDirection	24	static
../Core/Src/main.c:1020:5:ChooseNextNode	24	static
../Core/Src/main.c:1096:5:SearchAvailableNode	24	static
../Core/Src/main.c:1438:6:PrintMap	16	static
../Core/Src/main.c:1453:6:HAL_ADC_ConvCpltCallback	24	static
../Core/Src/main.c:1467:10:MAP	24	static
../Core/Src/main.c:1473:5:constrain	24	static
../Core/Src/main.c:1482:6:btnMachine	16	static
../Core/Src/main.c:1522:6:Error_Handler	4	static,ignoring_inline_asm
