../Core/Src/main.c:151:5:main	8	static
../Core/Src/main.c:249:6:SystemClock_Config	88	static
../Core/Src/main.c:292:13:MX_ADC1_Init	24	static
../Core/Src/main.c:360:13:MX_I2C1_Init	8	static
../Core/Src/main.c:392:13:MX_TIM1_Init	56	static
../Core/Src/main.c:440:13:MX_TIM3_Init	56	static
../Core/Src/main.c:487:13:MX_TIM4_Init	48	static
../Core/Src/main.c:538:13:MX_USART3_UART_Init	8	static
../Core/Src/main.c:567:13:MX_DMA_Init	16	static
../Core/Src/main.c:584:13:MX_GPIO_Init	40	static
../Core/Src/main.c:634:6:intUartSend	56	static
../Core/Src/main.c:686:6:mainMachine	8	static
../Core/Src/main.c:802:6:calibrateMachine	8	static
../Core/Src/main.c:850:6:robotMachine	16	static
../Core/Src/main.c:925:6:runDirections	16	static
../Core/Src/main.c:945:6:addDirection	24	static
../Core/Src/main.c:971:5:ChooseNextNode	24	static
../Core/Src/main.c:1043:6:EliminateNode	16	static
../Core/Src/main.c:1049:5:SearchAvailableNode	24	static
../Core/Src/main.c:1114:6:moveNode	16	static
../Core/Src/main.c:1225:6:movementMachine	40	static
../Core/Src/main.c:1350:6:CreateNode	24	static
../Core/Src/main.c:1358:6:rotateAxis	24	static
../Core/Src/main.c:1379:6:resetAxis	16	static
../Core/Src/main.c:1385:6:PrintMap	16	static
../Core/Src/main.c:1400:6:HAL_ADC_ConvCpltCallback	24	static
../Core/Src/main.c:1414:10:MAP	24	static
../Core/Src/main.c:1420:5:constrain	24	static
../Core/Src/main.c:1429:5:wallDetector	16	static
../Core/Src/main.c:1459:6:moveStraight	24	static
../Core/Src/main.c:1511:6:runForward	8	static
../Core/Src/main.c:1516:6:btnMachine	16	static
../Core/Src/main.c:1548:6:SysTick_Handler	8	static
../Core/Src/main.c:1567:6:Error_Handler	4	static,ignoring_inline_asm
