../Core/Src/main.c:131:5:main	8	static
../Core/Src/main.c:212:6:SystemClock_Config	88	static
../Core/Src/main.c:252:6:intUartSend	32	static
../Core/Src/main.c:272:6:mainMachine	8	static
../Core/Src/main.c:388:6:calibrateMachine	8	static
../Core/Src/main.c:433:6:robotMachine	16	static
../Core/Src/main.c:508:6:runDirections	16	static
../Core/Src/main.c:528:6:addDirection	24	static
../Core/Src/main.c:554:5:ChooseNextNode	24	static
../Core/Src/main.c:626:6:EliminateNode	16	static
../Core/Src/main.c:632:5:SearchAvailableNode	24	static
../Core/Src/main.c:697:6:moveNode	16	static
../Core/Src/main.c:808:6:movementMachine	24	static
../Core/Src/main.c:894:6:CreateNode	24	static
../Core/Src/main.c:902:6:rotateAxis	24	static
../Core/Src/main.c:923:6:resetAxis	16	static
../Core/Src/main.c:929:6:PrintMap	16	static
../Core/Src/main.c:944:6:HAL_ADC_ConvCpltCallback	24	static
../Core/Src/main.c:958:10:MAP	24	static
../Core/Src/main.c:964:5:constrain	24	static
../Core/Src/main.c:973:5:wallDetector	16	static
../Core/Src/main.c:1003:6:moveStraight	24	static
../Core/Src/main.c:1053:6:runForward	8	static
../Core/Src/main.c:1058:6:btnMachine	16	static
../Core/Src/main.c:1095:6:Error_Handler	4	static,ignoring_inline_asm
