Archive member included to satisfy reference by file (symbol)

c:/st/stm32cubeide_1.10.1/stm32cubeide/plugins/com.st.stm32cube.ide.mcu.externaltools.gnu-tools-for-stm32.10.3-2021.10.win32_1.0.0.202111181127/tools/bin/../lib/gcc/arm-none-eabi/10.3.1/../../../../arm-none-eabi/lib/thumb/v7-m/nofp\libc_nano.a(lib_a-errno.o)
                              ./Core/Src/syscalls.o (__errno)
c:/st/stm32cubeide_1.10.1/stm32cubeide/plugins/com.st.stm32cube.ide.mcu.externaltools.gnu-tools-for-stm32.10.3-2021.10.win32_1.0.0.202111181127/tools/bin/../lib/gcc/arm-none-eabi/10.3.1/../../../../arm-none-eabi/lib/thumb/v7-m/nofp\libc_nano.a(lib_a-exit.o)
                              c:/st/stm32cubeide_1.10.1/stm32cubeide/plugins/com.st.stm32cube.ide.mcu.externaltools.gnu-tools-for-stm32.10.3-2021.10.win32_1.0.0.202111181127/tools/bin/../lib/gcc/arm-none-eabi/10.3.1/../../../../arm-none-eabi/lib/thumb/v7-m/nofp/crt0.o (exit)
c:/st/stm32cubeide_1.10.1/stm32cubeide/plugins/com.st.stm32cube.ide.mcu.externaltools.gnu-tools-for-stm32.10.3-2021.10.win32_1.0.0.202111181127/tools/bin/../lib/gcc/arm-none-eabi/10.3.1/../../../../arm-none-eabi/lib/thumb/v7-m/nofp\libc_nano.a(lib_a-impure.o)
                              c:/st/stm32cubeide_1.10.1/stm32cubeide/plugins/com.st.stm32cube.ide.mcu.externaltools.gnu-tools-for-stm32.10.3-2021.10.win32_1.0.0.202111181127/tools/bin/../lib/gcc/arm-none-eabi/10.3.1/../../../../arm-none-eabi/lib/thumb/v7-m/nofp\libc_nano.a(lib_a-exit.o) (_global_impure_ptr)
c:/st/stm32cubeide_1.10.1/stm32cubeide/plugins/com.st.stm32cube.ide.mcu.externaltools.gnu-tools-for-stm32.10.3-2021.10.win32_1.0.0.202111181127/tools/bin/../lib/gcc/arm-none-eabi/10.3.1/../../../../arm-none-eabi/lib/thumb/v7-m/nofp\libc_nano.a(lib_a-init.o)
                              c:/st/stm32cubeide_1.10.1/stm32cubeide/plugins/com.st.stm32cube.ide.mcu.externaltools.gnu-tools-for-stm32.10.3-2021.10.win32_1.0.0.202111181127/tools/bin/../lib/gcc/arm-none-eabi/10.3.1/../../../../arm-none-eabi/lib/thumb/v7-m/nofp/crt0.o (__libc_init_array)
c:/st/stm32cubeide_1.10.1/stm32cubeide/plugins/com.st.stm32cube.ide.mcu.externaltools.gnu-tools-for-stm32.10.3-2021.10.win32_1.0.0.202111181127/tools/bin/../lib/gcc/arm-none-eabi/10.3.1/../../../../arm-none-eabi/lib/thumb/v7-m/nofp\libc_nano.a(lib_a-malloc.o)
                              ./Core/Src/floodFill.o (malloc)
c:/st/stm32cubeide_1.10.1/stm32cubeide/plugins/com.st.stm32cube.ide.mcu.externaltools.gnu-tools-for-stm32.10.3-2021.10.win32_1.0.0.202111181127/tools/bin/../lib/gcc/arm-none-eabi/10.3.1/../../../../arm-none-eabi/lib/thumb/v7-m/nofp\libc_nano.a(lib_a-memset.o)
                              c:/st/stm32cubeide_1.10.1/stm32cubeide/plugins/com.st.stm32cube.ide.mcu.externaltools.gnu-tools-for-stm32.10.3-2021.10.win32_1.0.0.202111181127/tools/bin/../lib/gcc/arm-none-eabi/10.3.1/../../../../arm-none-eabi/lib/thumb/v7-m/nofp/crt0.o (memset)
c:/st/stm32cubeide_1.10.1/stm32cubeide/plugins/com.st.stm32cube.ide.mcu.externaltools.gnu-tools-for-stm32.10.3-2021.10.win32_1.0.0.202111181127/tools/bin/../lib/gcc/arm-none-eabi/10.3.1/../../../../arm-none-eabi/lib/thumb/v7-m/nofp\libc_nano.a(lib_a-nano-freer.o)
                              c:/st/stm32cubeide_1.10.1/stm32cubeide/plugins/com.st.stm32cube.ide.mcu.externaltools.gnu-tools-for-stm32.10.3-2021.10.win32_1.0.0.202111181127/tools/bin/../lib/gcc/arm-none-eabi/10.3.1/../../../../arm-none-eabi/lib/thumb/v7-m/nofp\libc_nano.a(lib_a-malloc.o) (_free_r)
c:/st/stm32cubeide_1.10.1/stm32cubeide/plugins/com.st.stm32cube.ide.mcu.externaltools.gnu-tools-for-stm32.10.3-2021.10.win32_1.0.0.202111181127/tools/bin/../lib/gcc/arm-none-eabi/10.3.1/../../../../arm-none-eabi/lib/thumb/v7-m/nofp\libc_nano.a(lib_a-nano-mallocr.o)
                              c:/st/stm32cubeide_1.10.1/stm32cubeide/plugins/com.st.stm32cube.ide.mcu.externaltools.gnu-tools-for-stm32.10.3-2021.10.win32_1.0.0.202111181127/tools/bin/../lib/gcc/arm-none-eabi/10.3.1/../../../../arm-none-eabi/lib/thumb/v7-m/nofp\libc_nano.a(lib_a-malloc.o) (_malloc_r)
c:/st/stm32cubeide_1.10.1/stm32cubeide/plugins/com.st.stm32cube.ide.mcu.externaltools.gnu-tools-for-stm32.10.3-2021.10.win32_1.0.0.202111181127/tools/bin/../lib/gcc/arm-none-eabi/10.3.1/../../../../arm-none-eabi/lib/thumb/v7-m/nofp\libc_nano.a(lib_a-printf.o)
                              ./Core/Src/floodFill.o (printf)
c:/st/stm32cubeide_1.10.1/stm32cubeide/plugins/com.st.stm32cube.ide.mcu.externaltools.gnu-tools-for-stm32.10.3-2021.10.win32_1.0.0.202111181127/tools/bin/../lib/gcc/arm-none-eabi/10.3.1/../../../../arm-none-eabi/lib/thumb/v7-m/nofp\libc_nano.a(lib_a-sbrkr.o)
                              c:/st/stm32cubeide_1.10.1/stm32cubeide/plugins/com.st.stm32cube.ide.mcu.externaltools.gnu-tools-for-stm32.10.3-2021.10.win32_1.0.0.202111181127/tools/bin/../lib/gcc/arm-none-eabi/10.3.1/../../../../arm-none-eabi/lib/thumb/v7-m/nofp\libc_nano.a(lib_a-nano-mallocr.o) (_sbrk_r)
[...]
Memory Configuration

Name             Origin             Length             Attributes
RAM              0x0000000020000000 0x0000000000005000 xrw
FLASH            0x0000000008000000 0x0000000000010000 xr
*default*        0x0000000000000000 0xffffffffffffffff

Linker script and memory map

LOAD c:/st/stm32cubeide_1.10.1/stm32cubeide/plugins/com.st.stm32cube.ide.mcu.externaltools.gnu-tools-for-stm32.10.3-2021.10.win32_1.0.0.202111181127/tools/bin/../lib/gcc/arm-none-eabi/10.3.1/thumb/v7-m/nofp/crti.o
LOAD c:/st/stm32cubeide_1.10.1/stm32cubeide/plugins/com.st.stm32cube.ide.mcu.externaltools.gnu-tools-for-stm32.10.3-2021.10.win32_1.0.0.202111181127/tools/bin/../lib/gcc/arm-none-eabi/10.3.1/thumb/v7-m/nofp/crtbegin.o
LOAD c:/st/stm32cubeide_1.10.1/stm32cubeide/plugins/com.st.stm32cube.ide.mcu.externaltools.gnu-tools-for-stm32.10.3-2021.10.win32_1.0.0.202111181127/tools/bin/../lib/gcc/arm-none-eabi/10.3.1/../../../../arm-none-eabi/lib/thumb/v7-m/nofp/crt0.o
LOAD ./Core/Src/FLASH_PAGE_F1.o
LOAD ./Core/Src/HMC5883L.o
LOAD ./Core/Src/I2Cdev.o
LOAD ./Core/Src/floodFill.o
LOAD ./Core/Src/main.o
LOAD ./Core/Src/motors.o
LOAD ./Core/Src/movementControl.o
LOAD ./Core/Src/nodeControl.o
LOAD ./Core/Src/sharp.o
LOAD ./Core/Src/stm32f1xx_hal_msp.o
LOAD ./Core/Src/stm32f1xx_it.o
LOAD ./Core/Src/syscalls.o
LOAD ./Core/Src/sysmem.o
LOAD ./Core/Src/system_stm32f1xx.o
LOAD ./Core/Src/velocityControl.o
LOAD ./Core/Startup/startup_stm32f103c8tx.o
LOAD ./Drivers/STM32F1xx_HAL_Driver/Src/stm32f1xx_hal.o
LOAD ./Drivers/STM32F1xx_HAL_Driver/Src/stm32f1xx_hal_adc.o
LOAD ./Drivers/STM32F1xx_HAL_Driver/Src/stm32f1xx_hal_adc_ex.o
LOAD ./Drivers/STM32F1xx_HAL_Driver/Src/stm32f1xx_hal_cortex.o
LOAD ./Drivers/STM32F1xx_HAL_Driver/Src/stm32f1xx_hal_dma.o
LOAD ./Drivers/STM32F1xx_HAL_Driver/Src/stm32f1xx_hal_exti.o
LOAD ./Drivers/STM32F1xx_HAL_Driver/Src/stm32f1xx_hal_flash.o
LOAD ./Drivers/STM32F1xx_HAL_Driver/Src/stm32f1xx_hal_flash_ex.o
LOAD ./Drivers/STM32F1xx_HAL_Driver/Src/stm32f1xx_hal_gpio.o
LOAD ./Drivers/STM32F1xx_HAL_Driver/Src/stm32f1xx_hal_gpio_ex.o
LOAD ./Drivers/STM32F1xx_HAL_Driver/Src/stm32f1xx_hal_i2c.o
LOAD ./Drivers/STM32F1xx_HAL_Driver/Src/stm32f1xx_hal_pwr.o
LOAD ./Drivers/STM32F1xx_HAL_Driver/Src/stm32f1xx_hal_rcc.o
LOAD ./Drivers/STM32F1xx_HAL_Driver/Src/stm32f1xx_hal_rcc_ex.o
LOAD ./Drivers/STM32F1xx_HAL_Driver/Src/stm32f1xx_hal_tim.o
LOAD ./Drivers/STM32F1xx_HAL_Driver/Src/stm32f1xx_hal_tim_ex.o
LOAD ./Drivers/STM32F1xx_HAL_Driver/Src/stm32f1xx_hal_uart.o
START GROUP
LOAD c:/st/stm32cubeide_1.10.1/stm32cubeide/plugins/com.st.stm32cube.ide.mcu.externaltools.gnu-tools-for-stm32.10.3-2021.10.win32_1.0.0.202111181127/tools/bin/../lib/gcc/arm-none-eabi/10.3.1/../../../../arm-none-eabi/lib/thumb/v7-m/nofp\libc_nano.a
LOAD c:/st/stm32cubeide_1.10.1/stm32cubeide/plugins/com.st.stm32cube.ide.mcu.externaltools.gnu-tools-for-stm32.10.3-2021.10.win32_1.0.0.202111181127/tools/bin/../lib/gcc/arm-none-eabi/10.3.1/../../../../arm-none-eabi/lib/thumb/v7-m/nofp\libm.a
END GROUP
START GROUP
LOAD c:/st/stm32cubeide_1.10.1/stm32cubeide/plugins/com.st.stm32cube.ide.mcu.externaltools.gnu-tools-for-stm32.10.3-2021.10.win32_1.0.0.202111181127/tools/bin/../lib/gcc/arm-none-eabi/10.3.1/thumb/v7-m/nofp\libgcc.a
LOAD c:/st/stm32cubeide_1.10.1/stm32cubeide/plugins/com.st.stm32cube.ide.mcu.externaltools.gnu-tools-for-stm32.10.3-2021.10.win32_1.0.0.202111181127/tools/bin/../lib/gcc/arm-none-eabi/10.3.1/../../../../arm-none-eabi/lib/thumb/v7-m/nofp\libc_nano.a
END GROUP
START GROUP
LOAD c:/st/stm32cubeide_1.10.1/stm32cubeide/plugins/com.st.stm32cube.ide.mcu.externaltools.gnu-tools-for-stm32.10.3-2021.10.win32_1.0.0.202111181127/tools/bin/../lib/gcc/arm-none-eabi/10.3.1/thumb/v7-m/nofp\libgcc.a
LOAD c:/st/stm32cubeide_1.10.1/stm32cubeide/plugins/com.st.stm32cube.ide.mcu.externaltools.gnu-tools-for-stm32.10.3-2021.10.win32_1.0.0.202111181127/tools/bin/../lib/gcc/arm-none-eabi/10.3.1/../../../../arm-none-eabi/lib/thumb/v7-m/nofp\libc_nano.a
LOAD c:/st/stm32cubeide_1.10.1/stm32cubeide/plugins/com.st.stm32cube.ide.mcu.externaltools.gnu-tools-for-stm32.10.3-2021.10.win32_1.0.0.202111181127/tools/bin/../lib/gcc/arm-none-eabi/10.3.1/../../../../arm-none-eabi/lib/thumb/v7-m/nofp\libnosys.a
END GROUP
START GROUP
LOAD c:/st/stm32cubeide_1.10.1/stm32cubeide/plugins/com.st.stm32cube.ide.mcu.externaltools.gnu-tools-for-stm32.10.3-2021.10.win32_1.0.0.202111181127/tools/bin/../lib/gcc/arm-none-eabi/10.3.1/thumb/v7-m/nofp\libgcc.a
LOAD c:/st/stm32cubeide_1.10.1/stm32cubeide/plugins/com.st.stm32cube.ide.mcu.externaltools.gnu-tools-for-stm32.10.3-2021.10.win32_1.0.0.202111181127/tools/bin/../lib/gcc/arm-none-eabi/10.3.1/../../../../arm-none-eabi/lib/thumb/v7-m/nofp\libc_nano.a
LOAD c:/st/stm32cubeide_1.10.1/stm32cubeide/plugins/com.st.stm32cube.ide.mcu.externaltools.gnu-tools-for-stm32.10.3-2021.10.win32_1.0.0.202111181127/tools/bin/../lib/gcc/arm-none-eabi/10.3.1/../../../../arm-none-eabi/lib/thumb/v7-m/nofp\libnosys.a
END GROUP
LOAD c:/st/stm32cubeide_1.10.1/stm32cubeide/plugins/com.st.stm32cube.ide.mcu.externaltools.gnu-tools-for-stm32.10.3-2021.10.win32_1.0.0.202111181127/tools/bin/../lib/gcc/arm-none-eabi/10.3.1/thumb/v7-m/nofp/crtend.o
LOAD c:/st/stm32cubeide_1.10.1/stm32cubeide/plugins/com.st.stm32cube.ide.mcu.externaltools.gnu-tools-for-stm32.10.3-2021.10.win32_1.0.0.202111181127/tools/bin/../lib/gcc/arm-none-eabi/10.3.1/thumb/v7-m/nofp/crtn.o
                0x0000000020005000                _estack = (ORIGIN (RAM) + LENGTH (RAM))
                0x0000000000000200                _Min_Heap_Size = 0x200
                0x0000000000000400                _Min_Stack_Size = 0x400

.isr_vector     0x0000000008000000      0x10c
                0x0000000008000000                . = ALIGN (0x4)
 *(.isr_vector)
 .isr_vector    0x0000000008000000      0x10c ./Core/Startup/startup_stm32f103c8tx.o
                0x0000000008000000                g_pfnVectors
                0x000000000800010c                . = ALIGN (0x4)

.text           0x0000000008000110     0x88c4
                0x0000000008000110                . = ALIGN (0x4)
 *(.text)
 .text          0x0000000008000110       0x40 c:/st/stm32cubeide_1.10.1/stm32cubeide/plugins/com.st.stm32cube.ide.mcu.externaltools.gnu-tools-for-stm32.10.3-2021.10.win32_1.0.0.202111181127/tools/bin/../lib/gcc/arm-none-eabi/10.3.1/thumb/v7-m/nofp/crtbegin.o
 .text          0x0000000008000150       0x10 c:/st/stm32cubeide_1.10.1/stm32cubeide/plugins/com.st.stm32cube.ide.mcu.externaltools.gnu-tools-for-stm32.10.3-2021.10.win32_1.0.0.202111181127/tools/bin/../lib/gcc/arm-none-eabi/10.3.1/../../../../arm-none-eabi/lib/thumb/v7-m/nofp\libc_nano.a(lib_a-strlen.o)
                0x0000000008000150                strlen
 .text          0x0000000008000160      0x378 c:/st/stm32cubeide_1.10.1/stm32cubeide/plugins/com.st.stm32cube.ide.mcu.externaltools.gnu-tools-for-stm32.10.3-2021.10.win32_1.0.0.202111181127/tools/bin/../lib/gcc/arm-none-eabi/10.3.1/thumb/v7-m/nofp\libgcc.a(_arm_addsubdf3.o)
                0x0000000008000160                __aeabi_drsub
                0x0000000008000168                __aeabi_dsub
                0x0000000008000168                __subdf3
                0x000000000800016c                __aeabi_dadd
                0x000000000800016c                __adddf3
                0x00000000080003e4                __floatunsidf
                0x00000000080003e4                __aeabi_ui2d
                0x0000000008000404                __floatsidf
                0x0000000008000404                __aeabi_i2d
                0x0000000008000428                __aeabi_f2d
                0x0000000008000428                __extendsfdf2
                0x000000000800046c                __floatundidf
                0x000000000800046c                __aeabi_ul2d
                0x000000000800047c                __floatdidf
                0x000000000800047c                __aeabi_l2d
 .text          0x00000000080004d8      0x424 c:/st/stm32cubeide_1.10.1/stm32cubeide/plugins/com.st.stm32cube.ide.mcu.externaltools.gnu-tools-for-stm32.10.3-2021.10.win32_1.0.0.202111181127/tools/bin/../lib/gcc/arm-none-eabi/10.3.1/thumb/v7-m/nofp\libgcc.a(_arm_muldivdf3.o)
                0x00000000080004d8                __aeabi_dmul
                0x00000000080004d8                __muldf3
                0x000000000800072c                __divdf3
                0x000000000800072c                __aeabi_ddiv
 .text          0x00000000080008fc      0x110 c:/st/stm32cubeide_1.10.1/stm32cubeide/plugins/com.st.stm32cube.ide.mcu.externaltools.gnu-tools-for-stm32.10.3-2021.10.win32_1.0.0.202111181127/tools/bin/../lib/gcc/arm-none-eabi/10.3.1/thumb/v7-m/nofp\libgcc.a(_arm_cmpdf2.o)
                0x00000000080008fc                __gtdf2
                0x00000000080008fc                __gedf2
                0x0000000008000904                __ltdf2
                0x0000000008000904                __ledf2
                0x000000000800090c                __nedf2
                0x000000000800090c                __eqdf2
                0x000000000800090c                __cmpdf2
                0x0000000008000988                __aeabi_cdrcmple
                0x0000000008000998                __aeabi_cdcmpeq
                0x0000000008000998                __aeabi_cdcmple
                0x00000000080009a8                __aeabi_dcmpeq
                0x00000000080009bc                __aeabi_dcmplt
                0x00000000080009d0                __aeabi_dcmple
                0x00000000080009e4                __aeabi_dcmpge
                0x00000000080009f8                __aeabi_dcmpgt
 .text          0x0000000008000a0c       0x2c c:/st/stm32cubeide_1.10.1/stm32cubeide/plugins/com.st.stm32cube.ide.mcu.externaltools.gnu-tools-for-stm32.10.3-2021.10.win32_1.0.0.202111181127/tools/bin/../lib/gcc/arm-none-eabi/10.3.1/thumb/v7-m/nofp\libgcc.a(_arm_unorddf2.o)
                0x0000000008000a0c                __unorddf2
                0x0000000008000a0c                __aeabi_dcmpun
 .text          0x0000000008000a38       0x50 c:/st/stm32cubeide_1.10.1/stm32cubeide/plugins/com.st.stm32cube.ide.mcu.externaltools.gnu-tools-for-stm32.10.3-2021.10.win32_1.0.0.202111181127/tools/bin/../lib/gcc/arm-none-eabi/10.3.1/thumb/v7-m/nofp\libgcc.a(_arm_fixdfsi.o)
                0x0000000008000a38                __aeabi_d2iz
                0x0000000008000a38                __fixdfsi
 .text          0x0000000008000a88       0x40 c:/st/stm32cubeide_1.10.1/stm32cubeide/plugins/com.st.stm32cube.ide.mcu.externaltools.gnu-tools-for-stm32.10.3-2021.10.win32_1.0.0.202111181127/tools/bin/../lib/gcc/arm-none-eabi/10.3.1/thumb/v7-m/nofp\libgcc.a(_arm_fixunsdfsi.o)
                0x0000000008000a88                __aeabi_d2uiz
                0x0000000008000a88                __fixunsdfsi
 .text          0x0000000008000ac8       0xa0 c:/st/stm32cubeide_1.10.1/stm32cubeide/plugins/com.st.stm32cube.ide.mcu.externaltools.gnu-tools-for-stm32.10.3-2021.10.win32_1.0.0.202111181127/tools/bin/../lib/gcc/arm-none-eabi/10.3.1/thumb/v7-m/nofp\libgcc.a(_arm_truncdfsf2.o)
                0x0000000008000ac8                __truncdfsf2
                0x0000000008000ac8                __aeabi_d2f
 .text          0x0000000008000b68      0x21c c:/st/stm32cubeide_1.10.1/stm32cubeide/plugins/com.st.stm32cube.ide.mcu.externaltools.gnu-tools-for-stm32.10.3-2021.10.win32_1.0.0.202111181127/tools/bin/../lib/gcc/arm-none-eabi/10.3.1/thumb/v7-m/nofp\libgcc.a(_arm_addsubsf3.o)
                0x0000000008000b68                __aeabi_frsub
                0x0000000008000b70                __subsf3
                0x0000000008000b70                __aeabi_fsub
                0x0000000008000b74                __aeabi_fadd
                0x0000000008000b74                __addsf3
                0x0000000008000cd4                __aeabi_ui2f
                0x0000000008000cd4                __floatunsisf
                0x0000000008000cdc                __aeabi_i2f
                0x0000000008000cdc                __floatsisf
                0x0000000008000cf8                __aeabi_ul2f
                0x0000000008000cf8                __floatundisf
                0x0000000008000d08                __aeabi_l2f
                0x0000000008000d08                __floatdisf
 .text          0x0000000008000d84      0x2a0 c:/st/stm32cubeide_1.10.1/stm32cubeide/plugins/com.st.stm32cube.ide.mcu.externaltools.gnu-tools-for-stm32.10.3-2021.10.win32_1.0.0.202111181127/tools/bin/../lib/gcc/arm-none-eabi/10.3.1/thumb/v7-m/nofp\libgcc.a(_arm_muldivsf3.o)
                0x0000000008000d84                __mulsf3
                0x0000000008000d84                __aeabi_fmul
                0x0000000008000eec                __aeabi_fdiv
                0x0000000008000eec                __divsf3
 .text          0x0000000008001024       0xec c:/st/stm32cubeide_1.10.1/stm32cubeide/plugins/com.st.stm32cube.ide.mcu.externaltools.gnu-tools-for-stm32.10.3-2021.10.win32_1.0.0.202111181127/tools/bin/../lib/gcc/arm-none-eabi/10.3.1/thumb/v7-m/nofp\libgcc.a(_arm_cmpsf2.o)
                0x0000000008001024                __gesf2
                0x0000000008001024                __gtsf2
                0x000000000800102c                __lesf2
                0x000000000800102c                __ltsf2
                0x0000000008001034                __nesf2
                0x0000000008001034                __eqsf2
                0x0000000008001034                __cmpsf2
                0x0000000008001094                __aeabi_cfrcmple
                0x000000000800109c                __aeabi_cfcmpeq
                0x000000000800109c                __aeabi_cfcmple
                0x00000000080010ac                __aeabi_fcmpeq
                0x00000000080010c0                __aeabi_fcmplt
                0x00000000080010d4                __aeabi_fcmple
                0x00000000080010e8                __aeabi_fcmpge
                0x00000000080010fc                __aeabi_fcmpgt
 .text          0x0000000008001110       0x4c c:/st/stm32cubeide_1.10.1/stm32cubeide/plugins/com.st.stm32cube.ide.mcu.externaltools.gnu-tools-for-stm32.10.3-2021.10.win32_1.0.0.202111181127/tools/bin/../lib/gcc/arm-none-eabi/10.3.1/thumb/v7-m/nofp\libgcc.a(_arm_fixsfsi.o)
                0x0000000008001110                __aeabi_f2iz
                0x0000000008001110                __fixsfsi
 .text          0x000000000800115c       0x40 c:/st/stm32cubeide_1.10.1/stm32cubeide/plugins/com.st.stm32cube.ide.mcu.externaltools.gnu-tools-for-stm32.10.3-2021.10.win32_1.0.0.202111181127/tools/bin/../lib/gcc/arm-none-eabi/10.3.1/thumb/v7-m/nofp\libgcc.a(_arm_fixunssfsi.o)
                0x000000000800115c                __fixunssfsi
                0x000000000800115c                __aeabi_f2uiz
 *(.text*)
 .text.GetPage  0x000000000800119c       0x4e ./Core/Src/FLASH_PAGE_F1.o
 *fill*         0x00000000080011ea        0x2 
 .text.Flash_Write_Data
                0x00000000080011ec       0xb8 ./Core/Src/FLASH_PAGE_F1.o
                0x00000000080011ec                Flash_Write_Data
 .text.Flash_Read_Data
                0x00000000080012a4       0x3a ./Core/Src/FLASH_PAGE_F1.o
                0x00000000080012a4                Flash_Read_Data
 .text.Convert_To_Str
                0x00000000080012de       0x80 ./Core/Src/FLASH_PAGE_F1.o
                0x00000000080012de                Convert_To_Str
 *fill*         0x000000000800135e        0x2 
 .text.main     0x0000000008001360      0x130 ./Core/Src/main.o
                0x0000000008001360                main
 .text.SystemClock_Config
                0x0000000008001490       0xb6 ./Core/Src/main.o
                0x0000000008001490                SystemClock_Config
 *fill*         0x0000000008001546        0x2 
 .text.MX_ADC1_Init
                0x0000000008001548       0xd4 ./Core/Src/main.o
 .text.MX_I2C1_Init
                0x000000000800161c       0x5c ./Core/Src/main.o
 .text.MX_TIM1_Init
                0x0000000008001678       0xb0 ./Core/Src/main.o
 .text.MX_TIM3_Init
                0x0000000008001728       0xa8 ./Core/Src/main.o
 .text.MX_TIM4_Init
                0x00000000080017d0       0xc8 ./Core/Src/main.o
 .text.MX_USART3_UART_Init
                0x0000000008001898       0x54 ./Core/Src/main.o
 .text.MX_DMA_Init
                0x00000000080018ec       0x3c ./Core/Src/main.o
 .text.MX_GPIO_Init
                0x0000000008001928      0x124 ./Core/Src/main.o
 *fill*         0x0000000008001a4c        0x4 
 .text.intUartSend
                0x0000000008001a50      0x378 ./Core/Src/main.o
                0x0000000008001a50                intUartSend
 .text.mainMachine
                0x0000000008001dc8      0x390 ./Core/Src/main.o
                0x0000000008001dc8                mainMachine
 .text.calibrateMachine
                0x0000000008002158      0x1d4 ./Core/Src/main.o
                0x0000000008002158                calibrateMachine
 .text.robotMachine
                0x000000000800232c      0x360 ./Core/Src/main.o
                0x000000000800232c                robotMachine
 .text.runDirections
                0x000000000800268c       0xbc ./Core/Src/main.o
                0x000000000800268c                runDirections
 .text.addDirection
                0x0000000008002748      0x1a8 ./Core/Src/main.o
                0x0000000008002748                addDirection
 .text.ChooseNextNode
                0x00000000080028f0      0x47c ./Core/Src/main.o
                0x00000000080028f0                ChooseNextNode
 .text.SearchAvailableNode
                0x0000000008002d6c      0x480 ./Core/Src/main.o
                0x0000000008002d6c                SearchAvailableNode
 .text.PrintMap
                0x00000000080031ec       0x90 ./Core/Src/main.o
                0x00000000080031ec                PrintMap
 .text.HAL_ADC_ConvCpltCallback
                0x000000000800327c       0xc8 ./Core/Src/main.o
                0x000000000800327c                HAL_ADC_ConvCpltCallback
 .text.MAP      0x0000000008003344       0x36 ./Core/Src/main.o
                0x0000000008003344                MAP
 .text.constrain
                0x000000000800337a       0x30 ./Core/Src/main.o
                0x000000000800337a                constrain
 *fill*         0x00000000080033aa        0x2 
 .text.btnMachine
                0x00000000080033ac      0x158 ./Core/Src/main.o
                0x00000000080033ac                btnMachine
 .text.Error_Handler
                0x0000000008003504        0xa ./Core/Src/main.o
                0x0000000008003504                Error_Handler
 *fill*         0x000000000800350e        0x2 
 .text.calcularDistancia
                0x0000000008003510       0x4c ./Core/Src/motors.o
                0x0000000008003510                calcularDistancia
 .text.runMotor
                0x000000000800355c       0xd8 ./Core/Src/motors.o
                0x000000000800355c                runMotor
 .text.rotateAxis
                0x0000000008003634       0xaa ./Core/Src/movementControl.o
                0x0000000008003634                rotateAxis
 .text.resetAxis
                0x00000000080036de       0x32 ./Core/Src/movementControl.o
                0x00000000080036de                resetAxis
 .text.movementMachine
                0x0000000008003710      0x708 ./Core/Src/movementControl.o
                0x0000000008003710                movementMachine
 .text.moveNode
                0x0000000008003e18       0x64 ./Core/Src/nodeControl.o
                0x0000000008003e18                moveNode
 .text.CreateNode
                0x0000000008003e7c       0x94 ./Core/Src/nodeControl.o
                0x0000000008003e7c                CreateNode
 .text.wallDetector
                0x0000000008003f10       0x6c ./Core/Src/sharp.o
                0x0000000008003f10                wallDetector
 .text.lecturaSensor
                0x0000000008003f7c       0xa8 ./Core/Src/sharp.o
                0x0000000008003f7c                lecturaSensor
 *fill*         0x0000000008004024        0x4 
 .text.lecSensor
                0x0000000008004028      0x10c ./Core/Src/sharp.o
                0x0000000008004028                lecSensor
 .text.lecturaCNY70
                0x0000000008004134       0x54 ./Core/Src/sharp.o
                0x0000000008004134                lecturaCNY70
 .text.HAL_MspInit
                0x0000000008004188       0x64 ./Core/Src/stm32f1xx_hal_msp.o
                0x0000000008004188                HAL_MspInit
 .text.HAL_ADC_MspInit
                0x00000000080041ec       0xd0 ./Core/Src/stm32f1xx_hal_msp.o
                0x00000000080041ec                HAL_ADC_MspInit
 .text.HAL_I2C_MspInit
                0x00000000080042bc       0x7c ./Core/Src/stm32f1xx_hal_msp.o
                0x00000000080042bc                HAL_I2C_MspInit
 .text.HAL_TIM_Encoder_MspInit
                0x0000000008004338       0xd8 ./Core/Src/stm32f1xx_hal_msp.o
                0x0000000008004338                HAL_TIM_Encoder_MspInit
 .text.HAL_TIM_PWM_MspInit
                0x0000000008004410       0x3c ./Core/Src/stm32f1xx_hal_msp.o
                0x0000000008004410                HAL_TIM_PWM_MspInit
 .text.HAL_TIM_MspPostInit
                0x000000000800444c       0x68 ./Core/Src/stm32f1xx_hal_msp.o
                0x000000000800444c                HAL_TIM_MspPostInit
 .text.HAL_UART_MspInit
                0x00000000080044b4       0x98 ./Core/Src/stm32f1xx_hal_msp.o
                0x00000000080044b4                HAL_UART_MspInit
 .text.NMI_Handler
                0x000000000800454c        0x6 ./Core/Src/stm32f1xx_it.o
                0x000000000800454c                NMI_Handler
 .text.HardFault_Handler
                0x0000000008004552        0x6 ./Core/Src/stm32f1xx_it.o
                0x0000000008004552                HardFault_Handler
 .text.MemManage_Handler
                0x0000000008004558        0x6 ./Core/Src/stm32f1xx_it.o
                0x0000000008004558                MemManage_Handler
 .text.BusFault_Handler
                0x000000000800455e        0x6 ./Core/Src/stm32f1xx_it.o
                0x000000000800455e                BusFault_Handler
 .text.UsageFault_Handler
                0x0000000008004564        0x6 ./Core/Src/stm32f1xx_it.o
                0x0000000008004564                UsageFault_Handler
 .text.SVC_Handler
                0x000000000800456a        0xc ./Core/Src/stm32f1xx_it.o
                0x000000000800456a                SVC_Handler
 .text.DebugMon_Handler
                0x0000000008004576        0xc ./Core/Src/stm32f1xx_it.o
                0x0000000008004576                DebugMon_Handler
 .text.PendSV_Handler
                0x0000000008004582        0xc ./Core/Src/stm32f1xx_it.o
                0x0000000008004582                PendSV_Handler
 *fill*         0x000000000800458e        0x2 
 .text.SysTick_Handler
                0x0000000008004590       0x34 ./Core/Src/stm32f1xx_it.o
                0x0000000008004590                SysTick_Handler
 .text.DMA1_Channel1_IRQHandler
                0x00000000080045c4       0x14 ./Core/Src/stm32f1xx_it.o
                0x00000000080045c4                DMA1_Channel1_IRQHandler
 .text.SystemInit
                0x00000000080045d8        0xc ./Core/Src/system_stm32f1xx.o
                0x00000000080045d8                SystemInit
 .text.aproximationPID
                0x00000000080045e4      0x2b4 ./Core/Src/velocityControl.o
                0x00000000080045e4                aproximationPID
 .text.moveStraight
                0x0000000008004898      0x2c0 ./Core/Src/velocityControl.o
                0x0000000008004898                moveStraight
 .text.Reset_Handler
                0x0000000008004b58       0x48 ./Core/Startup/startup_stm32f103c8tx.o
                0x0000000008004b58                Reset_Handler
 .text.Default_Handler
                0x0000000008004ba0        0x2 ./Core/Startup/startup_stm32f103c8tx.o
                0x0000000008004ba0                RTC_Alarm_IRQHandler
                0x0000000008004ba0                EXTI2_IRQHandler
                0x0000000008004ba0                TIM1_CC_IRQHandler
                0x0000000008004ba0                PVD_IRQHandler
                0x0000000008004ba0                EXTI3_IRQHandler
                0x0000000008004ba0                EXTI0_IRQHandler
                0x0000000008004ba0                I2C2_EV_IRQHandler
                0x0000000008004ba0                ADC1_2_IRQHandler
                0x0000000008004ba0                SPI1_IRQHandler
                0x0000000008004ba0                TAMPER_IRQHandler
                0x0000000008004ba0                DMA1_Channel4_IRQHandler
                0x0000000008004ba0                USART3_IRQHandler
                0x0000000008004ba0                RTC_IRQHandler
                0x0000000008004ba0                DMA1_Channel7_IRQHandler
                0x0000000008004ba0                CAN1_RX1_IRQHandler
                0x0000000008004ba0                TIM4_IRQHandler
                0x0000000008004ba0                I2C1_EV_IRQHandler
                0x0000000008004ba0                DMA1_Channel6_IRQHandler
                0x0000000008004ba0                TIM3_IRQHandler
                0x0000000008004ba0                RCC_IRQHandler
                0x0000000008004ba0                TIM1_TRG_COM_IRQHandler
                0x0000000008004ba0                Default_Handler
                0x0000000008004ba0                EXTI15_10_IRQHandler
                0x0000000008004ba0                EXTI9_5_IRQHandler
                0x0000000008004ba0                SPI2_IRQHandler
                0x0000000008004ba0                DMA1_Channel5_IRQHandler
                0x0000000008004ba0                EXTI4_IRQHandler
                0x0000000008004ba0                USB_LP_CAN1_RX0_IRQHandler
                0x0000000008004ba0                USB_HP_CAN1_TX_IRQHandler
                0x0000000008004ba0                DMA1_Channel3_IRQHandler
                0x0000000008004ba0                TIM1_UP_IRQHandler
                0x0000000008004ba0                WWDG_IRQHandler
                0x0000000008004ba0                TIM2_IRQHandler
                0x0000000008004ba0                TIM1_BRK_IRQHandler
                0x0000000008004ba0                EXTI1_IRQHandler
                0x0000000008004ba0                USART2_IRQHandler
                0x0000000008004ba0                I2C2_ER_IRQHandler
                0x0000000008004ba0                DMA1_Channel2_IRQHandler
                0x0000000008004ba0                CAN1_SCE_IRQHandler
                0x0000000008004ba0                FLASH_IRQHandler
                0x0000000008004ba0                USART1_IRQHandler
                0x0000000008004ba0                I2C1_ER_IRQHandler
                0x0000000008004ba0                USBWakeUp_IRQHandler
 *fill*         0x0000000008004ba2        0x2 
 .text.HAL_Init
                0x0000000008004ba4       0x2c ./Drivers/STM32F1xx_HAL_Driver/Src/stm32f1xx_hal.o
                0x0000000008004ba4                HAL_Init
 .text.HAL_InitTick
                0x0000000008004bd0       0x60 ./Drivers/STM32F1xx_HAL_Driver/Src/stm32f1xx_hal.o
                0x0000000008004bd0                HAL_InitTick
 .text.HAL_IncTick
                0x0000000008004c30       0x24 ./Drivers/STM32F1xx_HAL_Driver/Src/stm32f1xx_hal.o
                0x0000000008004c30                HAL_IncTick
 .text.HAL_GetTick
                0x0000000008004c54       0x14 ./Drivers/STM32F1xx_HAL_Driver/Src/stm32f1xx_hal.o
                0x0000000008004c54                HAL_GetTick
 .text.HAL_ADC_Init
                0x0000000008004c68      0x1b0 ./Drivers/STM32F1xx_HAL_Driver/Src/stm32f1xx_hal_adc.o
                0x0000000008004c68                HAL_ADC_Init
 .text.HAL_ADC_Start_DMA
                0x0000000008004e18      0x1bc ./Drivers/STM32F1xx_HAL_Driver/Src/stm32f1xx_hal_adc.o
                0x0000000008004e18                HAL_ADC_Start_DMA
 .text.HAL_ADC_ConvHalfCpltCallback
                0x0000000008004fd4       0x12 ./Drivers/STM32F1xx_HAL_Driver/Src/stm32f1xx_hal_adc.o
                0x0000000008004fd4                HAL_ADC_ConvHalfCpltCallback
 .text.HAL_ADC_ErrorCallback
                0x0000000008004fe6       0x12 ./Drivers/STM32F1xx_HAL_Driver/Src/stm32f1xx_hal_adc.o
                0x0000000008004fe6                HAL_ADC_ErrorCallback
 .text.HAL_ADC_ConfigChannel
                0x0000000008004ff8      0x1f0 ./Drivers/STM32F1xx_HAL_Driver/Src/stm32f1xx_hal_adc.o
                0x0000000008004ff8                HAL_ADC_ConfigChannel
 .text.ADC_Enable
                0x00000000080051e8       0xb4 ./Drivers/STM32F1xx_HAL_Driver/Src/stm32f1xx_hal_adc.o
                0x00000000080051e8                ADC_Enable
 .text.ADC_ConversionStop_Disable
                0x000000000800529c       0x82 ./Drivers/STM32F1xx_HAL_Driver/Src/stm32f1xx_hal_adc.o
                0x000000000800529c                ADC_ConversionStop_Disable
 .text.ADC_DMAConvCplt
                0x000000000800531e       0x7c ./Drivers/STM32F1xx_HAL_Driver/Src/stm32f1xx_hal_adc.o
                0x000000000800531e                ADC_DMAConvCplt
 .text.ADC_DMAHalfConvCplt
                0x000000000800539a       0x1c ./Drivers/STM32F1xx_HAL_Driver/Src/stm32f1xx_hal_adc.o
                0x000000000800539a                ADC_DMAHalfConvCplt
 .text.ADC_DMAError
                0x00000000080053b6       0x34 ./Drivers/STM32F1xx_HAL_Driver/Src/stm32f1xx_hal_adc.o
                0x00000000080053b6                ADC_DMAError
 *fill*         0x00000000080053ea        0x2 
 .text.__NVIC_SetPriorityGrouping
                0x00000000080053ec       0x48 ./Drivers/STM32F1xx_HAL_Driver/Src/stm32f1xx_hal_cortex.o
 .text.__NVIC_GetPriorityGrouping
                0x0000000008005434       0x1c ./Drivers/STM32F1xx_HAL_Driver/Src/stm32f1xx_hal_cortex.o
 .text.__NVIC_EnableIRQ
                0x0000000008005450       0x38 ./Drivers/STM32F1xx_HAL_Driver/Src/stm32f1xx_hal_cortex.o
 .text.__NVIC_SetPriority
                0x0000000008005488       0x54 ./Drivers/STM32F1xx_HAL_Driver/Src/stm32f1xx_hal_cortex.o
 .text.NVIC_EncodePriority
                0x00000000080054dc       0x64 ./Drivers/STM32F1xx_HAL_Driver/Src/stm32f1xx_hal_cortex.o
 .text.SysTick_Config
                0x0000000008005540       0x44 ./Drivers/STM32F1xx_HAL_Driver/Src/stm32f1xx_hal_cortex.o
 .text.HAL_NVIC_SetPriorityGrouping
                0x0000000008005584       0x16 ./Drivers/STM32F1xx_HAL_Driver/Src/stm32f1xx_hal_cortex.o
                0x0000000008005584                HAL_NVIC_SetPriorityGrouping
 .text.HAL_NVIC_SetPriority
                0x000000000800559a       0x38 ./Drivers/STM32F1xx_HAL_Driver/Src/stm32f1xx_hal_cortex.o
                0x000000000800559a                HAL_NVIC_SetPriority
 .text.HAL_NVIC_EnableIRQ
                0x00000000080055d2       0x1c ./Drivers/STM32F1xx_HAL_Driver/Src/stm32f1xx_hal_cortex.o
                0x00000000080055d2                HAL_NVIC_EnableIRQ
 .text.HAL_SYSTICK_Config
                0x00000000080055ee       0x18 ./Drivers/STM32F1xx_HAL_Driver/Src/stm32f1xx_hal_cortex.o
                0x00000000080055ee                HAL_SYSTICK_Config
 *fill*         0x0000000008005606        0x2 
 .text.HAL_DMA_Init
                0x0000000008005608       0xb4 ./Drivers/STM32F1xx_HAL_Driver/Src/stm32f1xx_hal_dma.o
                0x0000000008005608                HAL_DMA_Init
 .text.HAL_DMA_Start_IT
                0x00000000080056bc       0xbe ./Drivers/STM32F1xx_HAL_Driver/Src/stm32f1xx_hal_dma.o
                0x00000000080056bc                HAL_DMA_Start_IT
 *fill*         0x000000000800577a        0x2 
 .text.HAL_DMA_IRQHandler
                0x000000000800577c      0x20c ./Drivers/STM32F1xx_HAL_Driver/Src/stm32f1xx_hal_dma.o
                0x000000000800577c                HAL_DMA_IRQHandler
 .text.DMA_SetConfig
                0x0000000008005988       0x5a ./Drivers/STM32F1xx_HAL_Driver/Src/stm32f1xx_hal_dma.o
 *fill*         0x00000000080059e2        0x2 
 .text.HAL_FLASH_Program
                0x00000000080059e4       0xe0 ./Drivers/STM32F1xx_HAL_Driver/Src/stm32f1xx_hal_flash.o
                0x00000000080059e4                HAL_FLASH_Program
 .text.HAL_FLASH_Unlock
                0x0000000008005ac4       0x4c ./Drivers/STM32F1xx_HAL_Driver/Src/stm32f1xx_hal_flash.o
                0x0000000008005ac4                HAL_FLASH_Unlock
 .text.HAL_FLASH_Lock
                0x0000000008005b10       0x20 ./Drivers/STM32F1xx_HAL_Driver/Src/stm32f1xx_hal_flash.o
                0x0000000008005b10                HAL_FLASH_Lock
 .text.HAL_FLASH_GetError
                0x0000000008005b30       0x14 ./Drivers/STM32F1xx_HAL_Driver/Src/stm32f1xx_hal_flash.o
                0x0000000008005b30                HAL_FLASH_GetError
 .text.FLASH_Program_HalfWord
                0x0000000008005b44       0x38 ./Drivers/STM32F1xx_HAL_Driver/Src/stm32f1xx_hal_flash.o
 .text.FLASH_WaitForLastOperation
                0x0000000008005b7c       0x8c ./Drivers/STM32F1xx_HAL_Driver/Src/stm32f1xx_hal_flash.o
                0x0000000008005b7c                FLASH_WaitForLastOperation
 .text.FLASH_SetErrorCode
                0x0000000008005c08       0xa0 ./Drivers/STM32F1xx_HAL_Driver/Src/stm32f1xx_hal_flash.o
 .text.HAL_FLASHEx_Erase
                0x0000000008005ca8       0xd8 ./Drivers/STM32F1xx_HAL_Driver/Src/stm32f1xx_hal_flash_ex.o
                0x0000000008005ca8                HAL_FLASHEx_Erase
 .text.FLASH_MassErase
                0x0000000008005d80       0x38 ./Drivers/STM32F1xx_HAL_Driver/Src/stm32f1xx_hal_flash_ex.o
 .text.FLASH_PageErase
                0x0000000008005db8       0x40 ./Drivers/STM32F1xx_HAL_Driver/Src/stm32f1xx_hal_flash_ex.o
                0x0000000008005db8                FLASH_PageErase
 .text.HAL_GPIO_Init
                0x0000000008005df8      0x308 ./Drivers/STM32F1xx_HAL_Driver/Src/stm32f1xx_hal_gpio.o
                0x0000000008005df8                HAL_GPIO_Init
 .text.HAL_GPIO_ReadPin
                0x0000000008006100       0x2e ./Drivers/STM32F1xx_HAL_Driver/Src/stm32f1xx_hal_gpio.o
                0x0000000008006100                HAL_GPIO_ReadPin
 .text.HAL_GPIO_WritePin
                0x000000000800612e       0x30 ./Drivers/STM32F1xx_HAL_Driver/Src/stm32f1xx_hal_gpio.o
                0x000000000800612e                HAL_GPIO_WritePin
 *fill*         0x000000000800615e        0x2 
 .text.HAL_I2C_Init
                0x0000000008006160      0x288 ./Drivers/STM32F1xx_HAL_Driver/Src/stm32f1xx_hal_i2c.o
                0x0000000008006160                HAL_I2C_Init
 .text.HAL_RCC_OscConfig
                0x00000000080063e8      0x504 ./Drivers/STM32F1xx_HAL_Driver/Src/stm32f1xx_hal_rcc.o
                0x00000000080063e8                HAL_RCC_OscConfig
 .text.HAL_RCC_ClockConfig
                0x00000000080068ec      0x1d4 ./Drivers/STM32F1xx_HAL_Driver/Src/stm32f1xx_hal_rcc.o
                0x00000000080068ec                HAL_RCC_ClockConfig
 .text.HAL_RCC_GetSysClockFreq
                0x0000000008006ac0       0xbc ./Drivers/STM32F1xx_HAL_Driver/Src/stm32f1xx_hal_rcc.o
                0x0000000008006ac0                HAL_RCC_GetSysClockFreq
 .text.HAL_RCC_GetHCLKFreq
                0x0000000008006b7c       0x14 ./Drivers/STM32F1xx_HAL_Driver/Src/stm32f1xx_hal_rcc.o
                0x0000000008006b7c                HAL_RCC_GetHCLKFreq
 .text.HAL_RCC_GetPCLK1Freq
                0x0000000008006b90       0x28 ./Drivers/STM32F1xx_HAL_Driver/Src/stm32f1xx_hal_rcc.o
                0x0000000008006b90                HAL_RCC_GetPCLK1Freq
 .text.HAL_RCC_GetPCLK2Freq
                0x0000000008006bb8       0x28 ./Drivers/STM32F1xx_HAL_Driver/Src/stm32f1xx_hal_rcc.o
                0x0000000008006bb8                HAL_RCC_GetPCLK2Freq
 .text.RCC_Delay
                0x0000000008006be0       0x3c ./Drivers/STM32F1xx_HAL_Driver/Src/stm32f1xx_hal_rcc.o
 .text.HAL_RCCEx_PeriphCLKConfig
                0x0000000008006c1c      0x16c ./Drivers/STM32F1xx_HAL_Driver/Src/stm32f1xx_hal_rcc_ex.o
                0x0000000008006c1c                HAL_RCCEx_PeriphCLKConfig
 .text.HAL_TIM_PWM_Init
                0x0000000008006d88       0x9e ./Drivers/STM32F1xx_HAL_Driver/Src/stm32f1xx_hal_tim.o
                0x0000000008006d88                HAL_TIM_PWM_Init
 *fill*         0x0000000008006e26        0x2 
 .text.HAL_TIM_PWM_Start
                0x0000000008006e28      0x144 ./Drivers/STM32F1xx_HAL_Driver/Src/stm32f1xx_hal_tim.o
                0x0000000008006e28                HAL_TIM_PWM_Start
 .text.HAL_TIM_Encoder_Init
                0x0000000008006f6c      0x144 ./Drivers/STM32F1xx_HAL_Driver/Src/stm32f1xx_hal_tim.o
                0x0000000008006f6c                HAL_TIM_Encoder_Init
 .text.HAL_TIM_Encoder_Start
                0x00000000080070b0      0x11c ./Drivers/STM32F1xx_HAL_Driver/Src/stm32f1xx_hal_tim.o
                0x00000000080070b0                HAL_TIM_Encoder_Start
 .text.HAL_TIM_PWM_ConfigChannel
                0x00000000080071cc      0x17c ./Drivers/STM32F1xx_HAL_Driver/Src/stm32f1xx_hal_tim.o
                0x00000000080071cc                HAL_TIM_PWM_ConfigChannel
 .text.TIM_Base_SetConfig
                0x0000000008007348       0xc4 ./Drivers/STM32F1xx_HAL_Driver/Src/stm32f1xx_hal_tim.o
                0x0000000008007348                TIM_Base_SetConfig
 .text.TIM_OC1_SetConfig
                0x000000000800740c       0xcc ./Drivers/STM32F1xx_HAL_Driver/Src/stm32f1xx_hal_tim.o
 .text.TIM_OC2_SetConfig
                0x00000000080074d8       0xd4 ./Drivers/STM32F1xx_HAL_Driver/Src/stm32f1xx_hal_tim.o
                0x00000000080074d8                TIM_OC2_SetConfig
 .text.TIM_OC3_SetConfig
                0x00000000080075ac       0xd4 ./Drivers/STM32F1xx_HAL_Driver/Src/stm32f1xx_hal_tim.o
 .text.TIM_OC4_SetConfig
                0x0000000008007680       0x9c ./Drivers/STM32F1xx_HAL_Driver/Src/stm32f1xx_hal_tim.o
 .text.TIM_CCxChannelCmd
                0x000000000800771c       0x48 ./Drivers/STM32F1xx_HAL_Driver/Src/stm32f1xx_hal_tim.o
                0x000000000800771c                TIM_CCxChannelCmd
 .text.HAL_TIMEx_MasterConfigSynchronization
                0x0000000008007764       0xbc ./Drivers/STM32F1xx_HAL_Driver/Src/stm32f1xx_hal_tim_ex.o
                0x0000000008007764                HAL_TIMEx_MasterConfigSynchronization
 .text.HAL_UART_Init
                0x0000000008007820       0x9a ./Drivers/STM32F1xx_HAL_Driver/Src/stm32f1xx_hal_uart.o
                0x0000000008007820                HAL_UART_Init
 .text.HAL_UART_Transmit
                0x00000000080078ba      0x124 ./Drivers/STM32F1xx_HAL_Driver/Src/stm32f1xx_hal_uart.o
                0x00000000080078ba                HAL_UART_Transmit
 .text.UART_WaitOnFlagUntilTimeout
                0x00000000080079de       0x94 ./Drivers/STM32F1xx_HAL_Driver/Src/stm32f1xx_hal_uart.o
 *fill*         0x0000000008007a72        0x2 
 .text.UART_SetConfig
                0x0000000008007a74      0x11c ./Drivers/STM32F1xx_HAL_Driver/Src/stm32f1xx_hal_uart.o
 .text.__errno  0x0000000008007b90        0xc c:/st/stm32cubeide_1.10.1/stm32cubeide/plugins/com.st.stm32cube.ide.mcu.externaltools.gnu-tools-for-stm32.10.3-2021.10.win32_1.0.0.202111181127/tools/bin/../lib/gcc/arm-none-eabi/10.3.1/../../../../arm-none-eabi/lib/thumb/v7-m/nofp\libc_nano.a(lib_a-errno.o)
                0x0000000008007b90                __errno
 .text.__libc_init_array
                0x0000000008007b9c       0x48 c:/st/stm32cubeide_1.10.1/stm32cubeide/plugins/com.st.stm32cube.ide.mcu.externaltools.gnu-tools-for-stm32.10.3-2021.10.win32_1.0.0.202111181127/tools/bin/../lib/gcc/arm-none-eabi/10.3.1/../../../../arm-none-eabi/lib/thumb/v7-m/nofp\libc_nano.a(lib_a-init.o)
                0x0000000008007b9c                __libc_init_array
 .text.memset   0x0000000008007be4       0x10 c:/st/stm32cubeide_1.10.1/stm32cubeide/plugins/com.st.stm32cube.ide.mcu.externaltools.gnu-tools-for-stm32.10.3-2021.10.win32_1.0.0.202111181127/tools/bin/../lib/gcc/arm-none-eabi/10.3.1/../../../../arm-none-eabi/lib/thumb/v7-m/nofp\libc_nano.a(lib_a-memset.o)
                0x0000000008007be4                memset
 .text.pow      0x0000000008007bf4       0xd0 c:/st/stm32cubeide_1.10.1/stm32cubeide/plugins/com.st.stm32cube.ide.mcu.externaltools.gnu-tools-for-stm32.10.3-2021.10.win32_1.0.0.202111181127/tools/bin/../lib/gcc/arm-none-eabi/10.3.1/../../../../arm-none-eabi/lib/thumb/v7-m/nofp\libm.a(lib_a-w_pow.o)
                0x0000000008007bf4                pow
 *fill*         0x0000000008007cc4        0x4 
 .text.__ieee754_pow
                0x0000000008007cc8      0xa2c c:/st/stm32cubeide_1.10.1/stm32cubeide/plugins/com.st.stm32cube.ide.mcu.externaltools.gnu-tools-for-stm32.10.3-2021.10.win32_1.0.0.202111181127/tools/bin/../lib/gcc/arm-none-eabi/10.3.1/../../../../arm-none-eabi/lib/thumb/v7-m/nofp\libm.a(lib_a-e_pow.o)
                0x0000000008007cc8                __ieee754_pow
 .text.__ieee754_sqrt
                0x00000000080086f4      0x160 c:/st/stm32cubeide_1.10.1/stm32cubeide/plugins/com.st.stm32cube.ide.mcu.externaltools.gnu-tools-for-stm32.10.3-2021.10.win32_1.0.0.202111181127/tools/bin/../lib/gcc/arm-none-eabi/10.3.1/../../../../arm-none-eabi/lib/thumb/v7-m/nofp\libm.a(lib_a-e_sqrt.o)
                0x00000000080086f4                __ieee754_sqrt
 .text.with_errno
                0x0000000008008854       0x14 c:/st/stm32cubeide_1.10.1/stm32cubeide/plugins/com.st.stm32cube.ide.mcu.externaltools.gnu-tools-for-stm32.10.3-2021.10.win32_1.0.0.202111181127/tools/bin/../lib/gcc/arm-none-eabi/10.3.1/../../../../arm-none-eabi/lib/thumb/v7-m/nofp\libm.a(lib_a-math_err.o)
 .text.xflow    0x0000000008008868       0x30 c:/st/stm32cubeide_1.10.1/stm32cubeide/plugins/com.st.stm32cube.ide.mcu.externaltools.gnu-tools-for-stm32.10.3-2021.10.win32_1.0.0.202111181127/tools/bin/../lib/gcc/arm-none-eabi/10.3.1/../../../../arm-none-eabi/lib/thumb/v7-m/nofp\libm.a(lib_a-math_err.o)
 .text.__math_uflow
                0x0000000008008898        0xa c:/st/stm32cubeide_1.10.1/stm32cubeide/plugins/com.st.stm32cube.ide.mcu.externaltools.gnu-tools-for-stm32.10.3-2021.10.win32_1.0.0.202111181127/tools/bin/../lib/gcc/arm-none-eabi/10.3.1/../../../../arm-none-eabi/lib/thumb/v7-m/nofp\libm.a(lib_a-math_err.o)
                0x0000000008008898                __math_uflow
 .text.__math_oflow
                0x00000000080088a2        0xa c:/st/stm32cubeide_1.10.1/stm32cubeide/plugins/com.st.stm32cube.ide.mcu.externaltools.gnu-tools-for-stm32.10.3-2021.10.win32_1.0.0.202111181127/tools/bin/../lib/gcc/arm-none-eabi/10.3.1/../../../../arm-none-eabi/lib/thumb/v7-m/nofp\libm.a(lib_a-math_err.o)
                0x00000000080088a2                __math_oflow
 .text.fabs     0x00000000080088ac        0x6 c:/st/stm32cubeide_1.10.1/stm32cubeide/plugins/com.st.stm32cube.ide.mcu.externaltools.gnu-tools-for-stm32.10.3-2021.10.win32_1.0.0.202111181127/tools/bin/../lib/gcc/arm-none-eabi/10.3.1/../../../../arm-none-eabi/lib/thumb/v7-m/nofp\libm.a(lib_a-s_fabs.o)
                0x00000000080088ac                fabs
 .text.finite   0x00000000080088b2        0xc c:/st/stm32cubeide_1.10.1/stm32cubeide/plugins/com.st.stm32cube.ide.mcu.externaltools.gnu-tools-for-stm32.10.3-2021.10.win32_1.0.0.202111181127/tools/bin/../lib/gcc/arm-none-eabi/10.3.1/../../../../arm-none-eabi/lib/thumb/v7-m/nofp\libm.a(lib_a-s_finite.o)
                0x00000000080088b2                finite
 *fill*         0x00000000080088be        0x2 
 .text.scalbn   0x00000000080088c0       0xfc c:/st/stm32cubeide_1.10.1/stm32cubeide/plugins/com.st.stm32cube.ide.mcu.externaltools.gnu-tools-for-stm32.10.3-2021.10.win32_1.0.0.202111181127/tools/bin/../lib/gcc/arm-none-eabi/10.3.1/../../../../arm-none-eabi/lib/thumb/v7-m/nofp\libm.a(lib_a-s_scalbn.o)
                0x00000000080088c0                scalbn
 *(.glue_7)
 .glue_7        0x00000000080089bc        0x0 linker stubs
 *(.glue_7t)
 .glue_7t       0x00000000080089bc        0x0 linker stubs
 *(.eh_frame)
 .eh_frame      0x00000000080089bc        0x0 c:/st/stm32cubeide_1.10.1/stm32cubeide/plugins/com.st.stm32cube.ide.mcu.externaltools.gnu-tools-for-stm32.10.3-2021.10.win32_1.0.0.202111181127/tools/bin/../lib/gcc/arm-none-eabi/10.3.1/thumb/v7-m/nofp/crtbegin.o
 *(.init)
 .init          0x00000000080089bc        0x4 c:/st/stm32cubeide_1.10.1/stm32cubeide/plugins/com.st.stm32cube.ide.mcu.externaltools.gnu-tools-for-stm32.10.3-2021.10.win32_1.0.0.202111181127/tools/bin/../lib/gcc/arm-none-eabi/10.3.1/thumb/v7-m/nofp/crti.o
                0x00000000080089bc                _init
 .init          0x00000000080089c0        0x8 c:/st/stm32cubeide_1.10.1/stm32cubeide/plugins/com.st.stm32cube.ide.mcu.externaltools.gnu-tools-for-stm32.10.3-2021.10.win32_1.0.0.202111181127/tools/bin/../lib/gcc/arm-none-eabi/10.3.1/thumb/v7-m/nofp/crtn.o
 *(.fini)
 .fini          0x00000000080089c8        0x4 c:/st/stm32cubeide_1.10.1/stm32cubeide/plugins/com.st.stm32cube.ide.mcu.externaltools.gnu-tools-for-stm32.10.3-2021.10.win32_1.0.0.202111181127/tools/bin/../lib/gcc/arm-none-eabi/10.3.1/thumb/v7-m/nofp/crti.o
                0x00000000080089c8                _fini
 .fini          0x00000000080089cc        0x8 c:/st/stm32cubeide_1.10.1/stm32cubeide/plugins/com.st.stm32cube.ide.mcu.externaltools.gnu-tools-for-stm32.10.3-2021.10.win32_1.0.0.202111181127/tools/bin/../lib/gcc/arm-none-eabi/10.3.1/thumb/v7-m/nofp/crtn.o
                0x00000000080089d4                . = ALIGN (0x4)
                0x00000000080089d4                _etext = .

.vfp11_veneer   0x00000000080089d4        0x0
 .vfp11_veneer  0x00000000080089d4        0x0 linker stubs

.v4_bx          0x00000000080089d4        0x0
 .v4_bx         0x00000000080089d4        0x0 linker stubs

.iplt           0x00000000080089d4        0x0
 .iplt          0x00000000080089d4        0x0 c:/st/stm32cubeide_1.10.1/stm32cubeide/plugins/com.st.stm32cube.ide.mcu.externaltools.gnu-tools-for-stm32.10.3-2021.10.win32_1.0.0.202111181127/tools/bin/../lib/gcc/arm-none-eabi/10.3.1/thumb/v7-m/nofp/crtbegin.o

.rodata         0x00000000080089d8       0xb8
                0x00000000080089d8                . = ALIGN (0x4)
 *(.rodata)
 .rodata        0x00000000080089d8       0x10 ./Drivers/STM32F1xx_HAL_Driver/Src/stm32f1xx_hal_rcc.o
 *(.rodata*)
 .rodata.AHBPrescTable
                0x00000000080089e8       0x10 ./Core/Src/system_stm32f1xx.o
                0x00000000080089e8                AHBPrescTable
 .rodata.APBPrescTable
                0x00000000080089f8        0x8 ./Core/Src/system_stm32f1xx.o
                0x00000000080089f8                APBPrescTable
 .rodata.__sf_fake_stderr
                0x0000000008008a00       0x20 c:/st/stm32cubeide_1.10.1/stm32cubeide/plugins/com.st.stm32cube.ide.mcu.externaltools.gnu-tools-for-stm32.10.3-2021.10.win32_1.0.0.202111181127/tools/bin/../lib/gcc/arm-none-eabi/10.3.1/../../../../arm-none-eabi/lib/thumb/v7-m/nofp\libc_nano.a(lib_a-findfp.o)
                0x0000000008008a00                __sf_fake_stderr
 .rodata.__sf_fake_stdin
                0x0000000008008a20       0x20 c:/st/stm32cubeide_1.10.1/stm32cubeide/plugins/com.st.stm32cube.ide.mcu.externaltools.gnu-tools-for-stm32.10.3-2021.10.win32_1.0.0.202111181127/tools/bin/../lib/gcc/arm-none-eabi/10.3.1/../../../../arm-none-eabi/lib/thumb/v7-m/nofp\libc_nano.a(lib_a-findfp.o)
                0x0000000008008a20                __sf_fake_stdin
 .rodata.__sf_fake_stdout
                0x0000000008008a40       0x20 c:/st/stm32cubeide_1.10.1/stm32cubeide/plugins/com.st.stm32cube.ide.mcu.externaltools.gnu-tools-for-stm32.10.3-2021.10.win32_1.0.0.202111181127/tools/bin/../lib/gcc/arm-none-eabi/10.3.1/../../../../arm-none-eabi/lib/thumb/v7-m/nofp\libc_nano.a(lib_a-findfp.o)
                0x0000000008008a40                __sf_fake_stdout
 .rodata.bp     0x0000000008008a60       0x10 c:/st/stm32cubeide_1.10.1/stm32cubeide/plugins/com.st.stm32cube.ide.mcu.externaltools.gnu-tools-for-stm32.10.3-2021.10.win32_1.0.0.202111181127/tools/bin/../lib/gcc/arm-none-eabi/10.3.1/../../../../arm-none-eabi/lib/thumb/v7-m/nofp\libm.a(lib_a-e_pow.o)
 .rodata.dp_h   0x0000000008008a70       0x10 c:/st/stm32cubeide_1.10.1/stm32cubeide/plugins/com.st.stm32cube.ide.mcu.externaltools.gnu-tools-for-stm32.10.3-2021.10.win32_1.0.0.202111181127/tools/bin/../lib/gcc/arm-none-eabi/10.3.1/../../../../arm-none-eabi/lib/thumb/v7-m/nofp\libm.a(lib_a-e_pow.o)
 .rodata.dp_l   0x0000000008008a80       0x10 c:/st/stm32cubeide_1.10.1/stm32cubeide/plugins/com.st.stm32cube.ide.mcu.externaltools.gnu-tools-for-stm32.10.3-2021.10.win32_1.0.0.202111181127/tools/bin/../lib/gcc/arm-none-eabi/10.3.1/../../../../arm-none-eabi/lib/thumb/v7-m/nofp\libm.a(lib_a-e_pow.o)
                0x0000000008008a90                . = ALIGN (0x4)

.rel.dyn        0x0000000008008a90        0x0
 .rel.iplt      0x0000000008008a90        0x0 c:/st/stm32cubeide_1.10.1/stm32cubeide/plugins/com.st.stm32cube.ide.mcu.externaltools.gnu-tools-for-stm32.10.3-2021.10.win32_1.0.0.202111181127/tools/bin/../lib/gcc/arm-none-eabi/10.3.1/thumb/v7-m/nofp/crtbegin.o

.ARM.extab      0x0000000008008a90        0x0
                0x0000000008008a90                . = ALIGN (0x4)
 *(.ARM.extab* .gnu.linkonce.armextab.*)
                0x0000000008008a90                . = ALIGN (0x4)

.ARM            0x0000000008008a90        0x0
                0x0000000008008a90                . = ALIGN (0x4)
                0x0000000008008a90                __exidx_start = .
 *(.ARM.exidx*)
                0x0000000008008a90                __exidx_end = .
                0x0000000008008a90                . = ALIGN (0x4)

.preinit_array  0x0000000008008a90        0x0
                0x0000000008008a90                . = ALIGN (0x4)
                0x0000000008008a90                PROVIDE (__preinit_array_start = .)
 *(.preinit_array*)
                0x0000000008008a90                PROVIDE (__preinit_array_end = .)
                0x0000000008008a90                . = ALIGN (0x4)

.init_array     0x0000000008008a90        0x4
                0x0000000008008a90                . = ALIGN (0x4)
                0x0000000008008a90                PROVIDE (__init_array_start = .)
 *(SORT_BY_NAME(.init_array.*))
 *(.init_array*)
 .init_array    0x0000000008008a90        0x4 c:/st/stm32cubeide_1.10.1/stm32cubeide/plugins/com.st.stm32cube.ide.mcu.externaltools.gnu-tools-for-stm32.10.3-2021.10.win32_1.0.0.202111181127/tools/bin/../lib/gcc/arm-none-eabi/10.3.1/thumb/v7-m/nofp/crtbegin.o
                0x0000000008008a94                PROVIDE (__init_array_end = .)
                0x0000000008008a94                . = ALIGN (0x4)

.fini_array     0x0000000008008a94        0x4
                0x0000000008008a94                . = ALIGN (0x4)
                [!provide]                        PROVIDE (__fini_array_start = .)
 *(SORT_BY_NAME(.fini_array.*))
 *(.fini_array*)
 .fini_array    0x0000000008008a94        0x4 c:/st/stm32cubeide_1.10.1/stm32cubeide/plugins/com.st.stm32cube.ide.mcu.externaltools.gnu-tools-for-stm32.10.3-2021.10.win32_1.0.0.202111181127/tools/bin/../lib/gcc/arm-none-eabi/10.3.1/thumb/v7-m/nofp/crtbegin.o
                [!provide]                        PROVIDE (__fini_array_end = .)
                0x0000000008008a98                . = ALIGN (0x4)
                0x0000000008008a98                _sidata = LOADADDR (.data)

.data           0x0000000020000000       0xd8 load address 0x0000000008008a98
                0x0000000020000000                . = ALIGN (0x4)
                0x0000000020000000                _sdata = .
 *(.data)
 *(.data*)
 .data.KPTchoice
                0x0000000020000000        0x8 ./Core/Src/main.o
                0x0000000020000000                KPTchoice
 .data.KDTchoice
                0x0000000020000008        0x8 ./Core/Src/main.o
                0x0000000020000008                KDTchoice
 .data.KPAchoice
                0x0000000020000010        0x8 ./Core/Src/main.o
                0x0000000020000010                KPAchoice
 .data.KDAchoice
                0x0000000020000018        0x8 ./Core/Src/main.o
                0x0000000020000018                KDAchoice
 .data.KPPchoice
                0x0000000020000020        0x8 ./Core/Src/main.o
                0x0000000020000020                KPPchoice
 .data.KDPchoice
                0x0000000020000028        0x8 ./Core/Src/main.o
                0x0000000020000028                KDPchoice
 .data.velocityChoice
                0x0000000020000030        0x8 ./Core/Src/main.o
                0x0000000020000030                velocityChoice
 .data.baseChoice
                0x0000000020000038        0x8 ./Core/Src/main.o
                0x0000000020000038                baseChoice
 .data.forwardChoice
                0x0000000020000040        0x8 ./Core/Src/main.o
                0x0000000020000040                forwardChoice
 .data.RightChoice
                0x0000000020000048        0x8 ./Core/Src/main.o
                0x0000000020000048                RightChoice
 .data.LeftChoice
                0x0000000020000050        0x8 ./Core/Src/main.o
                0x0000000020000050                LeftChoice
 .data.q        0x0000000020000058        0x4 ./Core/Src/main.o
                0x0000000020000058                q
 .data.movementState
                0x000000002000005c        0x4 ./Core/Src/main.o
                0x000000002000005c                movementState
 .data.SystemCoreClock
                0x0000000020000060        0x4 ./Core/Src/system_stm32f1xx.o
                0x0000000020000060                SystemCoreClock
 .data.pLeft    0x0000000020000064        0x4 ./Core/Src/velocityControl.o
                0x0000000020000064                pLeft
 .data.pRight   0x0000000020000068        0x4 ./Core/Src/velocityControl.o
                0x0000000020000068                pRight
 .data.uwTickPrio
                0x000000002000006c        0x4 ./Drivers/STM32F1xx_HAL_Driver/Src/stm32f1xx_hal.o
                0x000000002000006c                uwTickPrio
 .data.uwTickFreq
                0x0000000020000070        0x1 ./Drivers/STM32F1xx_HAL_Driver/Src/stm32f1xx_hal.o
                0x0000000020000070                uwTickFreq
 *fill*         0x0000000020000071        0x3 
 .data._impure_ptr
                0x0000000020000074        0x4 c:/st/stm32cubeide_1.10.1/stm32cubeide/plugins/com.st.stm32cube.ide.mcu.externaltools.gnu-tools-for-stm32.10.3-2021.10.win32_1.0.0.202111181127/tools/bin/../lib/gcc/arm-none-eabi/10.3.1/../../../../arm-none-eabi/lib/thumb/v7-m/nofp\libc_nano.a(lib_a-impure.o)
                0x0000000020000074                _impure_ptr
 .data.impure_data
                0x0000000020000078       0x60 c:/st/stm32cubeide_1.10.1/stm32cubeide/plugins/com.st.stm32cube.ide.mcu.externaltools.gnu-tools-for-stm32.10.3-2021.10.win32_1.0.0.202111181127/tools/bin/../lib/gcc/arm-none-eabi/10.3.1/../../../../arm-none-eabi/lib/thumb/v7-m/nofp\libc_nano.a(lib_a-impure.o)
 *(.RamFunc)
 *(.RamFunc*)
                0x00000000200000d8                . = ALIGN (0x4)
                0x00000000200000d8                _edata = .

.igot.plt       0x00000000200000d8        0x0 load address 0x0000000008008b70
 .igot.plt      0x00000000200000d8        0x0 c:/st/stm32cubeide_1.10.1/stm32cubeide/plugins/com.st.stm32cube.ide.mcu.externaltools.gnu-tools-for-stm32.10.3-2021.10.win32_1.0.0.202111181127/tools/bin/../lib/gcc/arm-none-eabi/10.3.1/thumb/v7-m/nofp/crtbegin.o
                0x00000000200000d8                . = ALIGN (0x4)

.bss            0x00000000200000d8     0x4040 load address 0x0000000008008b70
                0x00000000200000d8                _sbss = .
                0x00000000200000d8                __bss_start__ = _sbss
 *(.bss)
 .bss           0x00000000200000d8       0x1c c:/st/stm32cubeide_1.10.1/stm32cubeide/plugins/com.st.stm32cube.ide.mcu.externaltools.gnu-tools-for-stm32.10.3-2021.10.win32_1.0.0.202111181127/tools/bin/../lib/gcc/arm-none-eabi/10.3.1/thumb/v7-m/nofp/crtbegin.o
 *(.bss*)
 .bss.EraseInitStruct.0
                0x00000000200000f4       0x10 ./Core/Src/FLASH_PAGE_F1.o
 .bss.hadc1     0x0000000020000104       0x30 ./Core/Src/main.o
                0x0000000020000104                hadc1
 .bss.hdma_adc1
                0x0000000020000134       0x44 ./Core/Src/main.o
                0x0000000020000134                hdma_adc1
 .bss.hi2c1     0x0000000020000178       0x54 ./Core/Src/main.o
                0x0000000020000178                hi2c1
 .bss.htim1     0x00000000200001cc       0x48 ./Core/Src/main.o
                0x00000000200001cc                htim1
 .bss.htim3     0x0000000020000214       0x48 ./Core/Src/main.o
                0x0000000020000214                htim3
 .bss.htim4     0x000000002000025c       0x48 ./Core/Src/main.o
                0x000000002000025c                htim4
 .bss.huart3    0x00000000200002a4       0x44 ./Core/Src/main.o
                0x00000000200002a4                huart3
 .bss.adc_buf   0x00000000200002e8     0x1000 ./Core/Src/main.o
                0x00000000200002e8                adc_buf
 .bss.CNY70     0x00000000200012e8      0x400 ./Core/Src/main.o
                0x00000000200012e8                CNY70
 .bss.SHARP_1   0x00000000200016e8      0x400 ./Core/Src/main.o
                0x00000000200016e8                SHARP_1
 .bss.SHARP_2   0x0000000020001ae8      0x400 ./Core/Src/main.o
                0x0000000020001ae8                SHARP_2
 .bss.SHARP_3   0x0000000020001ee8      0x400 ./Core/Src/main.o
                0x0000000020001ee8                SHARP_3
 .bss.Sensors   0x00000000200022e8       0x10 ./Core/Src/main.o
                0x00000000200022e8                Sensors
 .bss.direcciones
                0x00000000200022f8       0x10 ./Core/Src/main.o
                0x00000000200022f8                direcciones
 .bss.choice    0x0000000020002308        0x4 ./Core/Src/main.o
                0x0000000020002308                choice
 .bss.ticksNow  0x000000002000230c        0x4 ./Core/Src/main.o
                0x000000002000230c                ticksNow
 .bss.CenterDistanceRight
                0x0000000020002310        0x4 ./Core/Src/main.o
                0x0000000020002310                CenterDistanceRight
 .bss.CenterDistanceLeft
                0x0000000020002314        0x4 ./Core/Src/main.o
                0x0000000020002314                CenterDistanceLeft
 .bss.calState  0x0000000020002318        0x4 ./Core/Src/main.o
                0x0000000020002318                calState
 .bss.ticks     0x000000002000231c        0x4 ./Core/Src/main.o
                0x000000002000231c                ticks
 .bss.lecturaBtn
                0x0000000020002320        0x4 ./Core/Src/main.o
                0x0000000020002320                lecturaBtn
 .bss.TX_BUFFER
                0x0000000020002324        0xc ./Core/Src/main.o
                0x0000000020002324                TX_BUFFER
 .bss.m         0x0000000020002330        0x4 ./Core/Src/main.o
                0x0000000020002330                m
 .bss.directionsSize
                0x0000000020002334        0x4 ./Core/Src/main.o
                0x0000000020002334                directionsSize
 .bss.movimiento
                0x0000000020002338        0x4 ./Core/Src/main.o
                0x0000000020002338                movimiento
 .bss.finishFlag
                0x000000002000233c        0x4 ./Core/Src/main.o
                0x000000002000233c                finishFlag
 .bss.movimientoFlag
                0x0000000020002340        0x4 ./Core/Src/main.o
                0x0000000020002340                movimientoFlag
 .bss.valueCNY  0x0000000020002344        0x4 ./Core/Src/main.o
                0x0000000020002344                valueCNY
 .bss.btns      0x0000000020002348       0x30 ./Core/Src/main.o
                0x0000000020002348                btns
 .bss.maxDistance
                0x0000000020002378        0xc ./Core/Src/main.o
                0x0000000020002378                maxDistance
 .bss.mainState
                0x0000000020002384        0x4 ./Core/Src/main.o
                0x0000000020002384                mainState
 .bss.robotState
                0x0000000020002388        0x4 ./Core/Src/main.o
                0x0000000020002388                robotState
 .bss.directions
                0x000000002000238c       0x19 ./Core/Src/main.o
                0x000000002000238c                directions
 *fill*         0x00000000200023a5        0x3 
 .bss.Rx_Data   0x00000000200023a8       0x68 ./Core/Src/main.o
                0x00000000200023a8                Rx_Data
 .bss.string    0x0000000020002410       0x64 ./Core/Src/main.o
                0x0000000020002410                string
 .bss.actual    0x0000000020002474        0x8 ./Core/Src/main.o
                0x0000000020002474                actual
 .bss.last      0x000000002000247c        0x8 ./Core/Src/main.o
                0x000000002000247c                last
 .bss.Map       0x0000000020002484     0x1c00 ./Core/Src/main.o
                0x0000000020002484                Map
 .bss.KPT       0x0000000020004084        0x4 ./Core/Src/main.o
                0x0000000020004084                KPT
 .bss.KDT       0x0000000020004088        0x4 ./Core/Src/main.o
                0x0000000020004088                KDT
 .bss.KPA       0x000000002000408c        0x4 ./Core/Src/main.o
                0x000000002000408c                KPA
 .bss.KDA       0x0000000020004090        0x4 ./Core/Src/main.o
                0x0000000020004090                KDA
 .bss.KPP       0x0000000020004094        0x4 ./Core/Src/main.o
                0x0000000020004094                KPP
 .bss.KDP       0x0000000020004098        0x4 ./Core/Src/main.o
                0x0000000020004098                KDP
 .bss.velocity  0x000000002000409c        0x4 ./Core/Src/main.o
                0x000000002000409c                velocity
 .bss.t         0x00000000200040a0        0x4 ./Core/Src/main.o
                0x00000000200040a0                t
 .bss.StraightFlag
                0x00000000200040a4        0x4 ./Core/Src/main.o
                0x00000000200040a4                StraightFlag
 .bss.xSpeed    0x00000000200040a8        0x4 ./Core/Src/main.o
                0x00000000200040a8                xSpeed
 .bss.objectiveDistance
                0x00000000200040ac        0x4 ./Core/Src/main.o
                0x00000000200040ac                objectiveDistance
 .bss.direction
                0x00000000200040b0        0x4 ./Core/Src/main.o
                0x00000000200040b0                direction
 .bss.offset    0x00000000200040b4        0x4 ./Core/Src/movementControl.o
                0x00000000200040b4                offset
 .bss.pid       0x00000000200040b8        0x4 ./Core/Src/velocityControl.o
                0x00000000200040b8                pid
 .bss.elapsedTime
                0x00000000200040bc        0x4 ./Core/Src/velocityControl.o
                0x00000000200040bc                elapsedTime
 .bss.pidP      0x00000000200040c0        0x4 ./Core/Src/velocityControl.o
                0x00000000200040c0                pidP
 .bss.pidD      0x00000000200040c4        0x4 ./Core/Src/velocityControl.o
                0x00000000200040c4                pidD
 .bss.errorT    0x00000000200040c8        0x4 ./Core/Src/velocityControl.o
                0x00000000200040c8                errorT
 .bss.errorP    0x00000000200040cc        0x4 ./Core/Src/velocityControl.o
                0x00000000200040cc                errorP
 .bss.previousErrorT
                0x00000000200040d0        0x4 ./Core/Src/velocityControl.o
                0x00000000200040d0                previousErrorT
 .bss.previousErrorP
                0x00000000200040d4        0x4 ./Core/Src/velocityControl.o
                0x00000000200040d4                previousErrorP
 .bss.timeNowT  0x00000000200040d8        0x4 ./Core/Src/velocityControl.o
                0x00000000200040d8                timeNowT
 .bss.timePrevT
                0x00000000200040dc        0x4 ./Core/Src/velocityControl.o
                0x00000000200040dc                timePrevT
 .bss.timeNowP  0x00000000200040e0        0x4 ./Core/Src/velocityControl.o
                0x00000000200040e0                timeNowP
 .bss.timePrevP
                0x00000000200040e4        0x4 ./Core/Src/velocityControl.o
                0x00000000200040e4                timePrevP
 .bss.motLeft   0x00000000200040e8        0x4 ./Core/Src/velocityControl.o
                0x00000000200040e8                motLeft
 .bss.motRight  0x00000000200040ec        0x4 ./Core/Src/velocityControl.o
                0x00000000200040ec                motRight
 .bss.uwTick    0x00000000200040f0        0x4 ./Drivers/STM32F1xx_HAL_Driver/Src/stm32f1xx_hal.o
                0x00000000200040f0                uwTick
 *fill*         0x00000000200040f4        0x4 
 .bss.pFlash    0x00000000200040f8       0x20 ./Drivers/STM32F1xx_HAL_Driver/Src/stm32f1xx_hal_flash.o
                0x00000000200040f8                pFlash
 *(COMMON)
                0x0000000020004118                . = ALIGN (0x4)
                0x0000000020004118                _ebss = .
                0x0000000020004118                __bss_end__ = _ebss

._user_heap_stack
                0x0000000020004118      0x600 load address 0x0000000008008b70
                0x0000000020004118                . = ALIGN (0x8)
                [!provide]                        PROVIDE (end = .)
                0x0000000020004118                PROVIDE (_end = .)
                0x0000000020004318                . = (. + _Min_Heap_Size)
 *fill*         0x0000000020004118      0x200 
                0x0000000020004718                . = (. + _Min_Stack_Size)
 *fill*         0x0000000020004318      0x400 
                0x0000000020004718                . = ALIGN (0x8)

/DISCARD/
 libc.a(*)
 libm.a(*)
 libgcc.a(*)

.ARM.attributes
                0x0000000000000000       0x29
 *(.ARM.attributes)
 .ARM.attributes
                0x0000000000000000       0x1d c:/st/stm32cubeide_1.10.1/stm32cubeide/plugins/com.st.stm32cube.ide.mcu.externaltools.gnu-tools-for-stm32.10.3-2021.10.win32_1.0.0.202111181127/tools/bin/../lib/gcc/arm-none-eabi/10.3.1/thumb/v7-m/nofp/crti.o
 .ARM.attributes
                0x000000000000001d       0x2d c:/st/stm32cubeide_1.10.1/stm32cubeide/plugins/com.st.stm32cube.ide.mcu.externaltools.gnu-tools-for-stm32.10.3-2021.10.win32_1.0.0.202111181127/tools/bin/../lib/gcc/arm-none-eabi/10.3.1/thumb/v7-m/nofp/crtbegin.o
 .ARM.attributes
                0x000000000000004a       0x2d ./Core/Src/FLASH_PAGE_F1.o
 .ARM.attributes
                0x0000000000000077       0x2d ./Core/Src/main.o
 .ARM.attributes
                0x00000000000000a4       0x2d ./Core/Src/motors.o
 .ARM.attributes
                0x00000000000000d1       0x2d ./Core/Src/movementControl.o
 .ARM.attributes
                0x00000000000000fe       0x2d ./Core/Src/nodeControl.o
 .ARM.attributes
                0x000000000000012b       0x2d ./Core/Src/sharp.o
 .ARM.attributes
                0x0000000000000158       0x2d ./Core/Src/stm32f1xx_hal_msp.o
 .ARM.attributes
                0x0000000000000185       0x2d ./Core/Src/stm32f1xx_it.o
 .ARM.attributes
                0x00000000000001b2       0x2d ./Core/Src/system_stm32f1xx.o
 .ARM.attributes
                0x00000000000001df       0x2d ./Core/Src/velocityControl.o
 .ARM.attributes
                0x000000000000020c       0x21 ./Core/Startup/startup_stm32f103c8tx.o
 .ARM.attributes
                0x000000000000022d       0x2d ./Drivers/STM32F1xx_HAL_Driver/Src/stm32f1xx_hal.o
 .ARM.attributes
                0x000000000000025a       0x2d ./Drivers/STM32F1xx_HAL_Driver/Src/stm32f1xx_hal_adc.o
 .ARM.attributes
                0x0000000000000287       0x2d ./Drivers/STM32F1xx_HAL_Driver/Src/stm32f1xx_hal_cortex.o
 .ARM.attributes
                0x00000000000002b4       0x2d ./Drivers/STM32F1xx_HAL_Driver/Src/stm32f1xx_hal_dma.o
 .ARM.attributes
                0x00000000000002e1       0x2d ./Drivers/STM32F1xx_HAL_Driver/Src/stm32f1xx_hal_flash.o
 .ARM.attributes
                0x000000000000030e       0x2d ./Drivers/STM32F1xx_HAL_Driver/Src/stm32f1xx_hal_flash_ex.o
 .ARM.attributes
                0x000000000000033b       0x2d ./Drivers/STM32F1xx_HAL_Driver/Src/stm32f1xx_hal_gpio.o
 .ARM.attributes
                0x0000000000000368       0x2d ./Drivers/STM32F1xx_HAL_Driver/Src/stm32f1xx_hal_i2c.o
 .ARM.attributes
                0x0000000000000395       0x2d ./Drivers/STM32F1xx_HAL_Driver/Src/stm32f1xx_hal_rcc.o
 .ARM.attributes
                0x00000000000003c2       0x2d ./Drivers/STM32F1xx_HAL_Driver/Src/stm32f1xx_hal_rcc_ex.o
 .ARM.attributes
                0x00000000000003ef       0x2d ./Drivers/STM32F1xx_HAL_Driver/Src/stm32f1xx_hal_tim.o
 .ARM.attributes
                0x000000000000041c       0x2d ./Drivers/STM32F1xx_HAL_Driver/Src/stm32f1xx_hal_tim_ex.o
 .ARM.attributes
                0x0000000000000449       0x2d ./Drivers/STM32F1xx_HAL_Driver/Src/stm32f1xx_hal_uart.o
 .ARM.attributes
                0x0000000000000476       0x2d c:/st/stm32cubeide_1.10.1/stm32cubeide/plugins/com.st.stm32cube.ide.mcu.externaltools.gnu-tools-for-stm32.10.3-2021.10.win32_1.0.0.202111181127/tools/bin/../lib/gcc/arm-none-eabi/10.3.1/../../../../arm-none-eabi/lib/thumb/v7-m/nofp\libc_nano.a(lib_a-errno.o)
 .ARM.attributes
                0x00000000000004a3       0x2d c:/st/stm32cubeide_1.10.1/stm32cubeide/plugins/com.st.stm32cube.ide.mcu.externaltools.gnu-tools-for-stm32.10.3-2021.10.win32_1.0.0.202111181127/tools/bin/../lib/gcc/arm-none-eabi/10.3.1/../../../../arm-none-eabi/lib/thumb/v7-m/nofp\libc_nano.a(lib_a-impure.o)
 .ARM.attributes
                0x00000000000004d0       0x2d c:/st/stm32cubeide_1.10.1/stm32cubeide/plugins/com.st.stm32cube.ide.mcu.externaltools.gnu-tools-for-stm32.10.3-2021.10.win32_1.0.0.202111181127/tools/bin/../lib/gcc/arm-none-eabi/10.3.1/../../../../arm-none-eabi/lib/thumb/v7-m/nofp\libc_nano.a(lib_a-init.o)
 .ARM.attributes
                0x00000000000004fd       0x2d c:/st/stm32cubeide_1.10.1/stm32cubeide/plugins/com.st.stm32cube.ide.mcu.externaltools.gnu-tools-for-stm32.10.3-2021.10.win32_1.0.0.202111181127/tools/bin/../lib/gcc/arm-none-eabi/10.3.1/../../../../arm-none-eabi/lib/thumb/v7-m/nofp\libc_nano.a(lib_a-memset.o)
 .ARM.attributes
                0x000000000000052a       0x17 c:/st/stm32cubeide_1.10.1/stm32cubeide/plugins/com.st.stm32cube.ide.mcu.externaltools.gnu-tools-for-stm32.10.3-2021.10.win32_1.0.0.202111181127/tools/bin/../lib/gcc/arm-none-eabi/10.3.1/../../../../arm-none-eabi/lib/thumb/v7-m/nofp\libc_nano.a(lib_a-strlen.o)
 .ARM.attributes
                0x0000000000000541       0x2d c:/st/stm32cubeide_1.10.1/stm32cubeide/plugins/com.st.stm32cube.ide.mcu.externaltools.gnu-tools-for-stm32.10.3-2021.10.win32_1.0.0.202111181127/tools/bin/../lib/gcc/arm-none-eabi/10.3.1/../../../../arm-none-eabi/lib/thumb/v7-m/nofp\libc_nano.a(lib_a-findfp.o)
 .ARM.attributes
                0x000000000000056e       0x2d c:/st/stm32cubeide_1.10.1/stm32cubeide/plugins/com.st.stm32cube.ide.mcu.externaltools.gnu-tools-for-stm32.10.3-2021.10.win32_1.0.0.202111181127/tools/bin/../lib/gcc/arm-none-eabi/10.3.1/../../../../arm-none-eabi/lib/thumb/v7-m/nofp\libm.a(lib_a-w_pow.o)
 .ARM.attributes
                0x000000000000059b       0x2d c:/st/stm32cubeide_1.10.1/stm32cubeide/plugins/com.st.stm32cube.ide.mcu.externaltools.gnu-tools-for-stm32.10.3-2021.10.win32_1.0.0.202111181127/tools/bin/../lib/gcc/arm-none-eabi/10.3.1/../../../../arm-none-eabi/lib/thumb/v7-m/nofp\libm.a(lib_a-e_pow.o)
 .ARM.attributes
                0x00000000000005c8       0x2d c:/st/stm32cubeide_1.10.1/stm32cubeide/plugins/com.st.stm32cube.ide.mcu.externaltools.gnu-tools-for-stm32.10.3-2021.10.win32_1.0.0.202111181127/tools/bin/../lib/gcc/arm-none-eabi/10.3.1/../../../../arm-none-eabi/lib/thumb/v7-m/nofp\libm.a(lib_a-e_sqrt.o)
 .ARM.attributes
                0x00000000000005f5       0x2d c:/st/stm32cubeide_1.10.1/stm32cubeide/plugins/com.st.stm32cube.ide.mcu.externaltools.gnu-tools-for-stm32.10.3-2021.10.win32_1.0.0.202111181127/tools/bin/../lib/gcc/arm-none-eabi/10.3.1/../../../../arm-none-eabi/lib/thumb/v7-m/nofp\libm.a(lib_a-math_err.o)
 .ARM.attributes
                0x0000000000000622       0x2d c:/st/stm32cubeide_1.10.1/stm32cubeide/plugins/com.st.stm32cube.ide.mcu.externaltools.gnu-tools-for-stm32.10.3-2021.10.win32_1.0.0.202111181127/tools/bin/../lib/gcc/arm-none-eabi/10.3.1/../../../../arm-none-eabi/lib/thumb/v7-m/nofp\libm.a(lib_a-s_fabs.o)
 .ARM.attributes
                0x000000000000064f       0x2d c:/st/stm32cubeide_1.10.1/stm32cubeide/plugins/com.st.stm32cube.ide.mcu.externaltools.gnu-tools-for-stm32.10.3-2021.10.win32_1.0.0.202111181127/tools/bin/../lib/gcc/arm-none-eabi/10.3.1/../../../../arm-none-eabi/lib/thumb/v7-m/nofp\libm.a(lib_a-s_finite.o)
 .ARM.attributes
                0x000000000000067c       0x2d c:/st/stm32cubeide_1.10.1/stm32cubeide/plugins/com.st.stm32cube.ide.mcu.externaltools.gnu-tools-for-stm32.10.3-2021.10.win32_1.0.0.202111181127/tools/bin/../lib/gcc/arm-none-eabi/10.3.1/../../../../arm-none-eabi/lib/thumb/v7-m/nofp\libm.a(lib_a-s_scalbn.o)
 .ARM.attributes
                0x00000000000006a9       0x1d c:/st/stm32cubeide_1.10.1/stm32cubeide/plugins/com.st.stm32cube.ide.mcu.externaltools.gnu-tools-for-stm32.10.3-2021.10.win32_1.0.0.202111181127/tools/bin/../lib/gcc/arm-none-eabi/10.3.1/thumb/v7-m/nofp\libgcc.a(_arm_addsubdf3.o)
 .ARM.attributes
                0x00000000000006c6       0x1d c:/st/stm32cubeide_1.10.1/stm32cubeide/plugins/com.st.stm32cube.ide.mcu.externaltools.gnu-tools-for-stm32.10.3-2021.10.win32_1.0.0.202111181127/tools/bin/../lib/gcc/arm-none-eabi/10.3.1/thumb/v7-m/nofp\libgcc.a(_arm_muldivdf3.o)
 .ARM.attributes
                0x00000000000006e3       0x1d c:/st/stm32cubeide_1.10.1/stm32cubeide/plugins/com.st.stm32cube.ide.mcu.externaltools.gnu-tools-for-stm32.10.3-2021.10.win32_1.0.0.202111181127/tools/bin/../lib/gcc/arm-none-eabi/10.3.1/thumb/v7-m/nofp\libgcc.a(_arm_cmpdf2.o)
 .ARM.attributes
                0x0000000000000700       0x1d c:/st/stm32cubeide_1.10.1/stm32cubeide/plugins/com.st.stm32cube.ide.mcu.externaltools.gnu-tools-for-stm32.10.3-2021.10.win32_1.0.0.202111181127/tools/bin/../lib/gcc/arm-none-eabi/10.3.1/thumb/v7-m/nofp\libgcc.a(_arm_unorddf2.o)
 .ARM.attributes
                0x000000000000071d       0x1d c:/st/stm32cubeide_1.10.1/stm32cubeide/plugins/com.st.stm32cube.ide.mcu.externaltools.gnu-tools-for-stm32.10.3-2021.10.win32_1.0.0.202111181127/tools/bin/../lib/gcc/arm-none-eabi/10.3.1/thumb/v7-m/nofp\libgcc.a(_arm_fixdfsi.o)
 .ARM.attributes
                0x000000000000073a       0x1d c:/st/stm32cubeide_1.10.1/stm32cubeide/plugins/com.st.stm32cube.ide.mcu.externaltools.gnu-tools-for-stm32.10.3-2021.10.win32_1.0.0.202111181127/tools/bin/../lib/gcc/arm-none-eabi/10.3.1/thumb/v7-m/nofp\libgcc.a(_arm_fixunsdfsi.o)
 .ARM.attributes
                0x0000000000000757       0x1d c:/st/stm32cubeide_1.10.1/stm32cubeide/plugins/com.st.stm32cube.ide.mcu.externaltools.gnu-tools-for-stm32.10.3-2021.10.win32_1.0.0.202111181127/tools/bin/../lib/gcc/arm-none-eabi/10.3.1/thumb/v7-m/nofp\libgcc.a(_arm_truncdfsf2.o)
 .ARM.attributes
                0x0000000000000774       0x1d c:/st/stm32cubeide_1.10.1/stm32cubeide/plugins/com.st.stm32cube.ide.mcu.externaltools.gnu-tools-for-stm32.10.3-2021.10.win32_1.0.0.202111181127/tools/bin/../lib/gcc/arm-none-eabi/10.3.1/thumb/v7-m/nofp\libgcc.a(_arm_addsubsf3.o)
 .ARM.attributes
                0x0000000000000791       0x1d c:/st/stm32cubeide_1.10.1/stm32cubeide/plugins/com.st.stm32cube.ide.mcu.externaltools.gnu-tools-for-stm32.10.3-2021.10.win32_1.0.0.202111181127/tools/bin/../lib/gcc/arm-none-eabi/10.3.1/thumb/v7-m/nofp\libgcc.a(_arm_muldivsf3.o)
 .ARM.attributes
                0x00000000000007ae       0x1d c:/st/stm32cubeide_1.10.1/stm32cubeide/plugins/com.st.stm32cube.ide.mcu.externaltools.gnu-tools-for-stm32.10.3-2021.10.win32_1.0.0.202111181127/tools/bin/../lib/gcc/arm-none-eabi/10.3.1/thumb/v7-m/nofp\libgcc.a(_arm_cmpsf2.o)
 .ARM.attributes
                0x00000000000007cb       0x1d c:/st/stm32cubeide_1.10.1/stm32cubeide/plugins/com.st.stm32cube.ide.mcu.externaltools.gnu-tools-for-stm32.10.3-2021.10.win32_1.0.0.202111181127/tools/bin/../lib/gcc/arm-none-eabi/10.3.1/thumb/v7-m/nofp\libgcc.a(_arm_fixsfsi.o)
 .ARM.attributes
                0x00000000000007e8       0x1d c:/st/stm32cubeide_1.10.1/stm32cubeide/plugins/com.st.stm32cube.ide.mcu.externaltools.gnu-tools-for-stm32.10.3-2021.10.win32_1.0.0.202111181127/tools/bin/../lib/gcc/arm-none-eabi/10.3.1/thumb/v7-m/nofp\libgcc.a(_arm_fixunssfsi.o)
 .ARM.attributes
                0x0000000000000805       0x1d c:/st/stm32cubeide_1.10.1/stm32cubeide/plugins/com.st.stm32cube.ide.mcu.externaltools.gnu-tools-for-stm32.10.3-2021.10.win32_1.0.0.202111181127/tools/bin/../lib/gcc/arm-none-eabi/10.3.1/thumb/v7-m/nofp/crtn.o
OUTPUT(Bluepill v2.elf elf32-littlearm)
LOAD linker stubs
LOAD c:/st/stm32cubeide_1.10.1/stm32cubeide/plugins/com.st.stm32cube.ide.mcu.externaltools.gnu-tools-for-stm32.10.3-2021.10.win32_1.0.0.202111181127/tools/bin/../lib/gcc/arm-none-eabi/10.3.1/../../../../arm-none-eabi/lib/thumb/v7-m/nofp\libc.a
LOAD c:/st/stm32cubeide_1.10.1/stm32cubeide/plugins/com.st.stm32cube.ide.mcu.externaltools.gnu-tools-for-stm32.10.3-2021.10.win32_1.0.0.202111181127/tools/bin/../lib/gcc/arm-none-eabi/10.3.1/../../../../arm-none-eabi/lib/thumb/v7-m/nofp\libm.a
LOAD c:/st/stm32cubeide_1.10.1/stm32cubeide/plugins/com.st.stm32cube.ide.mcu.externaltools.gnu-tools-for-stm32.10.3-2021.10.win32_1.0.0.202111181127/tools/bin/../lib/gcc/arm-none-eabi/10.3.1/thumb/v7-m/nofp\libgcc.a

.debug_info     0x0000000000000000    0x116ae
 .debug_info    0x0000000000000000      0x527 ./Core/Src/FLASH_PAGE_F1.o
 .debug_info    0x0000000000000527     0x248e ./Core/Src/main.o
 .debug_info    0x00000000000029b5      0x3ae ./Core/Src/motors.o
 .debug_info    0x0000000000002d63      0x478 ./Core/Src/movementControl.o
 .debug_info    0x00000000000031db      0x1fe ./Core/Src/nodeControl.o
 .debug_info    0x00000000000033d9      0x26a ./Core/Src/sharp.o
 .debug_info    0x0000000000003643     0x1387 ./Core/Src/stm32f1xx_hal_msp.o
 .debug_info    0x00000000000049ca      0x3d3 ./Core/Src/stm32f1xx_it.o
 .debug_info    0x0000000000004d9d      0x23d ./Core/Src/system_stm32f1xx.o
 .debug_info    0x0000000000004fda      0x4c8 ./Core/Src/velocityControl.o
 .debug_info    0x00000000000054a2       0x22 ./Core/Startup/startup_stm32f103c8tx.o
 .debug_info    0x00000000000054c4      0x734 ./Drivers/STM32F1xx_HAL_Driver/Src/stm32f1xx_hal.o
 .debug_info    0x0000000000005bf8      0xcd9 ./Drivers/STM32F1xx_HAL_Driver/Src/stm32f1xx_hal_adc.o
 .debug_info    0x00000000000068d1      0xb20 ./Drivers/STM32F1xx_HAL_Driver/Src/stm32f1xx_hal_cortex.o
 .debug_info    0x00000000000073f1      0x73f ./Drivers/STM32F1xx_HAL_Driver/Src/stm32f1xx_hal_dma.o
 .debug_info    0x0000000000007b30      0x547 ./Drivers/STM32F1xx_HAL_Driver/Src/stm32f1xx_hal_flash.o
 .debug_info    0x0000000000008077      0x7e5 ./Drivers/STM32F1xx_HAL_Driver/Src/stm32f1xx_hal_flash_ex.o
 .debug_info    0x000000000000885c      0x615 ./Drivers/STM32F1xx_HAL_Driver/Src/stm32f1xx_hal_gpio.o
 .debug_info    0x0000000000008e71     0x2734 ./Drivers/STM32F1xx_HAL_Driver/Src/stm32f1xx_hal_i2c.o
 .debug_info    0x000000000000b5a5      0x860 ./Drivers/STM32F1xx_HAL_Driver/Src/stm32f1xx_hal_rcc.o
 .debug_info    0x000000000000be05      0x3e0 ./Drivers/STM32F1xx_HAL_Driver/Src/stm32f1xx_hal_rcc_ex.o
 .debug_info    0x000000000000c1e5     0x29de ./Drivers/STM32F1xx_HAL_Driver/Src/stm32f1xx_hal_tim.o
 .debug_info    0x000000000000ebc3     0x1513 ./Drivers/STM32F1xx_HAL_Driver/Src/stm32f1xx_hal_tim_ex.o
 .debug_info    0x00000000000100d6     0x15d8 ./Drivers/STM32F1xx_HAL_Driver/Src/stm32f1xx_hal_uart.o

.debug_abbrev   0x0000000000000000     0x2e50
 .debug_abbrev  0x0000000000000000      0x1ff ./Core/Src/FLASH_PAGE_F1.o
 .debug_abbrev  0x00000000000001ff      0x3a2 ./Core/Src/main.o
 .debug_abbrev  0x00000000000005a1      0x165 ./Core/Src/motors.o
 .debug_abbrev  0x0000000000000706      0x1a6 ./Core/Src/movementControl.o
 .debug_abbrev  0x00000000000008ac      0x100 ./Core/Src/nodeControl.o
 .debug_abbrev  0x00000000000009ac      0x108 ./Core/Src/sharp.o
 .debug_abbrev  0x0000000000000ab4      0x23e ./Core/Src/stm32f1xx_hal_msp.o
 .debug_abbrev  0x0000000000000cf2      0x18c ./Core/Src/stm32f1xx_it.o
 .debug_abbrev  0x0000000000000e7e      0x13b ./Core/Src/system_stm32f1xx.o
 .debug_abbrev  0x0000000000000fb9      0x16a ./Core/Src/velocityControl.o
 .debug_abbrev  0x0000000000001123       0x12 ./Core/Startup/startup_stm32f103c8tx.o
 .debug_abbrev  0x0000000000001135      0x1fb ./Drivers/STM32F1xx_HAL_Driver/Src/stm32f1xx_hal.o
 .debug_abbrev  0x0000000000001330      0x210 ./Drivers/STM32F1xx_HAL_Driver/Src/stm32f1xx_hal_adc.o
 .debug_abbrev  0x0000000000001540      0x2ed ./Drivers/STM32F1xx_HAL_Driver/Src/stm32f1xx_hal_cortex.o
 .debug_abbrev  0x000000000000182d      0x1fe ./Drivers/STM32F1xx_HAL_Driver/Src/stm32f1xx_hal_dma.o
 .debug_abbrev  0x0000000000001a2b      0x243 ./Drivers/STM32F1xx_HAL_Driver/Src/stm32f1xx_hal_flash.o
 .debug_abbrev  0x0000000000001c6e      0x23b ./Drivers/STM32F1xx_HAL_Driver/Src/stm32f1xx_hal_flash_ex.o
 .debug_abbrev  0x0000000000001ea9      0x1bb ./Drivers/STM32F1xx_HAL_Driver/Src/stm32f1xx_hal_gpio.o
 .debug_abbrev  0x0000000000002064      0x288 ./Drivers/STM32F1xx_HAL_Driver/Src/stm32f1xx_hal_i2c.o
 .debug_abbrev  0x00000000000022ec      0x2a8 ./Drivers/STM32F1xx_HAL_Driver/Src/stm32f1xx_hal_rcc.o
 .debug_abbrev  0x0000000000002594      0x182 ./Drivers/STM32F1xx_HAL_Driver/Src/stm32f1xx_hal_rcc_ex.o
 .debug_abbrev  0x0000000000002716      0x25d ./Drivers/STM32F1xx_HAL_Driver/Src/stm32f1xx_hal_tim.o
 .debug_abbrev  0x0000000000002973      0x265 ./Drivers/STM32F1xx_HAL_Driver/Src/stm32f1xx_hal_tim_ex.o
 .debug_abbrev  0x0000000000002bd8      0x278 ./Drivers/STM32F1xx_HAL_Driver/Src/stm32f1xx_hal_uart.o

.debug_aranges  0x0000000000000000     0x12d8
 .debug_aranges
                0x0000000000000000       0x58 ./Core/Src/FLASH_PAGE_F1.o
 .debug_aranges
                0x0000000000000058       0xd8 ./Core/Src/main.o
 .debug_aranges
                0x0000000000000130       0x50 ./Core/Src/motors.o
 .debug_aranges
                0x0000000000000180       0x30 ./Core/Src/movementControl.o
 .debug_aranges
                0x00000000000001b0       0x30 ./Core/Src/nodeControl.o
 .debug_aranges
                0x00000000000001e0       0x38 ./Core/Src/sharp.o
 .debug_aranges
                0x0000000000000218       0x78 ./Core/Src/stm32f1xx_hal_msp.o
 .debug_aranges
                0x0000000000000290       0x68 ./Core/Src/stm32f1xx_it.o
 .debug_aranges
                0x00000000000002f8       0x28 ./Core/Src/system_stm32f1xx.o
 .debug_aranges
                0x0000000000000320       0x30 ./Core/Src/velocityControl.o
 .debug_aranges
                0x0000000000000350       0x28 ./Core/Startup/startup_stm32f103c8tx.o
 .debug_aranges
                0x0000000000000378       0xe0 ./Drivers/STM32F1xx_HAL_Driver/Src/stm32f1xx_hal.o
 .debug_aranges
                0x0000000000000458       0xf0 ./Drivers/STM32F1xx_HAL_Driver/Src/stm32f1xx_hal_adc.o
 .debug_aranges
                0x0000000000000548      0x100 ./Drivers/STM32F1xx_HAL_Driver/Src/stm32f1xx_hal_cortex.o
 .debug_aranges
                0x0000000000000648       0x80 ./Drivers/STM32F1xx_HAL_Driver/Src/stm32f1xx_hal_dma.o
 .debug_aranges
                0x00000000000006c8       0x88 ./Drivers/STM32F1xx_HAL_Driver/Src/stm32f1xx_hal_flash.o
 .debug_aranges
                0x0000000000000750       0x98 ./Drivers/STM32F1xx_HAL_Driver/Src/stm32f1xx_hal_flash_ex.o
 .debug_aranges
                0x00000000000007e8       0x58 ./Drivers/STM32F1xx_HAL_Driver/Src/stm32f1xx_hal_gpio.o
 .debug_aranges
                0x0000000000000840      0x2a0 ./Drivers/STM32F1xx_HAL_Driver/Src/stm32f1xx_hal_i2c.o
 .debug_aranges
                0x0000000000000ae0       0x90 ./Drivers/STM32F1xx_HAL_Driver/Src/stm32f1xx_hal_rcc.o
 .debug_aranges
                0x0000000000000b70       0x30 ./Drivers/STM32F1xx_HAL_Driver/Src/stm32f1xx_hal_rcc_ex.o
 .debug_aranges
                0x0000000000000ba0      0x3d0 ./Drivers/STM32F1xx_HAL_Driver/Src/stm32f1xx_hal_tim.o
 .debug_aranges
                0x0000000000000f70      0x168 ./Drivers/STM32F1xx_HAL_Driver/Src/stm32f1xx_hal_tim_ex.o
 .debug_aranges
                0x00000000000010d8      0x200 ./Drivers/STM32F1xx_HAL_Driver/Src/stm32f1xx_hal_uart.o

.debug_ranges   0x0000000000000000     0x11b8
 .debug_ranges  0x0000000000000000       0x48 ./Core/Src/FLASH_PAGE_F1.o
 .debug_ranges  0x0000000000000048       0xc8 ./Core/Src/main.o
 .debug_ranges  0x0000000000000110       0x40 ./Core/Src/motors.o
 .debug_ranges  0x0000000000000150       0x20 ./Core/Src/movementControl.o
 .debug_ranges  0x0000000000000170       0x20 ./Core/Src/nodeControl.o
 .debug_ranges  0x0000000000000190       0x28 ./Core/Src/sharp.o
 .debug_ranges  0x00000000000001b8       0x68 ./Core/Src/stm32f1xx_hal_msp.o
 .debug_ranges  0x0000000000000220       0x58 ./Core/Src/stm32f1xx_it.o
 .debug_ranges  0x0000000000000278       0x18 ./Core/Src/system_stm32f1xx.o
 .debug_ranges  0x0000000000000290       0x20 ./Core/Src/velocityControl.o
 .debug_ranges  0x00000000000002b0       0x20 ./Core/Startup/startup_stm32f103c8tx.o
 .debug_ranges  0x00000000000002d0       0xd0 ./Drivers/STM32F1xx_HAL_Driver/Src/stm32f1xx_hal.o
 .debug_ranges  0x00000000000003a0       0xe0 ./Drivers/STM32F1xx_HAL_Driver/Src/stm32f1xx_hal_adc.o
 .debug_ranges  0x0000000000000480       0xf0 ./Drivers/STM32F1xx_HAL_Driver/Src/stm32f1xx_hal_cortex.o
 .debug_ranges  0x0000000000000570       0x70 ./Drivers/STM32F1xx_HAL_Driver/Src/stm32f1xx_hal_dma.o
 .debug_ranges  0x00000000000005e0       0x78 ./Drivers/STM32F1xx_HAL_Driver/Src/stm32f1xx_hal_flash.o
 .debug_ranges  0x0000000000000658       0x88 ./Drivers/STM32F1xx_HAL_Driver/Src/stm32f1xx_hal_flash_ex.o
 .debug_ranges  0x00000000000006e0       0x48 ./Drivers/STM32F1xx_HAL_Driver/Src/stm32f1xx_hal_gpio.o
 .debug_ranges  0x0000000000000728      0x2b8 ./Drivers/STM32F1xx_HAL_Driver/Src/stm32f1xx_hal_i2c.o
 .debug_ranges  0x00000000000009e0       0x80 ./Drivers/STM32F1xx_HAL_Driver/Src/stm32f1xx_hal_rcc.o
 .debug_ranges  0x0000000000000a60       0x20 ./Drivers/STM32F1xx_HAL_Driver/Src/stm32f1xx_hal_rcc_ex.o
 .debug_ranges  0x0000000000000a80      0x3c0 ./Drivers/STM32F1xx_HAL_Driver/Src/stm32f1xx_hal_tim.o
 .debug_ranges  0x0000000000000e40      0x158 ./Drivers/STM32F1xx_HAL_Driver/Src/stm32f1xx_hal_tim_ex.o
 .debug_ranges  0x0000000000000f98      0x220 ./Drivers/STM32F1xx_HAL_Driver/Src/stm32f1xx_hal_uart.o

.debug_macro    0x0000000000000000    0x19fac
 .debug_macro   0x0000000000000000      0x35a ./Core/Src/FLASH_PAGE_F1.o
 .debug_macro   0x000000000000035a      0xa6c ./Core/Src/FLASH_PAGE_F1.o
 .debug_macro   0x0000000000000dc6      0x22d ./Core/Src/FLASH_PAGE_F1.o
 .debug_macro   0x0000000000000ff3       0x2e ./Core/Src/FLASH_PAGE_F1.o
 .debug_macro   0x0000000000001021       0x22 ./Core/Src/FLASH_PAGE_F1.o
 .debug_macro   0x0000000000001043       0x22 ./Core/Src/FLASH_PAGE_F1.o
 .debug_macro   0x0000000000001065       0x8e ./Core/Src/FLASH_PAGE_F1.o
 .debug_macro   0x00000000000010f3       0x51 ./Core/Src/FLASH_PAGE_F1.o
 .debug_macro   0x0000000000001144      0x103 ./Core/Src/FLASH_PAGE_F1.o
 .debug_macro   0x0000000000001247       0x6a ./Core/Src/FLASH_PAGE_F1.o
 .debug_macro   0x00000000000012b1      0x1df ./Core/Src/FLASH_PAGE_F1.o
 .debug_macro   0x0000000000001490       0x1c ./Core/Src/FLASH_PAGE_F1.o
 .debug_macro   0x00000000000014ac       0x22 ./Core/Src/FLASH_PAGE_F1.o
 .debug_macro   0x00000000000014ce       0xbd ./Core/Src/FLASH_PAGE_F1.o
 .debug_macro   0x000000000000158b      0xd23 ./Core/Src/FLASH_PAGE_F1.o
 .debug_macro   0x00000000000022ae     0xe09e ./Core/Src/FLASH_PAGE_F1.o
 .debug_macro   0x000000000001034c       0x6d ./Core/Src/FLASH_PAGE_F1.o
 .debug_macro   0x00000000000103b9     0x3468 ./Core/Src/FLASH_PAGE_F1.o
 .debug_macro   0x0000000000013821      0x174 ./Core/Src/FLASH_PAGE_F1.o
 .debug_macro   0x0000000000013995       0x5c ./Core/Src/FLASH_PAGE_F1.o
 .debug_macro   0x00000000000139f1      0x5be ./Core/Src/FLASH_PAGE_F1.o
 .debug_macro   0x0000000000013faf      0x289 ./Core/Src/FLASH_PAGE_F1.o
 .debug_macro   0x0000000000014238      0x1cb ./Core/Src/FLASH_PAGE_F1.o
 .debug_macro   0x0000000000014403      0x114 ./Core/Src/FLASH_PAGE_F1.o
 .debug_macro   0x0000000000014517      0x1b2 ./Core/Src/FLASH_PAGE_F1.o
 .debug_macro   0x00000000000146c9       0x27 ./Core/Src/FLASH_PAGE_F1.o
 .debug_macro   0x00000000000146f0      0x136 ./Core/Src/FLASH_PAGE_F1.o
 .debug_macro   0x0000000000014826      0x1bc ./Core/Src/FLASH_PAGE_F1.o
 .debug_macro   0x00000000000149e2       0x34 ./Core/Src/FLASH_PAGE_F1.o
 .debug_macro   0x0000000000014a16       0x3c ./Core/Src/FLASH_PAGE_F1.o
 .debug_macro   0x0000000000014a52       0x57 ./Core/Src/FLASH_PAGE_F1.o
 .debug_macro   0x0000000000014aa9      0x46a ./Core/Src/FLASH_PAGE_F1.o
 .debug_macro   0x0000000000014f13      0x1b5 ./Core/Src/FLASH_PAGE_F1.o
 .debug_macro   0x00000000000150c8       0x88 ./Core/Src/FLASH_PAGE_F1.o
 .debug_macro   0x0000000000015150      0x241 ./Core/Src/FLASH_PAGE_F1.o
 .debug_macro   0x0000000000015391      0x287 ./Core/Src/FLASH_PAGE_F1.o
 .debug_macro   0x0000000000015618      0x141 ./Core/Src/FLASH_PAGE_F1.o
 .debug_macro   0x0000000000015759      0x8d1 ./Core/Src/FLASH_PAGE_F1.o
 .debug_macro   0x000000000001602a      0x279 ./Core/Src/FLASH_PAGE_F1.o
 .debug_macro   0x00000000000162a3       0x83 ./Core/Src/FLASH_PAGE_F1.o
 .debug_macro   0x0000000000016326       0x52 ./Core/Src/FLASH_PAGE_F1.o
 .debug_macro   0x0000000000016378       0x18 ./Core/Src/FLASH_PAGE_F1.o
 .debug_macro   0x0000000000016390       0x3c ./Core/Src/FLASH_PAGE_F1.o
 .debug_macro   0x00000000000163cc       0x34 ./Core/Src/FLASH_PAGE_F1.o
 .debug_macro   0x0000000000016400       0x16 ./Core/Src/FLASH_PAGE_F1.o
 .debug_macro   0x0000000000016416       0x43 ./Core/Src/FLASH_PAGE_F1.o
 .debug_macro   0x0000000000016459       0x34 ./Core/Src/FLASH_PAGE_F1.o
 .debug_macro   0x000000000001648d       0x10 ./Core/Src/FLASH_PAGE_F1.o
 .debug_macro   0x000000000001649d       0x58 ./Core/Src/FLASH_PAGE_F1.o
 .debug_macro   0x00000000000164f5       0x71 ./Core/Src/FLASH_PAGE_F1.o
 .debug_macro   0x0000000000016566       0x1c ./Core/Src/FLASH_PAGE_F1.o
 .debug_macro   0x0000000000016582      0x12a ./Core/Src/FLASH_PAGE_F1.o
 .debug_macro   0x00000000000166ac      0x341 ./Core/Src/FLASH_PAGE_F1.o
 .debug_macro   0x00000000000169ed       0x10 ./Core/Src/FLASH_PAGE_F1.o
 .debug_macro   0x00000000000169fd       0x35 ./Core/Src/FLASH_PAGE_F1.o
 .debug_macro   0x0000000000016a32       0x20 ./Core/Src/FLASH_PAGE_F1.o
 .debug_macro   0x0000000000016a52       0x1c ./Core/Src/FLASH_PAGE_F1.o
 .debug_macro   0x0000000000016a6e       0x10 ./Core/Src/FLASH_PAGE_F1.o
 .debug_macro   0x0000000000016a7e       0x10 ./Core/Src/FLASH_PAGE_F1.o
 .debug_macro   0x0000000000016a8e       0x1c ./Core/Src/FLASH_PAGE_F1.o
 .debug_macro   0x0000000000016aaa       0x52 ./Core/Src/FLASH_PAGE_F1.o
 .debug_macro   0x0000000000016afc       0x22 ./Core/Src/FLASH_PAGE_F1.o
 .debug_macro   0x0000000000016b1e       0x10 ./Core/Src/FLASH_PAGE_F1.o
 .debug_macro   0x0000000000016b2e       0x52 ./Core/Src/FLASH_PAGE_F1.o
 .debug_macro   0x0000000000016b80       0xd5 ./Core/Src/FLASH_PAGE_F1.o
 .debug_macro   0x0000000000016c55       0x1c ./Core/Src/FLASH_PAGE_F1.o
 .debug_macro   0x0000000000016c71       0x3d ./Core/Src/FLASH_PAGE_F1.o
 .debug_macro   0x0000000000016cae       0x16 ./Core/Src/FLASH_PAGE_F1.o
 .debug_macro   0x0000000000016cc4      0x145 ./Core/Src/FLASH_PAGE_F1.o
 .debug_macro   0x0000000000016e09      0x41f ./Core/Src/main.o
 .debug_macro   0x0000000000017228      0x19b ./Core/Src/main.o
 .debug_macro   0x00000000000173c3      0x201 ./Core/Src/main.o
 .debug_macro   0x00000000000175c4       0x22 ./Core/Src/main.o
 .debug_macro   0x00000000000175e6      0x1d4 ./Core/Src/motors.o
 .debug_macro   0x00000000000177ba      0x228 ./Core/Src/motors.o
 .debug_macro   0x00000000000179e2      0x206 ./Core/Src/movementControl.o
 .debug_macro   0x0000000000017be8      0x1e8 ./Core/Src/nodeControl.o
 .debug_macro   0x0000000000017dd0      0x283 ./Core/Src/sharp.o
 .debug_macro   0x0000000000018053      0x1d0 ./Core/Src/stm32f1xx_hal_msp.o
 .debug_macro   0x0000000000018223      0x1e2 ./Core/Src/stm32f1xx_it.o
 .debug_macro   0x0000000000018405      0x1c1 ./Core/Src/system_stm32f1xx.o
 .debug_macro   0x00000000000185c6      0x200 ./Core/Src/velocityControl.o
 .debug_macro   0x00000000000187c6      0x1e5 ./Drivers/STM32F1xx_HAL_Driver/Src/stm32f1xx_hal.o
 .debug_macro   0x00000000000189ab      0x1de ./Drivers/STM32F1xx_HAL_Driver/Src/stm32f1xx_hal_adc.o
 .debug_macro   0x0000000000018b89      0x1c1 ./Drivers/STM32F1xx_HAL_Driver/Src/stm32f1xx_hal_cortex.o
 .debug_macro   0x0000000000018d4a      0x1c1 ./Drivers/STM32F1xx_HAL_Driver/Src/stm32f1xx_hal_dma.o
 .debug_macro   0x0000000000018f0b      0x1c1 ./Drivers/STM32F1xx_HAL_Driver/Src/stm32f1xx_hal_flash.o
 .debug_macro   0x00000000000190cc      0x1d3 ./Drivers/STM32F1xx_HAL_Driver/Src/stm32f1xx_hal_flash_ex.o
 .debug_macro   0x000000000001929f      0x22c ./Drivers/STM32F1xx_HAL_Driver/Src/stm32f1xx_hal_gpio.o
 .debug_macro   0x00000000000194cb      0x208 ./Drivers/STM32F1xx_HAL_Driver/Src/stm32f1xx_hal_i2c.o
 .debug_macro   0x00000000000196d3      0x1d3 ./Drivers/STM32F1xx_HAL_Driver/Src/stm32f1xx_hal_rcc.o
 .debug_macro   0x00000000000198a6      0x1c1 ./Drivers/STM32F1xx_HAL_Driver/Src/stm32f1xx_hal_rcc_ex.o
 .debug_macro   0x0000000000019a67      0x1c2 ./Drivers/STM32F1xx_HAL_Driver/Src/stm32f1xx_hal_tim.o
 .debug_macro   0x0000000000019c29      0x1c1 ./Drivers/STM32F1xx_HAL_Driver/Src/stm32f1xx_hal_tim_ex.o
 .debug_macro   0x0000000000019dea      0x1c2 ./Drivers/STM32F1xx_HAL_Driver/Src/stm32f1xx_hal_uart.o

.debug_line     0x0000000000000000    0x16ccd
 .debug_line    0x0000000000000000      0xac8 ./Core/Src/FLASH_PAGE_F1.o
 .debug_line    0x0000000000000ac8     0x16ac ./Core/Src/main.o
 .debug_line    0x0000000000002174      0x793 ./Core/Src/motors.o
 .debug_line    0x0000000000002907      0xa0e ./Core/Src/movementControl.o
 .debug_line    0x0000000000003315      0x73e ./Core/Src/nodeControl.o
 .debug_line    0x0000000000003a53      0x8e7 ./Core/Src/sharp.o
 .debug_line    0x000000000000433a      0x897 ./Core/Src/stm32f1xx_hal_msp.o