../Core/Src/main.c:79:5:main	8	static
../Core/Src/main.c:140:6:SystemClock_Config	88	static
../Core/Src/main.c:187:13:MX_ADC1_Init	24	static
../Core/Src/main.c:261:13:MX_I2C2_Init	8	static
../Core/Src/main.c:295:13:MX_TIM1_Init	56	static
../Core/Src/main.c:345:13:MX_TIM3_Init	48	static
../Core/Src/main.c:394:13:MX_TIM4_Init	80	static
../Core/Src/main.c:459:13:MX_DMA_Init	16	static
../Core/Src/main.c:477:13:MX_GPIO_Init	40	static
../Core/Src/main.c:513:6:HAL_ADC_ConvCpltCallback	16	static
../Core/Src/main.c:522:6:Error_Handler	4	static,ignoring_inline_asm
