../Core/Src/main.c:113:5:main	8	static
../Core/Src/main.c:187:6:SystemClock_Config	88	static
../Core/Src/main.c:226:6:intUartSend	32	static
../Core/Src/main.c:246:6:mainMachine	8	static
../Core/Src/main.c:321:6:robotMachine	16	static
../Core/Src/main.c:434:6:runDirections	16	static
../Core/Src/main.c:452:6:addDirection	24	static
../Core/Src/main.c:480:5:ChooseNextNode	24	static
../Core/Src/main.c:576:6:EliminateNode	16	static
../Core/Src/main.c:582:5:SearchAvailableNode	24	static
../Core/Src/main.c:615:6:moveNode	16	static
../Core/Src/main.c:644:6:movementMachine	24	static
../Core/Src/main.c:734:6:CreateNode	24	static
../Core/Src/main.c:742:6:rotateAxis	24	static
../Core/Src/main.c:763:6:resetAxis	16	static
../Core/Src/main.c:769:6:PrintMap	16	static
../Core/Src/main.c:780:6:HAL_ADC_ConvCpltCallback	24	static
../Core/Src/main.c:794:10:MAP	24	static
../Core/Src/main.c:800:5:constrain	24	static
../Core/Src/main.c:809:6:moveStraight	16	static
../Core/Src/main.c:858:6:runForward	8	static
../Core/Src/main.c:868:6:Error_Handler	4	static,ignoring_inline_asm
