../Core/Src/main.c:82:5:main	8	static
../Core/Src/main.c:144:6:SystemClock_Config	88	static
../Core/Src/main.c:187:13:MX_ADC1_Init	24	static
../Core/Src/main.c:255:13:MX_I2C2_Init	8	static
../Core/Src/main.c:287:13:MX_TIM1_Init	56	static
../Core/Src/main.c:335:13:MX_TIM3_Init	48	static
../Core/Src/main.c:382:13:MX_TIM4_Init	80	static
../Core/Src/main.c:444:13:MX_DMA_Init	16	static
../Core/Src/main.c:461:13:MX_GPIO_Init	40	static
../Core/Src/main.c:497:6:HAL_ADC_ConvCpltCallback	16	static
../Core/Src/main.c:506:6:Error_Handler	4	static,ignoring_inline_asm
