../Core/Src/main.c:106:5:main	8	static
../Core/Src/main.c:180:6:SystemClock_Config	88	static
../Core/Src/main.c:219:6:intUartSend	32	static
../Core/Src/main.c:245:6:mainMachine	8	static
../Core/Src/main.c:309:6:robotMachine	16	static
../Core/Src/main.c:412:5:ChooseNextNode	24	static
../Core/Src/main.c:496:6:EliminateNode	16	static
../Core/Src/main.c:502:5:SearchAvailableNode	24	static
../Core/Src/main.c:535:6:moveNode	16	static
../Core/Src/main.c:564:6:movementMachine	24	static
../Core/Src/main.c:649:6:CreateNode	24	static
../Core/Src/main.c:657:6:rotateAxis	24	static
../Core/Src/main.c:678:6:resetAxis	16	static
../Core/Src/main.c:684:6:PrintMap	16	static
../Core/Src/main.c:695:6:HAL_ADC_ConvCpltCallback	24	static
../Core/Src/main.c:709:10:MAP	24	static
../Core/Src/main.c:715:5:constrain	24	static
../Core/Src/main.c:724:6:moveStraight	16	static
../Core/Src/main.c:759:6:runForward	8	static
../Core/Src/main.c:769:6:Error_Handler	4	static,ignoring_inline_asm
