../Core/Src/main.c:93:5:main	16	static
../Core/Src/main.c:183:6:SystemClock_Config	88	static
../Core/Src/main.c:223:6:robotMachine	16	static
../Core/Src/main.c:262:5:ChooseNextNode	24	static
../Core/Src/main.c:305:6:EliminateNode	16	static
../Core/Src/main.c:311:5:SearchAvailableNode	24	static
../Core/Src/main.c:346:6:moveNode	16	static
../Core/Src/main.c:376:6:CreateNode	16	static
../Core/Src/main.c:393:6:rotateAxis	24	static
../Core/Src/main.c:414:6:resetAxis	16	static
../Core/Src/main.c:420:6:PrintMap	16	static
../Core/Src/main.c:431:6:HAL_ADC_ConvCpltCallback	24	static
../Core/Src/main.c:444:6:runForward	8	static
../Core/Src/main.c:454:6:Error_Handler	4	static,ignoring_inline_asm
