../Core/Src/main.c:119:5:main	8	static
../Core/Src/main.c:193:6:SystemClock_Config	88	static
../Core/Src/main.c:232:6:intUartSend	32	static
../Core/Src/main.c:252:6:mainMachine	8	static
../Core/Src/main.c:338:6:robotMachine	16	static
../Core/Src/main.c:454:6:runDirections	16	static
../Core/Src/main.c:472:6:addDirection	24	static
../Core/Src/main.c:500:5:ChooseNextNode	24	static
../Core/Src/main.c:596:6:EliminateNode	16	static
../Core/Src/main.c:602:5:SearchAvailableNode	24	static
../Core/Src/main.c:635:6:moveNode	16	static
../Core/Src/main.c:664:6:movementMachine	24	static
../Core/Src/main.c:755:6:CreateNode	24	static
../Core/Src/main.c:763:6:rotateAxis	24	static
../Core/Src/main.c:784:6:resetAxis	16	static
../Core/Src/main.c:790:6:PrintMap	16	static
../Core/Src/main.c:801:6:HAL_ADC_ConvCpltCallback	24	static
../Core/Src/main.c:815:10:MAP	24	static
../Core/Src/main.c:821:5:constrain	24	static
../Core/Src/main.c:830:6:moveStraight	16	static
../Core/Src/main.c:879:6:runForward	8	static
../Core/Src/main.c:889:6:Error_Handler	4	static,ignoring_inline_asm
