../Core/Src/main.c:93:5:main	16	static
../Core/Src/main.c:187:6:SystemClock_Config	88	static
../Core/Src/main.c:231:6:robotMachine	16	static
../Core/Src/main.c:270:5:ChooseNextNode	24	static
../Core/Src/main.c:313:6:EliminateNode	16	static
../Core/Src/main.c:319:5:SearchAvailableNode	24	static
../Core/Src/main.c:354:6:moveNode	16	static
../Core/Src/main.c:384:6:CreateNode	16	static
../Core/Src/main.c:401:6:rotateAxis	24	static
../Core/Src/main.c:422:6:resetAxis	16	static
../Core/Src/main.c:428:6:PrintMap	16	static
../Core/Src/main.c:439:6:HAL_ADC_ConvCpltCallback	24	static
../Core/Src/main.c:452:6:runForward	8	static
../Core/Src/main.c:462:6:Error_Handler	4	static,ignoring_inline_asm
