../Core/Src/main.c:81:5:main	8	static
../Core/Src/main.c:142:6:SystemClock_Config	88	static
../Core/Src/main.c:185:13:MX_ADC1_Init	24	static
../Core/Src/main.c:253:13:MX_I2C2_Init	8	static
../Core/Src/main.c:285:13:MX_TIM1_Init	56	static
../Core/Src/main.c:333:13:MX_TIM3_Init	48	static
../Core/Src/main.c:380:13:MX_TIM4_Init	80	static
../Core/Src/main.c:442:13:MX_DMA_Init	16	static
../Core/Src/main.c:459:13:MX_GPIO_Init	40	static
../Core/Src/main.c:495:6:HAL_ADC_ConvCpltCallback	16	static
../Core/Src/main.c:504:6:Error_Handler	4	static,ignoring_inline_asm
