../Core/Src/main.c:106:5:main	8	static
../Core/Src/main.c:176:6:SystemClock_Config	88	static
../Core/Src/main.c:216:6:mainMachine	8	static
../Core/Src/main.c:282:6:robotMachine	16	static
../Core/Src/main.c:385:5:ChooseNextNode	24	static
../Core/Src/main.c:469:6:EliminateNode	16	static
../Core/Src/main.c:475:5:SearchAvailableNode	24	static
../Core/Src/main.c:508:6:moveNode	16	static
../Core/Src/main.c:537:6:movementMachine	24	static
../Core/Src/main.c:622:6:CreateNode	24	static
../Core/Src/main.c:630:6:rotateAxis	24	static
../Core/Src/main.c:651:6:resetAxis	16	static
../Core/Src/main.c:657:6:PrintMap	16	static
../Core/Src/main.c:668:6:HAL_ADC_ConvCpltCallback	24	static
../Core/Src/main.c:682:10:MAP	24	static
../Core/Src/main.c:688:5:constrain	24	static
../Core/Src/main.c:697:6:moveStraight	16	static
../Core/Src/main.c:732:6:runForward	8	static
../Core/Src/main.c:742:6:Error_Handler	4	static,ignoring_inline_asm
