../Core/Src/main.c:100:5:main	8	static
../Core/Src/main.c:171:6:SystemClock_Config	88	static
../Core/Src/main.c:211:6:mainMachine	8	static
../Core/Src/main.c:272:6:robotMachine	16	static
../Core/Src/main.c:310:5:ChooseNextNode	24	static
../Core/Src/main.c:351:6:EliminateNode	16	static
../Core/Src/main.c:357:5:SearchAvailableNode	24	static
../Core/Src/main.c:392:6:moveNode	16	static
../Core/Src/main.c:421:6:movementMachine	16	static
../Core/Src/main.c:513:6:CreateNode	24	static
../Core/Src/main.c:520:6:rotateAxis	24	static
../Core/Src/main.c:541:6:resetAxis	16	static
../Core/Src/main.c:547:6:PrintMap	16	static
../Core/Src/main.c:558:6:HAL_ADC_ConvCpltCallback	24	static
../Core/Src/main.c:571:6:runForward	8	static
../Core/Src/main.c:581:6:Error_Handler	4	static,ignoring_inline_asm
