../Core/Src/main.c:93:5:main	8	static
../Core/Src/main.c:171:6:SystemClock_Config	88	static
../Core/Src/main.c:213:6:robotMachine	16	static
../Core/Src/main.c:252:5:ChooseNextNode	24	static
../Core/Src/main.c:295:6:EliminateNode	16	static
../Core/Src/main.c:301:5:SearchAvailableNode	24	static
../Core/Src/main.c:336:6:moveNode	16	static
../Core/Src/main.c:366:6:CreateNode	16	static
../Core/Src/main.c:383:6:rotateAxis	24	static
../Core/Src/main.c:404:6:resetAxis	16	static
../Core/Src/main.c:410:6:PrintMap	16	static
../Core/Src/main.c:421:6:HAL_ADC_ConvCpltCallback	24	static
../Core/Src/main.c:434:6:runForward	8	static
../Core/Src/main.c:444:6:Error_Handler	4	static,ignoring_inline_asm
