../Core/Src/main.c:99:5:main	8	static
../Core/Src/main.c:169:6:SystemClock_Config	88	static
../Core/Src/main.c:209:6:mainMachine	8	static
../Core/Src/main.c:270:6:robotMachine	16	static
../Core/Src/main.c:361:5:ChooseNextNode	24	static
../Core/Src/main.c:446:6:EliminateNode	16	static
../Core/Src/main.c:452:5:SearchAvailableNode	24	static
../Core/Src/main.c:486:6:moveNode	16	static
../Core/Src/main.c:515:6:movementMachine	24	static
../Core/Src/main.c:599:6:CreateNode	24	static
../Core/Src/main.c:619:6:rotateAxis	24	static
../Core/Src/main.c:640:6:resetAxis	16	static
../Core/Src/main.c:646:6:PrintMap	16	static
../Core/Src/main.c:657:6:HAL_ADC_ConvCpltCallback	24	static
../Core/Src/main.c:671:6:runForward	8	static
../Core/Src/main.c:681:6:Error_Handler	4	static,ignoring_inline_asm
